
> frontend@0.1.0 build E:\Synapse\frontend
> next build

[baseline-browser-mapping] The data in this module is over two months old.  To ensure accurate Baseline data, please update: `npm i baseline-browser-mapping@latest -D`
 ⚠ Warning: Next.js inferred your workspace root, but it may not be correct.
 We detected multiple lockfiles and selected the directory of E:\Synapse\pnpm-lock.yaml as the root directory.
 To silence this warning, set `turbopack.root` in your Next.js config, or consider removing one of the lockfiles if it's not needed.
   See https://nextjs.org/docs/app/api-reference/config/next-config-js/turbopack#root-directory for more information.
 Detected additional lockfiles: 
   * E:\Synapse\frontend\pnpm-lock.yaml

   ▲ Next.js 16.0.5 (Turbopack)
   - Environments: .env.local

   Creating an optimized production build ...
[baseline-browser-mapping] The data in this module is over two months old.  To ensure accurate Baseline data, please update: `npm i baseline-browser-mapping@latest -D`
[baseline-browser-mapping] The data in this module is over two months old.  To ensure accurate Baseline data, please update: `npm i baseline-browser-mapping@latest -D`

> Build error occurred
Error: Turbopack build failed with 42 errors:
./frontend/src/features/appointments/components/toolbar/date-navigator.tsx:4:1
Export DateRangeNavigator doesn't exist in target module
[0m [90m 2 |[39m
 [90m 3 |[39m [36mimport[39m { c [36mas[39m _c } [36mfrom[39m [32m"react/compiler-runtime"[39m[33m;[39m
[31m[1m>[22m[39m[90m 4 |[39m [36mimport[39m { [33mDateRangeNavigator[39m } [36mfrom[39m [32m"@/shared/ui"[39m[33m;[39m
 [90m   |[39m [31m[1m^[22m[39m[31m[1m^[22m[39m[31m[1m^[22m[39m[31m[1m^[22m[39m[31m[1m^[22m[39m[31m[1m^[22m[39m[31m[1m^[22m[39m[31m[1m^[22m[39m[31m[1m^[22m[39m[31m[1m^[22m[39m[31m[1m^[22m[39m[31m[1m^[22m[39m[31m[1m^[22m[39m[31m[1m^[22m[39m[31m[1m^[22m[39m[31m[1m^[22m[39m[31m[1m^[22m[39m[31m[1m^[22m[39m[31m[1m^[22m[39m[31m[1m^[22m[39m[31m[1m^[22m[39m[31m[1m^[22m[39m[31m[1m^[22m[39m[31m[1m^[22m[39m[31m[1m^[22m[39m[31m[1m^[22m[39m[31m[1m^[22m[39m[31m[1m^[22m[39m[31m[1m^[22m[39m[31m[1m^[22m[39m[31m[1m^[22m[39m[31m[1m^[22m[39m[31m[1m^[22m[39m[31m[1m^[22m[39m[31m[1m^[22m[39m[31m[1m^[22m[39m[31m[1m^[22m[39m[31m[1m^[22m[39m[31m[1m^[22m[39m[31m[1m^[22m[39m[31m[1m^[22m[39m[31m[1m^[22m[39m[31m[1m^[22m[39m[31m[1m^[22m[39m[31m[1m^[22m[39m[31m[1m^[22m[39m[31m[1m^[22m[39m[31m[1m^[22m[39m[31m[1m^[22m[39m
 [90m 5 |[39m [36minterface[39m [33mDateNavigatorProps[39m {
 [90m 6 |[39m   date[33m:[39m [33mDate[39m[33m;[39m
 [90m 7 |[39m   formattedDateRange[33m?[39m[33m:[39m string[33m;[39m[0m

The export DateRangeNavigator was not found in module [project]/frontend/src/shared/ui/index.ts [app-client] (ecmascript).
Did you mean to import DatePicker?
All exports of the module are statically known (It doesn't have dynamic exports). So it's known statically that the requested export doesn't exist.

Import traces:
  Client Component Browser:
    ./frontend/src/features/appointments/components/toolbar/date-navigator.tsx [Client Component Browser]
    ./frontend/src/features/appointments/components/appointments-page.tsx [Client Component Browser]
    ./frontend/src/features/appointments/components/appointments-page.tsx [Server Component]
    ./frontend/src/app/(dashboard)/appointments/page.tsx [Server Component]

  Client Component SSR:
    ./frontend/src/features/appointments/components/toolbar/date-navigator.tsx [Client Component SSR]
    ./frontend/src/features/appointments/components/appointments-page.tsx [Client Component SSR]
    ./frontend/src/features/appointments/components/appointments-page.tsx [Server Component]
    ./frontend/src/app/(dashboard)/appointments/page.tsx [Server Component]


./frontend/src/features/appointments/components/toolbar/date-navigator.tsx:3:1
Export DateRangeNavigator doesn't exist in target module
[0m [90m 1 |[39m [32m"use client"[39m[33m;[39m
 [90m 2 |[39m
[31m[1m>[22m[39m[90m 3 |[39m [36mimport[39m { [33mDateRangeNavigator[39m } [36mfrom[39m [32m"@/shared/ui"[39m[33m;[39m
 [90m   |[39m [31m[1m^[22m[39m[31m[1m^[22m[39m[31m[1m^[22m[39m[31m[1m^[22m[39m[31m[1m^[22m[39m[31m[1m^[22m[39m[31m[1m^[22m[39m[31m[1m^[22m[39m[31m[1m^[22m[39m[31m[1m^[22m[39m[31m[1m^[22m[39m[31m[1m^[22m[39m[31m[1m^[22m[39m[31m[1m^[22m[39m[31m[1m^[22m[39m[31m[1m^[22m[39m[31m[1m^[22m[39m[31m[1m^[22m[39m[31m[1m^[22m[39m[31m[1m^[22m[39m[31m[1m^[22m[39m[31m[1m^[22m[39m[31m[1m^[22m[39m[31m[1m^[22m[39m[31m[1m^[22m[39m[31m[1m^[22m[39m[31m[1m^[22m[39m[31m[1m^[22m[39m[31m[1m^[22m[39m[31m[1m^[22m[39m[31m[1m^[22m[39m[31m[1m^[22m[39m[31m[1m^[22m[39m[31m[1m^[22m[39m[31m[1m^[22m[39m[31m[1m^[22m[39m[31m[1m^[22m[39m[31m[1m^[22m[39m[31m[1m^[22m[39m[31m[1m^[22m[39m[31m[1m^[22m[39m[31m[1m^[22m[39m[31m[1m^[22m[39m[31m[1m^[22m[39m[31m[1m^[22m[39m[31m[1m^[22m[39m[31m[1m^[22m[39m[31m[1m^[22m[39m[31m[1m^[22m[39m
 [90m 4 |[39m
 [90m 5 |[39m [36minterface[39m [33mDateNavigatorProps[39m {
 [90m 6 |[39m   date[33m:[39m [33mDate[39m[33m;[39m[0m

The export DateRangeNavigator was not found in module [project]/frontend/src/shared/ui/index.ts [app-ssr] (ecmascript).
Did you mean to import DatePicker?
All exports of the module are statically known (It doesn't have dynamic exports). So it's known statically that the requested export doesn't exist.

Import traces:
  Client Component Browser:
    ./frontend/src/features/appointments/components/toolbar/date-navigator.tsx [Client Component Browser]
    ./frontend/src/features/appointments/components/appointments-page.tsx [Client Component Browser]
    ./frontend/src/features/appointments/components/appointments-page.tsx [Server Component]
    ./frontend/src/app/(dashboard)/appointments/page.tsx [Server Component]

  Client Component SSR:
    ./frontend/src/features/appointments/components/toolbar/date-navigator.tsx [Client Component SSR]
    ./frontend/src/features/appointments/components/appointments-page.tsx [Client Component SSR]
    ./frontend/src/features/appointments/components/appointments-page.tsx [Server Component]
    ./frontend/src/app/(dashboard)/appointments/page.tsx [Server Component]


./frontend/src/features/resources/components/maintenance-timeline.tsx:10:1
Export DateRangeNavigator doesn't exist in target module
[0m [90m  8 |[39m [36mimport[39m { vi } [36mfrom[39m [32m"date-fns/locale"[39m[33m;[39m
 [90m  9 |[39m [36mimport[39m { [33mBed[39m[33m,[39m [33mBox[39m } [36mfrom[39m [32m"lucide-react"[39m[33m;[39m
[31m[1m>[22m[39m[90m 10 |[39m [36mimport[39m { [33mDateRangeNavigator[39m } [36mfrom[39m [32m"@/shared/ui"[39m[33m;[39m
 [90m    |[39m [31m[1m^[22m[39m[31m[1m^[22m[39m[31m[1m^[22m[39m[31m[1m^[22m[39m[31m[1m^[22m[39m[31m[1m^[22m[39m[31m[1m^[22m[39m[31m[1m^[22m[39m[31m[1m^[22m[39m[31m[1m^[22m[39m[31m[1m^[22m[39m[31m[1m^[22m[39m[31m[1m^[22m[39m[31m[1m^[22m[39m[31m[1m^[22m[39m[31m[1m^[22m[39m[31m[1m^[22m[39m[31m[1m^[22m[39m[31m[1m^[22m[39m[31m[1m^[22m[39m[31m[1m^[22m[39m[31m[1m^[22m[39m[31m[1m^[22m[39m[31m[1m^[22m[39m[31m[1m^[22m[39m[31m[1m^[22m[39m[31m[1m^[22m[39m[31m[1m^[22m[39m[31m[1m^[22m[39m[31m[1m^[22m[39m[31m[1m^[22m[39m[31m[1m^[22m[39m[31m[1m^[22m[39m[31m[1m^[22m[39m[31m[1m^[22m[39m[31m[1m^[22m[39m[31m[1m^[22m[39m[31m[1m^[22m[39m[31m[1m^[22m[39m[31m[1m^[22m[39m[31m[1m^[22m[39m[31m[1m^[22m[39m[31m[1m^[22m[39m[31m[1m^[22m[39m[31m[1m^[22m[39m[31m[1m^[22m[39m[31m[1m^[22m[39m[31m[1m^[22m[39m[31m[1m^[22m[39m
 [90m 11 |[39m [36mimport[39m [33mImage[39m [36mfrom[39m [32m"next/image"[39m[33m;[39m
 [90m 12 |[39m [36mimport[39m [33m*[39m [36mas[39m [33mReact[39m [36mfrom[39m [32m"react"[39m[33m;[39m
 [90m 13 |[39m [36mimport[39m { [33mMaintenanceTask[39m[33m,[39m [33mResource[39m } [36mfrom[39m [32m"../model/types"[39m[33m;[39m[0m

The export DateRangeNavigator was not found in module [project]/frontend/src/shared/ui/index.ts [app-client] (ecmascript).
Did you mean to import DatePicker?
All exports of the module are statically known (It doesn't have dynamic exports). So it's known statically that the requested export doesn't exist.

Import traces:
  Client Component Browser:
    ./frontend/src/features/resources/components/maintenance-timeline.tsx [Client Component Browser]
    ./frontend/src/features/resources/components/resource-page.tsx [Client Component Browser]
    ./frontend/src/features/resources/components/resource-page.tsx [Server Component]
    ./frontend/src/app/admin/resources/page.tsx [Server Component]

  Client Component SSR:
    ./frontend/src/features/resources/components/maintenance-timeline.tsx [Client Component SSR]
    ./frontend/src/features/resources/components/resource-page.tsx [Client Component SSR]
    ./frontend/src/features/resources/components/resource-page.tsx [Server Component]
    ./frontend/src/app/admin/resources/page.tsx [Server Component]


./frontend/src/features/resources/components/maintenance-timeline.tsx:14:1
Export DateRangeNavigator doesn't exist in target module
[0m [90m 12 |[39m [36mimport[39m { vi } [36mfrom[39m [32m"date-fns/locale"[39m[33m;[39m
 [90m 13 |[39m [36mimport[39m { [33mBed[39m[33m,[39m [33mBox[39m } [36mfrom[39m [32m"lucide-react"[39m[33m;[39m
[31m[1m>[22m[39m[90m 14 |[39m [36mimport[39m { [33mDateRangeNavigator[39m } [36mfrom[39m [32m"@/shared/ui"[39m[33m;[39m
 [90m    |[39m [31m[1m^[22m[39m[31m[1m^[22m[39m[31m[1m^[22m[39m[31m[1m^[22m[39m[31m[1m^[22m[39m[31m[1m^[22m[39m[31m[1m^[22m[39m[31m[1m^[22m[39m[31m[1m^[22m[39m[31m[1m^[22m[39m[31m[1m^[22m[39m[31m[1m^[22m[39m[31m[1m^[22m[39m[31m[1m^[22m[39m[31m[1m^[22m[39m[31m[1m^[22m[39m[31m[1m^[22m[39m[31m[1m^[22m[39m[31m[1m^[22m[39m[31m[1m^[22m[39m[31m[1m^[22m[39m[31m[1m^[22m[39m[31m[1m^[22m[39m[31m[1m^[22m[39m[31m[1m^[22m[39m[31m[1m^[22m[39m[31m[1m^[22m[39m[31m[1m^[22m[39m[31m[1m^[22m[39m[31m[1m^[22m[39m[31m[1m^[22m[39m[31m[1m^[22m[39m[31m[1m^[22m[39m[31m[1m^[22m[39m[31m[1m^[22m[39m[31m[1m^[22m[39m[31m[1m^[22m[39m[31m[1m^[22m[39m[31m[1m^[22m[39m[31m[1m^[22m[39m[31m[1m^[22m[39m[31m[1m^[22m[39m[31m[1m^[22m[39m[31m[1m^[22m[39m[31m[1m^[22m[39m[31m[1m^[22m[39m[31m[1m^[22m[39m[31m[1m^[22m[39m[31m[1m^[22m[39m
 [90m 15 |[39m [36mimport[39m [33mImage[39m [36mfrom[39m [32m"next/image"[39m[33m;[39m
 [90m 16 |[39m [36mimport[39m [33m*[39m [36mas[39m [33mReact[39m [36mfrom[39m [32m"react"[39m[33m;[39m
 [90m 17 |[39m [36mimport[39m { [33mMaintenanceTask[39m[33m,[39m [33mResource[39m } [36mfrom[39m [32m"../model/types"[39m[33m;[39m[0m

The export DateRangeNavigator was not found in module [project]/frontend/src/shared/ui/index.ts [app-ssr] (ecmascript).
Did you mean to import DatePicker?
All exports of the module are statically known (It doesn't have dynamic exports). So it's known statically that the requested export doesn't exist.

Import traces:
  Client Component Browser:
    ./frontend/src/features/resources/components/maintenance-timeline.tsx [Client Component Browser]
    ./frontend/src/features/resources/components/resource-page.tsx [Client Component Browser]
    ./frontend/src/features/resources/components/resource-page.tsx [Server Component]
    ./frontend/src/app/admin/resources/page.tsx [Server Component]

  Client Component SSR:
    ./frontend/src/features/resources/components/maintenance-timeline.tsx [Client Component SSR]
    ./frontend/src/features/resources/components/resource-page.tsx [Client Component SSR]
    ./frontend/src/features/resources/components/resource-page.tsx [Server Component]
    ./frontend/src/app/admin/resources/page.tsx [Server Component]


./frontend/src/features/staff/components/scheduling/toolbar/date-navigator.tsx:4:1
Export DateRangeNavigator doesn't exist in target module
[0m [90m 2 |[39m
 [90m 3 |[39m [36mimport[39m { c [36mas[39m _c } [36mfrom[39m [32m"react/compiler-runtime"[39m[33m;[39m
[31m[1m>[22m[39m[90m 4 |[39m [36mimport[39m { [33mDateRangeNavigator[39m } [36mfrom[39m [32m"@/shared/ui"[39m[33m;[39m
 [90m   |[39m [31m[1m^[22m[39m[31m[1m^[22m[39m[31m[1m^[22m[39m[31m[1m^[22m[39m[31m[1m^[22m[39m[31m[1m^[22m[39m[31m[1m^[22m[39m[31m[1m^[22m[39m[31m[1m^[22m[39m[31m[1m^[22m[39m[31m[1m^[22m[39m[31m[1m^[22m[39m[31m[1m^[22m[39m[31m[1m^[22m[39m[31m[1m^[22m[39m[31m[1m^[22m[39m[31m[1m^[22m[39m[31m[1m^[22m[39m[31m[1m^[22m[39m[31m[1m^[22m[39m[31m[1m^[22m[39m[31m[1m^[22m[39m[31m[1m^[22m[39m[31m[1m^[22m[39m[31m[1m^[22m[39m[31m[1m^[22m[39m[31m[1m^[22m[39m[31m[1m^[22m[39m[31m[1m^[22m[39m[31m[1m^[22m[39m[31m[1m^[22m[39m[31m[1m^[22m[39m[31m[1m^[22m[39m[31m[1m^[22m[39m[31m[1m^[22m[39m[31m[1m^[22m[39m[31m[1m^[22m[39m[31m[1m^[22m[39m[31m[1m^[22m[39m[31m[1m^[22m[39m[31m[1m^[22m[39m[31m[1m^[22m[39m[31m[1m^[22m[39m[31m[1m^[22m[39m[31m[1m^[22m[39m[31m[1m^[22m[39m[31m[1m^[22m[39m[31m[1m^[22m[39m[31m[1m^[22m[39m
 [90m 5 |[39m [36minterface[39m [33mDateNavigatorProps[39m {
 [90m 6 |[39m   date[33m:[39m [33mDate[39m[33m;[39m
 [90m 7 |[39m   formattedDateRange[33m?[39m[33m:[39m string[33m;[39m[0m

The export DateRangeNavigator was not found in module [project]/frontend/src/shared/ui/index.ts [app-client] (ecmascript).
Did you mean to import DatePicker?
All exports of the module are statically known (It doesn't have dynamic exports). So it's known statically that the requested export doesn't exist.

Import traces:
  Client Component Browser:
    ./frontend/src/features/staff/components/scheduling/toolbar/date-navigator.tsx [Client Component Browser]
    ./frontend/src/features/staff/components/scheduling/staff-scheduling-page.tsx [Client Component Browser]
    ./frontend/src/features/staff/components/staff-page.tsx [Client Component Browser]
    ./frontend/src/features/staff/components/staff-page.tsx [Server Component]
    ./frontend/src/app/admin/staff/page.tsx [Server Component]

  Client Component SSR:
    ./frontend/src/features/staff/components/scheduling/toolbar/date-navigator.tsx [Client Component SSR]
    ./frontend/src/features/staff/components/scheduling/staff-scheduling-page.tsx [Client Component SSR]
    ./frontend/src/features/staff/components/staff-page.tsx [Client Component SSR]
    ./frontend/src/features/staff/components/staff-page.tsx [Server Component]
    ./frontend/src/app/admin/staff/page.tsx [Server Component]


./frontend/src/features/staff/components/scheduling/toolbar/date-navigator.tsx:3:1
Export DateRangeNavigator doesn't exist in target module
[0m [90m 1 |[39m [32m"use client"[39m[33m;[39m
 [90m 2 |[39m
[31m[1m>[22m[39m[90m 3 |[39m [36mimport[39m { [33mDateRangeNavigator[39m } [36mfrom[39m [32m"@/shared/ui"[39m[33m;[39m
 [90m   |[39m [31m[1m^[22m[39m[31m[1m^[22m[39m[31m[1m^[22m[39m[31m[1m^[22m[39m[31m[1m^[22m[39m[31m[1m^[22m[39m[31m[1m^[22m[39m[31m[1m^[22m[39m[31m[1m^[22m[39m[31m[1m^[22m[39m[31m[1m^[22m[39m[31m[1m^[22m[39m[31m[1m^[22m[39m[31m[1m^[22m[39m[31m[1m^[22m[39m[31m[1m^[22m[39m[31m[1m^[22m[39m[31m[1m^[22m[39m[31m[1m^[22m[39m[31m[1m^[22m[39m[31m[1m^[22m[39m[31m[1m^[22m[39m[31m[1m^[22m[39m[31m[1m^[22m[39m[31m[1m^[22m[39m[31m[1m^[22m[39m[31m[1m^[22m[39m[31m[1m^[22m[39m[31m[1m^[22m[39m[31m[1m^[22m[39m[31m[1m^[22m[39m[31m[1m^[22m[39m[31m[1m^[22m[39m[31m[1m^[22m[39m[31m[1m^[22m[39m[31m[1m^[22m[39m[31m[1m^[22m[39m[31m[1m^[22m[39m[31m[1m^[22m[39m[31m[1m^[22m[39m[31m[1m^[22m[39m[31m[1m^[22m[39m[31m[1m^[22m[39m[31m[1m^[22m[39m[31m[1m^[22m[39m[31m[1m^[22m[39m[31m[1m^[22m[39m[31m[1m^[22m[39m[31m[1m^[22m[39m
 [90m 4 |[39m
 [90m 5 |[39m [36minterface[39m [33mDateNavigatorProps[39m {
 [90m 6 |[39m   date[33m:[39m [33mDate[39m[33m;[39m[0m

The export DateRangeNavigator was not found in module [project]/frontend/src/shared/ui/index.ts [app-ssr] (ecmascript).
Did you mean to import DatePicker?
All exports of the module are statically known (It doesn't have dynamic exports). So it's known statically that the requested export doesn't exist.

Import traces:
  Client Component Browser:
    ./frontend/src/features/staff/components/scheduling/toolbar/date-navigator.tsx [Client Component Browser]
    ./frontend/src/features/staff/components/scheduling/staff-scheduling-page.tsx [Client Component Browser]
    ./frontend/src/features/staff/components/staff-page.tsx [Client Component Browser]
    ./frontend/src/features/staff/components/staff-page.tsx [Server Component]
    ./frontend/src/app/admin/staff/page.tsx [Server Component]

  Client Component SSR:
    ./frontend/src/features/staff/components/scheduling/toolbar/date-navigator.tsx [Client Component SSR]
    ./frontend/src/features/staff/components/scheduling/staff-scheduling-page.tsx [Client Component SSR]
    ./frontend/src/features/staff/components/staff-page.tsx [Client Component SSR]
    ./frontend/src/features/staff/components/staff-page.tsx [Server Component]
    ./frontend/src/app/admin/staff/page.tsx [Server Component]


./frontend/src/features/appointments/components/appointments-page.tsx:8:1
Export DeleteConfirmDialog doesn't exist in target module
[0m [90m  6 |[39m [36mimport[39m { [33mActionResponse[39m } [36mfrom[39m [32m"@/shared/lib/action-response"[39m[33m;[39m
 [90m  7 |[39m [36mimport[39m { cn } [36mfrom[39m [32m"@/shared/lib/utils"[39m[33m;[39m
[31m[1m>[22m[39m[90m  8 |[39m [36mimport[39m { [33mButton[39m[33m,[39m [33mDeleteConfirmDialog[39m[33m,[39m [33mTooltip[39m[33m,[39m [33mTooltipContent[39m[33m,[39m [33mTooltipTrigger[39m } [36mfrom[39m [32m"@/shared/ui"[39m[33m;[39m
 [90m    |[39m [31m[1m^[22m[39m[31m[1m^[22m[39m[31m[1m^[22m[39m[31m[1m^[22m[39m[31m[1m^[22m[39m[31m[1m^[22m[39m[31m[1m^[22m[39m[31m[1m^[22m[39m[31m[1m^[22m[39m[31m[1m^[22m[39m[31m[1m^[22m[39m[31m[1m^[22m[39m[31m[1m^[22m[39m[31m[1m^[22m[39m[31m[1m^[22m[39m[31m[1m^[22m[39m[31m[1m^[22m[39m[31m[1m^[22m[39m[31m[1m^[22m[39m[31m[1m^[22m[39m[31m[1m^[22m[39m[31m[1m^[22m[39m[31m[1m^[22m[39m[31m[1m^[22m[39m[31m[1m^[22m[39m[31m[1m^[22m[39m[31m[1m^[22m[39m[31m[1m^[22m[39m[31m[1m^[22m[39m[31m[1m^[22m[39m[31m[1m^[22m[39m[31m[1m^[22m[39m[31m[1m^[22m[39m[31m[1m^[22m[39m[31m[1m^[22m[39m[31m[1m^[22m[39m[31m[1m^[22m[39m[31m[1m^[22m[39m[31m[1m^[22m[39m[31m[1m^[22m[39m[31m[1m^[22m[39m[31m[1m^[22m[39m[31m[1m^[22m[39m[31m[1m^[22m[39m[31m[1m^[22m[39m[31m[1m^[22m[39m[31m[1m^[22m[39m[31m[1m^[22m[39m[31m[1m^[22m[39m[31m[1m^[22m[39m[31m[1m^[22m[39m[31m[1m^[22m[39m[31m[1m^[22m[39m[31m[1m^[22m[39m[31m[1m^[22m[39m[31m[1m^[22m[39m[31m[1m^[22m[39m[31m[1m^[22m[39m[31m[1m^[22m[39m[31m[1m^[22m[39m[31m[1m^[22m[39m[31m[1m^[22m[39m[31m[1m^[22m[39m[31m[1m^[22m[39m[31m[1m^[22m[39m[31m[1m^[22m[39m[31m[1m^[22m[39m[31m[1m^[22m[39m[31m[1m^[22m[39m[31m[1m^[22m[39m[31m[1m^[22m[39m[31m[1m^[22m[39m[31m[1m^[22m[39m[31m[1m^[22m[39m[31m[1m^[22m[39m[31m[1m^[22m[39m[31m[1m^[22m[39m[31m[1m^[22m[39m[31m[1m^[22m[39m[31m[1m^[22m[39m[31m[1m^[22m[39m[31m[1m^[22m[39m[31m[1m^[22m[39m[31m[1m^[22m[39m[31m[1m^[22m[39m[31m[1m^[22m[39m[31m[1m^[22m[39m[31m[1m^[22m[39m[31m[1m^[22m[39m[31m[1m^[22m[39m[31m[1m^[22m[39m[31m[1m^[22m[39m[31m[1m^[22m[39m[31m[1m^[22m[39m[31m[1m^[22m[39m[31m[1m^[22m[39m[31m[1m^[22m[39m[31m[1m^[22m[39m[31m[1m^[22m[39m
 [90m  9 |[39m [36mimport[39m { [33mIcon[39m } [36mfrom[39m [32m"@/shared/components/icon"[39m[33m;[39m
 [90m 10 |[39m [36mimport[39m { [33mGroup[39m[33m,[39m [33mStack[39m } [36mfrom[39m [32m"@/shared/ui/layout"[39m[33m;[39m
 [90m 11 |[39m [36mimport[39m { [33mActivity[39m[33m,[39m [33mCalendarCheck[39m[33m,[39m [33mClock[39m[33m,[39m [33mPlus[39m[33m,[39m [33mRefreshCw[39m[33m,[39m [33mSettings2[39m } [36mfrom[39m [32m"lucide-react"[39m[33m;[39m[0m

The export DeleteConfirmDialog was not found in module [project]/frontend/src/shared/ui/index.ts [app-client] (ecmascript).
Did you mean to import AlertDialog?
All exports of the module are statically known (It doesn't have dynamic exports). So it's known statically that the requested export doesn't exist.

Import trace:
  Server Component:
    ./frontend/src/features/appointments/components/appointments-page.tsx
    ./frontend/src/app/(dashboard)/appointments/page.tsx


./frontend/src/features/appointments/components/appointments-page.tsx:12:1
Export DeleteConfirmDialog doesn't exist in target module
[0m [90m 10 |[39m [36mimport[39m { [33mActionResponse[39m } [36mfrom[39m [32m"@/shared/lib/action-response"[39m[33m;[39m
 [90m 11 |[39m [36mimport[39m { cn } [36mfrom[39m [32m"@/shared/lib/utils"[39m[33m;[39m
[31m[1m>[22m[39m[90m 12 |[39m [36mimport[39m {
 [90m    |[39m [31m[1m^[22m[39m[31m[1m^[22m[39m[31m[1m^[22m[39m[31m[1m^[22m[39m[31m[1m^[22m[39m[31m[1m^[22m[39m[31m[1m^[22m[39m[31m[1m^[22m[39m
[31m[1m>[22m[39m[90m 13 |[39m   [33mButton[39m[33m,[39m
 [90m    |[39m [31m[1m^[22m[39m[31m[1m^[22m[39m[31m[1m^[22m[39m[31m[1m^[22m[39m[31m[1m^[22m[39m[31m[1m^[22m[39m[31m[1m^[22m[39m[31m[1m^[22m[39m[31m[1m^[22m[39m
[31m[1m>[22m[39m[90m 14 |[39m   [33mDeleteConfirmDialog[39m[33m,[39m
 [90m    |[39m [31m[1m^[22m[39m[31m[1m^[22m[39m[31m[1m^[22m[39m[31m[1m^[22m[39m[31m[1m^[22m[39m[31m[1m^[22m[39m[31m[1m^[22m[39m[31m[1m^[22m[39m[31m[1m^[22m[39m
[31m[1m>[22m[39m[90m 15 |[39m   [33mTooltip[39m[33m,[39m
 [90m    |[39m [31m[1m^[22m[39m[31m[1m^[22m[39m[31m[1m^[22m[39m[31m[1m^[22m[39m[31m[1m^[22m[39m[31m[1m^[22m[39m[31m[1m^[22m[39m[31m[1m^[22m[39m[31m[1m^[22m[39m
[31m[1m>[22m[39m[90m 16 |[39m   [33mTooltipContent[39m[33m,[39m
 [90m    |[39m [31m[1m^[22m[39m[31m[1m^[22m[39m[31m[1m^[22m[39m[31m[1m^[22m[39m[31m[1m^[22m[39m[31m[1m^[22m[39m[31m[1m^[22m[39m[31m[1m^[22m[39m[31m[1m^[22m[39m
[31m[1m>[22m[39m[90m 17 |[39m   [33mTooltipTrigger[39m
 [90m    |[39m [31m[1m^[22m[39m[31m[1m^[22m[39m[31m[1m^[22m[39m[31m[1m^[22m[39m[31m[1m^[22m[39m[31m[1m^[22m[39m[31m[1m^[22m[39m[31m[1m^[22m[39m[31m[1m^[22m[39m
[31m[1m>[22m[39m[90m 18 |[39m } [36mfrom[39m [32m"@/shared/ui"[39m[33m;[39m
 [90m    |[39m [31m[1m^[22m[39m[31m[1m^[22m[39m[31m[1m^[22m[39m[31m[1m^[22m[39m[31m[1m^[22m[39m[31m[1m^[22m[39m[31m[1m^[22m[39m[31m[1m^[22m[39m[31m[1m^[22m[39m[31m[1m^[22m[39m[31m[1m^[22m[39m[31m[1m^[22m[39m[31m[1m^[22m[39m[31m[1m^[22m[39m[31m[1m^[22m[39m[31m[1m^[22m[39m[31m[1m^[22m[39m[31m[1m^[22m[39m[31m[1m^[22m[39m[31m[1m^[22m[39m[31m[1m^[22m[39m[31m[1m^[22m[39m
 [90m 19 |[39m [36mimport[39m { [33mIcon[39m } [36mfrom[39m [32m"@/shared/components/icon"[39m[33m;[39m
 [90m 20 |[39m [36mimport[39m { [33mGroup[39m[33m,[39m [33mStack[39m } [36mfrom[39m [32m"@/shared/ui/layout"[39m[33m;[39m
 [90m 21 |[39m [36mimport[39m {[0m

The export DeleteConfirmDialog was not found in module [project]/frontend/src/shared/ui/index.ts [app-ssr] (ecmascript).
Did you mean to import AlertDialog?
All exports of the module are statically known (It doesn't have dynamic exports). So it's known statically that the requested export doesn't exist.

Import trace:
  Server Component:
    ./frontend/src/features/appointments/components/appointments-page.tsx
    ./frontend/src/app/(dashboard)/appointments/page.tsx


./frontend/src/features/customers/components/customer-actions.tsx:7:1
Export DeleteConfirmDialog doesn't exist in target module
[0m [90m  5 |[39m [36mimport[39m { [33mCustomer[39m } [36mfrom[39m [32m"@/features/customers/model/types"[39m[33m;[39m
 [90m  6 |[39m [36mimport[39m { useDeleteAction } [36mfrom[39m [32m"@/shared/hooks"[39m[33m;[39m
[31m[1m>[22m[39m[90m  7 |[39m [36mimport[39m { [33mDeleteConfirmDialog[39m[33m,[39m [33mTableRowActions[39m } [36mfrom[39m [32m"@/shared/ui"[39m[33m;[39m
 [90m    |[39m [31m[1m^[22m[39m[31m[1m^[22m[39m[31m[1m^[22m[39m[31m[1m^[22m[39m[31m[1m^[22m[39m[31m[1m^[22m[39m[31m[1m^[22m[39m[31m[1m^[22m[39m[31m[1m^[22m[39m[31m[1m^[22m[39m[31m[1m^[22m[39m[31m[1m^[22m[39m[31m[1m^[22m[39m[31m[1m^[22m[39m[31m[1m^[22m[39m[31m[1m^[22m[39m[31m[1m^[22m[39m[31m[1m^[22m[39m[31m[1m^[22m[39m[31m[1m^[22m[39m[31m[1m^[22m[39m[31m[1m^[22m[39m[31m[1m^[22m[39m[31m[1m^[22m[39m[31m[1m^[22m[39m[31m[1m^[22m[39m[31m[1m^[22m[39m[31m[1m^[22m[39m[31m[1m^[22m[39m[31m[1m^[22m[39m[31m[1m^[22m[39m[31m[1m^[22m[39m[31m[1m^[22m[39m[31m[1m^[22m[39m[31m[1m^[22m[39m[31m[1m^[22m[39m[31m[1m^[22m[39m[31m[1m^[22m[39m[31m[1m^[22m[39m[31m[1m^[22m[39m[31m[1m^[22m[39m[31m[1m^[22m[39m[31m[1m^[22m[39m[31m[1m^[22m[39m[31m[1m^[22m[39m[31m[1m^[22m[39m[31m[1m^[22m[39m[31m[1m^[22m[39m[31m[1m^[22m[39m[31m[1m^[22m[39m[31m[1m^[22m[39m[31m[1m^[22m[39m[31m[1m^[22m[39m[31m[1m^[22m[39m[31m[1m^[22m[39m[31m[1m^[22m[39m[31m[1m^[22m[39m[31m[1m^[22m[39m[31m[1m^[22m[39m[31m[1m^[22m[39m[31m[1m^[22m[39m[31m[1m^[22m[39m[31m[1m^[22m[39m[31m[1m^[22m[39m[31m[1m^[22m[39m[31m[1m^[22m[39m[31m[1m^[22m[39m
 [90m  8 |[39m [36minterface[39m [33mCustomerActionsProps[39m {
 [90m  9 |[39m   customer[33m:[39m [33mCustomer[39m[33m;[39m
 [90m 10 |[39m   onEdit[33m:[39m () [33m=>[39m [36mvoid[39m[33m;[39m[0m

The export DeleteConfirmDialog was not found in module [project]/frontend/src/shared/ui/index.ts [app-client] (ecmascript).
Did you mean to import AlertDialog?
All exports of the module are statically known (It doesn't have dynamic exports). So it's known statically that the requested export doesn't exist.

Import traces:
  Client Component Browser:
    ./frontend/src/features/customers/components/customer-actions.tsx [Client Component Browser]
    ./frontend/src/features/customers/components/customer-list/customer-table.tsx [Client Component Browser]
    ./frontend/src/features/customers/components/customer-list/customer-table.tsx [Server Component]
    ./frontend/src/features/customers/index.ts [Server Component]
    ./frontend/src/app/admin/customers/page.tsx [Server Component]

  Client Component SSR:
    ./frontend/src/features/customers/components/customer-actions.tsx [Client Component SSR]
    ./frontend/src/features/customers/components/customer-list/customer-table.tsx [Client Component SSR]
    ./frontend/src/features/customers/components/customer-list/customer-table.tsx [Server Component]
    ./frontend/src/features/customers/index.ts [Server Component]
    ./frontend/src/app/admin/customers/page.tsx [Server Component]


./frontend/src/features/customers/components/customer-actions.tsx:6:1
Export DeleteConfirmDialog doesn't exist in target module
[0m [90m 4 |[39m [36mimport[39m { [33mCustomer[39m } [36mfrom[39m [32m"@/features/customers/model/types"[39m[33m;[39m
 [90m 5 |[39m [36mimport[39m { useDeleteAction } [36mfrom[39m [32m"@/shared/hooks"[39m[33m;[39m
[31m[1m>[22m[39m[90m 6 |[39m [36mimport[39m { [33mDeleteConfirmDialog[39m[33m,[39m [33mTableRowActions[39m } [36mfrom[39m [32m"@/shared/ui"[39m[33m;[39m
 [90m   |[39m [31m[1m^[22m[39m[31m[1m^[22m[39m[31m[1m^[22m[39m[31m[1m^[22m[39m[31m[1m^[22m[39m[31m[1m^[22m[39m[31m[1m^[22m[39m[31m[1m^[22m[39m[31m[1m^[22m[39m[31m[1m^[22m[39m[31m[1m^[22m[39m[31m[1m^[22m[39m[31m[1m^[22m[39m[31m[1m^[22m[39m[31m[1m^[22m[39m[31m[1m^[22m[39m[31m[1m^[22m[39m[31m[1m^[22m[39m[31m[1m^[22m[39m[31m[1m^[22m[39m[31m[1m^[22m[39m[31m[1m^[22m[39m[31m[1m^[22m[39m[31m[1m^[22m[39m[31m[1m^[22m[39m[31m[1m^[22m[39m[31m[1m^[22m[39m[31m[1m^[22m[39m[31m[1m^[22m[39m[31m[1m^[22m[39m[31m[1m^[22m[39m[31m[1m^[22m[39m[31m[1m^[22m[39m[31m[1m^[22m[39m[31m[1m^[22m[39m[31m[1m^[22m[39m[31m[1m^[22m[39m[31m[1m^[22m[39m[31m[1m^[22m[39m[31m[1m^[22m[39m[31m[1m^[22m[39m[31m[1m^[22m[39m[31m[1m^[22m[39m[31m[1m^[22m[39m[31m[1m^[22m[39m[31m[1m^[22m[39m[31m[1m^[22m[39m[31m[1m^[22m[39m[31m[1m^[22m[39m[31m[1m^[22m[39m[31m[1m^[22m[39m[31m[1m^[22m[39m[31m[1m^[22m[39m[31m[1m^[22m[39m[31m[1m^[22m[39m[31m[1m^[22m[39m[31m[1m^[22m[39m[31m[1m^[22m[39m[31m[1m^[22m[39m[31m[1m^[22m[39m[31m[1m^[22m[39m[31m[1m^[22m[39m[31m[1m^[22m[39m[31m[1m^[22m[39m[31m[1m^[22m[39m[31m[1m^[22m[39m[31m[1m^[22m[39m
 [90m 7 |[39m
 [90m 8 |[39m [36minterface[39m [33mCustomerActionsProps[39m {
 [90m 9 |[39m   customer[33m:[39m [33mCustomer[39m[33m;[39m[0m

The export DeleteConfirmDialog was not found in module [project]/frontend/src/shared/ui/index.ts [app-ssr] (ecmascript).
Did you mean to import AlertDialog?
All exports of the module are statically known (It doesn't have dynamic exports). So it's known statically that the requested export doesn't exist.

Import traces:
  Client Component Browser:
    ./frontend/src/features/customers/components/customer-actions.tsx [Client Component Browser]
    ./frontend/src/features/customers/components/customer-list/customer-table.tsx [Client Component Browser]
    ./frontend/src/features/customers/components/customer-list/customer-table.tsx [Server Component]
    ./frontend/src/features/customers/index.ts [Server Component]
    ./frontend/src/app/admin/customers/page.tsx [Server Component]

  Client Component SSR:
    ./frontend/src/features/customers/components/customer-actions.tsx [Client Component SSR]
    ./frontend/src/features/customers/components/customer-list/customer-table.tsx [Client Component SSR]
    ./frontend/src/features/customers/components/customer-list/customer-table.tsx [Server Component]
    ./frontend/src/features/customers/index.ts [Server Component]
    ./frontend/src/app/admin/customers/page.tsx [Server Component]


./frontend/src/features/customers/components/customer-list/customer-table.tsx:8:1
Export DeleteConfirmDialog doesn't exist in target module
[0m [90m  6 |[39m [36mimport[39m { [33mTruncatedCell[39m } [36mfrom[39m [32m"@/shared/lib/table-utils"[39m[33m;[39m
 [90m  7 |[39m [36mimport[39m { cn } [36mfrom[39m [32m"@/shared/lib/utils"[39m[33m;[39m
[31m[1m>[22m[39m[90m  8 |[39m [36mimport[39m { [33mDeleteConfirmDialog[39m[33m,[39m showToast } [36mfrom[39m [32m"@/shared/ui"[39m[33m;[39m
 [90m    |[39m [31m[1m^[22m[39m[31m[1m^[22m[39m[31m[1m^[22m[39m[31m[1m^[22m[39m[31m[1m^[22m[39m[31m[1m^[22m[39m[31m[1m^[22m[39m[31m[1m^[22m[39m[31m[1m^[22m[39m[31m[1m^[22m[39m[31m[1m^[22m[39m[31m[1m^[22m[39m[31m[1m^[22m[39m[31m[1m^[22m[39m[31m[1m^[22m[39m[31m[1m^[22m[39m[31m[1m^[22m[39m[31m[1m^[22m[39m[31m[1m^[22m[39m[31m[1m^[22m[39m[31m[1m^[22m[39m[31m[1m^[22m[39m[31m[1m^[22m[39m[31m[1m^[22m[39m[31m[1m^[22m[39m[31m[1m^[22m[39m[31m[1m^[22m[39m[31m[1m^[22m[39m[31m[1m^[22m[39m[31m[1m^[22m[39m[31m[1m^[22m[39m[31m[1m^[22m[39m[31m[1m^[22m[39m[31m[1m^[22m[39m[31m[1m^[22m[39m[31m[1m^[22m[39m[31m[1m^[22m[39m[31m[1m^[22m[39m[31m[1m^[22m[39m[31m[1m^[22m[39m[31m[1m^[22m[39m[31m[1m^[22m[39m[31m[1m^[22m[39m[31m[1m^[22m[39m[31m[1m^[22m[39m[31m[1m^[22m[39m[31m[1m^[22m[39m[31m[1m^[22m[39m[31m[1m^[22m[39m[31m[1m^[22m[39m[31m[1m^[22m[39m[31m[1m^[22m[39m[31m[1m^[22m[39m[31m[1m^[22m[39m[31m[1m^[22m[39m[31m[1m^[22m[39m[31m[1m^[22m[39m[31m[1m^[22m[39m[31m[1m^[22m[39m[31m[1m^[22m[39m[31m[1m^[22m[39m
 [90m  9 |[39m [36mimport[39m { [33mAvatar[39m[33m,[39m [33mAvatarFallback[39m[33m,[39m [33mAvatarImage[39m } [36mfrom[39m [32m"@/shared/ui/avatar"[39m[33m;[39m
 [90m 10 |[39m [36mimport[39m { [33mBadge[39m } [36mfrom[39m [32m"@/shared/ui/badge"[39m[33m;[39m
 [90m 11 |[39m [36mimport[39m { [33mCheckbox[39m } [36mfrom[39m [32m"@/shared/ui/checkbox"[39m[33m;[39m[0m

The export DeleteConfirmDialog was not found in module [project]/frontend/src/shared/ui/index.ts [app-client] (ecmascript).
Did you mean to import AlertDialog?
All exports of the module are statically known (It doesn't have dynamic exports). So it's known statically that the requested export doesn't exist.

Import trace:
  Server Component:
    ./frontend/src/features/customers/components/customer-list/customer-table.tsx
    ./frontend/src/features/customers/index.ts
    ./frontend/src/app/admin/customers/page.tsx


./frontend/src/features/customers/components/customer-list/customer-table.tsx:7:1
Export DeleteConfirmDialog doesn't exist in target module
[0m [90m  5 |[39m [36mimport[39m { [33mTruncatedCell[39m } [36mfrom[39m [32m"@/shared/lib/table-utils"[39m[33m;[39m
 [90m  6 |[39m [36mimport[39m { cn } [36mfrom[39m [32m"@/shared/lib/utils"[39m[33m;[39m
[31m[1m>[22m[39m[90m  7 |[39m [36mimport[39m { [33mDeleteConfirmDialog[39m[33m,[39m showToast } [36mfrom[39m [32m"@/shared/ui"[39m[33m;[39m
 [90m    |[39m [31m[1m^[22m[39m[31m[1m^[22m[39m[31m[1m^[22m[39m[31m[1m^[22m[39m[31m[1m^[22m[39m[31m[1m^[22m[39m[31m[1m^[22m[39m[31m[1m^[22m[39m[31m[1m^[22m[39m[31m[1m^[22m[39m[31m[1m^[22m[39m[31m[1m^[22m[39m[31m[1m^[22m[39m[31m[1m^[22m[39m[31m[1m^[22m[39m[31m[1m^[22m[39m[31m[1m^[22m[39m[31m[1m^[22m[39m[31m[1m^[22m[39m[31m[1m^[22m[39m[31m[1m^[22m[39m[31m[1m^[22m[39m[31m[1m^[22m[39m[31m[1m^[22m[39m[31m[1m^[22m[39m[31m[1m^[22m[39m[31m[1m^[22m[39m[31m[1m^[22m[39m[31m[1m^[22m[39m[31m[1m^[22m[39m[31m[1m^[22m[39m[31m[1m^[22m[39m[31m[1m^[22m[39m[31m[1m^[22m[39m[31m[1m^[22m[39m[31m[1m^[22m[39m[31m[1m^[22m[39m[31m[1m^[22m[39m[31m[1m^[22m[39m[31m[1m^[22m[39m[31m[1m^[22m[39m[31m[1m^[22m[39m[31m[1m^[22m[39m[31m[1m^[22m[39m[31m[1m^[22m[39m[31m[1m^[22m[39m[31m[1m^[22m[39m[31m[1m^[22m[39m[31m[1m^[22m[39m[31m[1m^[22m[39m[31m[1m^[22m[39m[31m[1m^[22m[39m[31m[1m^[22m[39m[31m[1m^[22m[39m[31m[1m^[22m[39m[31m[1m^[22m[39m[31m[1m^[22m[39m[31m[1m^[22m[39m[31m[1m^[22m[39m[31m[1m^[22m[39m[31m[1m^[22m[39m
 [90m  8 |[39m [36mimport[39m { [33mAvatar[39m[33m,[39m [33mAvatarFallback[39m[33m,[39m [33mAvatarImage[39m } [36mfrom[39m [32m"@/shared/ui/avatar"[39m[33m;[39m
 [90m  9 |[39m [36mimport[39m { [33mBadge[39m } [36mfrom[39m [32m"@/shared/ui/badge"[39m[33m;[39m
 [90m 10 |[39m [36mimport[39m { [33mCheckbox[39m } [36mfrom[39m [32m"@/shared/ui/checkbox"[39m[33m;[39m[0m

The export DeleteConfirmDialog was not found in module [project]/frontend/src/shared/ui/index.ts [app-ssr] (ecmascript).
Did you mean to import AlertDialog?
All exports of the module are statically known (It doesn't have dynamic exports). So it's known statically that the requested export doesn't exist.

Import trace:
  Server Component:
    ./frontend/src/features/customers/components/customer-list/customer-table.tsx
    ./frontend/src/features/customers/index.ts
    ./frontend/src/app/admin/customers/page.tsx


./frontend/src/features/packages/components/package-table.tsx:11:1
Export DeleteConfirmDialog doesn't exist in target module
[0m [90m  9 |[39m [36mimport[39m { [33mZ_INDEX[39m } [36mfrom[39m [32m"@/shared/lib/design-tokens"[39m[33m;[39m
 [90m 10 |[39m [36mimport[39m { cn[33m,[39m formatCurrency } [36mfrom[39m [32m"@/shared/lib/utils"[39m[33m;[39m
[31m[1m>[22m[39m[90m 11 |[39m [36mimport[39m { [33mDeleteConfirmDialog[39m[33m,[39m showToast } [36mfrom[39m [32m"@/shared/ui"[39m[33m;[39m
 [90m    |[39m [31m[1m^[22m[39m[31m[1m^[22m[39m[31m[1m^[22m[39m[31m[1m^[22m[39m[31m[1m^[22m[39m[31m[1m^[22m[39m[31m[1m^[22m[39m[31m[1m^[22m[39m[31m[1m^[22m[39m[31m[1m^[22m[39m[31m[1m^[22m[39m[31m[1m^[22m[39m[31m[1m^[22m[39m[31m[1m^[22m[39m[31m[1m^[22m[39m[31m[1m^[22m[39m[31m[1m^[22m[39m[31m[1m^[22m[39m[31m[1m^[22m[39m[31m[1m^[22m[39m[31m[1m^[22m[39m[31m[1m^[22m[39m[31m[1m^[22m[39m[31m[1m^[22m[39m[31m[1m^[22m[39m[31m[1m^[22m[39m[31m[1m^[22m[39m[31m[1m^[22m[39m[31m[1m^[22m[39m[31m[1m^[22m[39m[31m[1m^[22m[39m[31m[1m^[22m[39m[31m[1m^[22m[39m[31m[1m^[22m[39m[31m[1m^[22m[39m[31m[1m^[22m[39m[31m[1m^[22m[39m[31m[1m^[22m[39m[31m[1m^[22m[39m[31m[1m^[22m[39m[31m[1m^[22m[39m[31m[1m^[22m[39m[31m[1m^[22m[39m[31m[1m^[22m[39m[31m[1m^[22m[39m[31m[1m^[22m[39m[31m[1m^[22m[39m[31m[1m^[22m[39m[31m[1m^[22m[39m[31m[1m^[22m[39m[31m[1m^[22m[39m[31m[1m^[22m[39m[31m[1m^[22m[39m[31m[1m^[22m[39m[31m[1m^[22m[39m[31m[1m^[22m[39m[31m[1m^[22m[39m[31m[1m^[22m[39m[31m[1m^[22m[39m[31m[1m^[22m[39m[31m[1m^[22m[39m
 [90m 12 |[39m [36mimport[39m { [33mBadge[39m } [36mfrom[39m [32m"@/shared/ui/badge"[39m[33m;[39m
 [90m 13 |[39m [36mimport[39m { [33mCheckbox[39m } [36mfrom[39m [32m"@/shared/ui/checkbox"[39m[33m;[39m
 [90m 14 |[39m [36mimport[39m { [33mRowSelectionState[39m } [36mfrom[39m [32m"@tanstack/react-table"[39m[33m;[39m[0m

The export DeleteConfirmDialog was not found in module [project]/frontend/src/shared/ui/index.ts [app-client] (ecmascript).
Did you mean to import AlertDialog?
All exports of the module are statically known (It doesn't have dynamic exports). So it's known statically that the requested export doesn't exist.

Import traces:
  Client Component Browser:
    ./frontend/src/features/packages/components/package-table.tsx [Client Component Browser]
    ./frontend/src/features/services/components/services-page.tsx [Client Component Browser]
    ./frontend/src/features/services/components/services-page.tsx [Server Component]
    ./frontend/src/app/admin/services/page.tsx [Server Component]

  Client Component SSR:
    ./frontend/src/features/packages/components/package-table.tsx [Client Component SSR]
    ./frontend/src/features/services/components/services-page.tsx [Client Component SSR]
    ./frontend/src/features/services/components/services-page.tsx [Server Component]
    ./frontend/src/app/admin/services/page.tsx [Server Component]


./frontend/src/features/packages/components/package-table.tsx:11:1
Export DeleteConfirmDialog doesn't exist in target module
[0m [90m  9 |[39m [36mimport[39m { [33mZ_INDEX[39m } [36mfrom[39m [32m"@/shared/lib/design-tokens"[39m[33m;[39m
 [90m 10 |[39m [36mimport[39m { cn[33m,[39m formatCurrency } [36mfrom[39m [32m"@/shared/lib/utils"[39m[33m;[39m
[31m[1m>[22m[39m[90m 11 |[39m [36mimport[39m { [33mDeleteConfirmDialog[39m[33m,[39m showToast } [36mfrom[39m [32m"@/shared/ui"[39m[33m;[39m
 [90m    |[39m [31m[1m^[22m[39m[31m[1m^[22m[39m[31m[1m^[22m[39m[31m[1m^[22m[39m[31m[1m^[22m[39m[31m[1m^[22m[39m[31m[1m^[22m[39m[31m[1m^[22m[39m[31m[1m^[22m[39m[31m[1m^[22m[39m[31m[1m^[22m[39m[31m[1m^[22m[39m[31m[1m^[22m[39m[31m[1m^[22m[39m[31m[1m^[22m[39m[31m[1m^[22m[39m[31m[1m^[22m[39m[31m[1m^[22m[39m[31m[1m^[22m[39m[31m[1m^[22m[39m[31m[1m^[22m[39m[31m[1m^[22m[39m[31m[1m^[22m[39m[31m[1m^[22m[39m[31m[1m^[22m[39m[31m[1m^[22m[39m[31m[1m^[22m[39m[31m[1m^[22m[39m[31m[1m^[22m[39m[31m[1m^[22m[39m[31m[1m^[22m[39m[31m[1m^[22m[39m[31m[1m^[22m[39m[31m[1m^[22m[39m[31m[1m^[22m[39m[31m[1m^[22m[39m[31m[1m^[22m[39m[31m[1m^[22m[39m[31m[1m^[22m[39m[31m[1m^[22m[39m[31m[1m^[22m[39m[31m[1m^[22m[39m[31m[1m^[22m[39m[31m[1m^[22m[39m[31m[1m^[22m[39m[31m[1m^[22m[39m[31m[1m^[22m[39m[31m[1m^[22m[39m[31m[1m^[22m[39m[31m[1m^[22m[39m[31m[1m^[22m[39m[31m[1m^[22m[39m[31m[1m^[22m[39m[31m[1m^[22m[39m[31m[1m^[22m[39m[31m[1m^[22m[39m[31m[1m^[22m[39m[31m[1m^[22m[39m[31m[1m^[22m[39m[31m[1m^[22m[39m[31m[1m^[22m[39m
 [90m 12 |[39m [36mimport[39m { [33mBadge[39m } [36mfrom[39m [32m"@/shared/ui/badge"[39m[33m;[39m
 [90m 13 |[39m [36mimport[39m { [33mCheckbox[39m } [36mfrom[39m [32m"@/shared/ui/checkbox"[39m[33m;[39m
 [90m 14 |[39m [36mimport[39m { [33mRowSelectionState[39m } [36mfrom[39m [32m"@tanstack/react-table"[39m[33m;[39m[0m

The export DeleteConfirmDialog was not found in module [project]/frontend/src/shared/ui/index.ts [app-ssr] (ecmascript).
Did you mean to import AlertDialog?
All exports of the module are statically known (It doesn't have dynamic exports). So it's known statically that the requested export doesn't exist.

Import traces:
  Client Component Browser:
    ./frontend/src/features/packages/components/package-table.tsx [Client Component Browser]
    ./frontend/src/features/services/components/services-page.tsx [Client Component Browser]
    ./frontend/src/features/services/components/services-page.tsx [Server Component]
    ./frontend/src/app/admin/services/page.tsx [Server Component]

  Client Component SSR:
    ./frontend/src/features/packages/components/package-table.tsx [Client Component SSR]
    ./frontend/src/features/services/components/services-page.tsx [Client Component SSR]
    ./frontend/src/features/services/components/services-page.tsx [Server Component]
    ./frontend/src/app/admin/services/page.tsx [Server Component]


./frontend/src/features/resources/components/resource-actions.tsx:5:1
Export DeleteConfirmDialog doesn't exist in target module
[0m [90m 3 |[39m [36mimport[39m { c [36mas[39m _c } [36mfrom[39m [32m"react/compiler-runtime"[39m[33m;[39m
 [90m 4 |[39m [36mimport[39m { useDeleteAction } [36mfrom[39m [32m"@/shared/hooks"[39m[33m;[39m
[31m[1m>[22m[39m[90m 5 |[39m [36mimport[39m { [33mDeleteConfirmDialog[39m[33m,[39m [33mDropdownMenuItem[39m[33m,[39m [33mDropdownMenuLabel[39m[33m,[39m [33mTableRowActions[39m } [36mfrom[39m [32m"@/shared/ui"[39m[33m;[39m
 [90m   |[39m [31m[1m^[22m[39m[31m[1m^[22m[39m[31m[1m^[22m[39m[31m[1m^[22m[39m[31m[1m^[22m[39m[31m[1m^[22m[39m[31m[1m^[22m[39m[31m[1m^[22m[39m[31m[1m^[22m[39m[31m[1m^[22m[39m[31m[1m^[22m[39m[31m[1m^[22m[39m[31m[1m^[22m[39m[31m[1m^[22m[39m[31m[1m^[22m[39m[31m[1m^[22m[39m[31m[1m^[22m[39m[31m[1m^[22m[39m[31m[1m^[22m[39m[31m[1m^[22m[39m[31m[1m^[22m[39m[31m[1m^[22m[39m[31m[1m^[22m[39m[31m[1m^[22m[39m[31m[1m^[22m[39m[31m[1m^[22m[39m[31m[1m^[22m[39m[31m[1m^[22m[39m[31m[1m^[22m[39m[31m[1m^[22m[39m[31m[1m^[22m[39m[31m[1m^[22m[39m[31m[1m^[22m[39m[31m[1m^[22m[39m[31m[1m^[22m[39m[31m[1m^[22m[39m[31m[1m^[22m[39m[31m[1m^[22m[39m[31m[1m^[22m[39m[31m[1m^[22m[39m[31m[1m^[22m[39m[31m[1m^[22m[39m[31m[1m^[22m[39m[31m[1m^[22m[39m[31m[1m^[22m[39m[31m[1m^[22m[39m[31m[1m^[22m[39m[31m[1m^[22m[39m[31m[1m^[22m[39m[31m[1m^[22m[39m[31m[1m^[22m[39m[31m[1m^[22m[39m[31m[1m^[22m[39m[31m[1m^[22m[39m[31m[1m^[22m[39m[31m[1m^[22m[39m[31m[1m^[22m[39m[31m[1m^[22m[39m[31m[1m^[22m[39m[31m[1m^[22m[39m[31m[1m^[22m[39m[31m[1m^[22m[39m[31m[1m^[22m[39m[31m[1m^[22m[39m[31m[1m^[22m[39m[31m[1m^[22m[39m[31m[1m^[22m[39m[31m[1m^[22m[39m[31m[1m^[22m[39m[31m[1m^[22m[39m[31m[1m^[22m[39m[31m[1m^[22m[39m[31m[1m^[22m[39m[31m[1m^[22m[39m[31m[1m^[22m[39m[31m[1m^[22m[39m[31m[1m^[22m[39m[31m[1m^[22m[39m[31m[1m^[22m[39m[31m[1m^[22m[39m[31m[1m^[22m[39m[31m[1m^[22m[39m[31m[1m^[22m[39m[31m[1m^[22m[39m[31m[1m^[22m[39m[31m[1m^[22m[39m[31m[1m^[22m[39m[31m[1m^[22m[39m[31m[1m^[22m[39m[31m[1m^[22m[39m[31m[1m^[22m[39m[31m[1m^[22m[39m[31m[1m^[22m[39m[31m[1m^[22m[39m[31m[1m^[22m[39m[31m[1m^[22m[39m[31m[1m^[22m[39m[31m[1m^[22m[39m[31m[1m^[22m[39m[31m[1m^[22m[39m[31m[1m^[22m[39m[31m[1m^[22m[39m[31m[1m^[22m[39m[31m[1m^[22m[39m
 [90m 6 |[39m [36mimport[39m { [33mHistory[39m } [36mfrom[39m [32m"lucide-react"[39m[33m;[39m
 [90m 7 |[39m [36mimport[39m { deleteResource } [36mfrom[39m [32m"../actions"[39m[33m;[39m
 [90m 8 |[39m [36mimport[39m { [33mResource[39m } [36mfrom[39m [32m"../model/types"[39m[33m;[39m[0m

The export DeleteConfirmDialog was not found in module [project]/frontend/src/shared/ui/index.ts [app-client] (ecmascript).
Did you mean to import AlertDialog?
All exports of the module are statically known (It doesn't have dynamic exports). So it's known statically that the requested export doesn't exist.

Import traces:
  Client Component Browser:
    ./frontend/src/features/resources/components/resource-actions.tsx [Client Component Browser]
    ./frontend/src/features/resources/components/resource-table.tsx [Client Component Browser]
    ./frontend/src/features/resources/components/resource-page.tsx [Client Component Browser]
    ./frontend/src/features/resources/components/resource-page.tsx [Server Component]
    ./frontend/src/app/admin/resources/page.tsx [Server Component]

  Client Component SSR:
    ./frontend/src/features/resources/components/resource-actions.tsx [Client Component SSR]
    ./frontend/src/features/resources/components/resource-table.tsx [Client Component SSR]
    ./frontend/src/features/resources/components/resource-page.tsx [Client Component SSR]
    ./frontend/src/features/resources/components/resource-page.tsx [Server Component]
    ./frontend/src/app/admin/resources/page.tsx [Server Component]


./frontend/src/features/resources/components/resource-actions.tsx:4:1
Export DeleteConfirmDialog doesn't exist in target module
[0m [90m  2 |[39m
 [90m  3 |[39m [36mimport[39m { useDeleteAction } [36mfrom[39m [32m"@/shared/hooks"[39m[33m;[39m
[31m[1m>[22m[39m[90m  4 |[39m [36mimport[39m {
 [90m    |[39m [31m[1m^[22m[39m[31m[1m^[22m[39m[31m[1m^[22m[39m[31m[1m^[22m[39m[31m[1m^[22m[39m[31m[1m^[22m[39m[31m[1m^[22m[39m[31m[1m^[22m[39m
[31m[1m>[22m[39m[90m  5 |[39m   [33mDeleteConfirmDialog[39m[33m,[39m
 [90m    |[39m [31m[1m^[22m[39m[31m[1m^[22m[39m[31m[1m^[22m[39m[31m[1m^[22m[39m[31m[1m^[22m[39m[31m[1m^[22m[39m[31m[1m^[22m[39m[31m[1m^[22m[39m[31m[1m^[22m[39m[31m[1m^[22m[39m[31m[1m^[22m[39m[31m[1m^[22m[39m[31m[1m^[22m[39m[31m[1m^[22m[39m[31m[1m^[22m[39m[31m[1m^[22m[39m[31m[1m^[22m[39m[31m[1m^[22m[39m[31m[1m^[22m[39m[31m[1m^[22m[39m[31m[1m^[22m[39m[31m[1m^[22m[39m
[31m[1m>[22m[39m[90m  6 |[39m   [33mDropdownMenuItem[39m[33m,[39m
 [90m    |[39m [31m[1m^[22m[39m[31m[1m^[22m[39m[31m[1m^[22m[39m[31m[1m^[22m[39m[31m[1m^[22m[39m[31m[1m^[22m[39m[31m[1m^[22m[39m[31m[1m^[22m[39m[31m[1m^[22m[39m[31m[1m^[22m[39m[31m[1m^[22m[39m[31m[1m^[22m[39m[31m[1m^[22m[39m[31m[1m^[22m[39m[31m[1m^[22m[39m[31m[1m^[22m[39m[31m[1m^[22m[39m[31m[1m^[22m[39m[31m[1m^[22m[39m[31m[1m^[22m[39m[31m[1m^[22m[39m[31m[1m^[22m[39m
[31m[1m>[22m[39m[90m  7 |[39m   [33mDropdownMenuLabel[39m[33m,[39m
 [90m    |[39m [31m[1m^[22m[39m[31m[1m^[22m[39m[31m[1m^[22m[39m[31m[1m^[22m[39m[31m[1m^[22m[39m[31m[1m^[22m[39m[31m[1m^[22m[39m[31m[1m^[22m[39m[31m[1m^[22m[39m[31m[1m^[22m[39m[31m[1m^[22m[39m[31m[1m^[22m[39m[31m[1m^[22m[39m[31m[1m^[22m[39m[31m[1m^[22m[39m[31m[1m^[22m[39m[31m[1m^[22m[39m[31m[1m^[22m[39m[31m[1m^[22m[39m[31m[1m^[22m[39m[31m[1m^[22m[39m[31m[1m^[22m[39m
[31m[1m>[22m[39m[90m  8 |[39m   [33mTableRowActions[39m[33m,[39m
 [90m    |[39m [31m[1m^[22m[39m[31m[1m^[22m[39m[31m[1m^[22m[39m[31m[1m^[22m[39m[31m[1m^[22m[39m[31m[1m^[22m[39m[31m[1m^[22m[39m[31m[1m^[22m[39m[31m[1m^[22m[39m[31m[1m^[22m[39m[31m[1m^[22m[39m[31m[1m^[22m[39m[31m[1m^[22m[39m[31m[1m^[22m[39m[31m[1m^[22m[39m[31m[1m^[22m[39m[31m[1m^[22m[39m[31m[1m^[22m[39m[31m[1m^[22m[39m[31m[1m^[22m[39m[31m[1m^[22m[39m[31m[1m^[22m[39m
[31m[1m>[22m[39m[90m  9 |[39m } [36mfrom[39m [32m"@/shared/ui"[39m[33m;[39m
 [90m    |[39m [31m[1m^[22m[39m[31m[1m^[22m[39m[31m[1m^[22m[39m[31m[1m^[22m[39m[31m[1m^[22m[39m[31m[1m^[22m[39m[31m[1m^[22m[39m[31m[1m^[22m[39m[31m[1m^[22m[39m[31m[1m^[22m[39m[31m[1m^[22m[39m[31m[1m^[22m[39m[31m[1m^[22m[39m[31m[1m^[22m[39m[31m[1m^[22m[39m[31m[1m^[22m[39m[31m[1m^[22m[39m[31m[1m^[22m[39m[31m[1m^[22m[39m[31m[1m^[22m[39m[31m[1m^[22m[39m[31m[1m^[22m[39m
 [90m 10 |[39m [36mimport[39m { [33mHistory[39m } [36mfrom[39m [32m"lucide-react"[39m[33m;[39m
 [90m 11 |[39m [36mimport[39m { deleteResource } [36mfrom[39m [32m"../actions"[39m[33m;[39m
 [90m 12 |[39m [36mimport[39m { [33mResource[39m } [36mfrom[39m [32m"../model/types"[39m[33m;[39m[0m

The export DeleteConfirmDialog was not found in module [project]/frontend/src/shared/ui/index.ts [app-ssr] (ecmascript).
Did you mean to import AlertDialog?
All exports of the module are statically known (It doesn't have dynamic exports). So it's known statically that the requested export doesn't exist.

Import traces:
  Client Component Browser:
    ./frontend/src/features/resources/components/resource-actions.tsx [Client Component Browser]
    ./frontend/src/features/resources/components/resource-table.tsx [Client Component Browser]
    ./frontend/src/features/resources/components/resource-page.tsx [Client Component Browser]
    ./frontend/src/features/resources/components/resource-page.tsx [Server Component]
    ./frontend/src/app/admin/resources/page.tsx [Server Component]

  Client Component SSR:
    ./frontend/src/features/resources/components/resource-actions.tsx [Client Component SSR]
    ./frontend/src/features/resources/components/resource-table.tsx [Client Component SSR]
    ./frontend/src/features/resources/components/resource-page.tsx [Client Component SSR]
    ./frontend/src/features/resources/components/resource-page.tsx [Server Component]
    ./frontend/src/app/admin/resources/page.tsx [Server Component]


./frontend/src/features/services/components/category-actions.tsx:5:1
Export DeleteConfirmDialog doesn't exist in target module
[0m [90m 3 |[39m [36mimport[39m { c [36mas[39m _c } [36mfrom[39m [32m"react/compiler-runtime"[39m[33m;[39m
 [90m 4 |[39m [36mimport[39m { useDeleteAction } [36mfrom[39m [32m"@/shared/hooks"[39m[33m;[39m
[31m[1m>[22m[39m[90m 5 |[39m [36mimport[39m { [33mDeleteConfirmDialog[39m[33m,[39m [33mTableRowActions[39m } [36mfrom[39m [32m"@/shared/ui"[39m[33m;[39m
 [90m   |[39m [31m[1m^[22m[39m[31m[1m^[22m[39m[31m[1m^[22m[39m[31m[1m^[22m[39m[31m[1m^[22m[39m[31m[1m^[22m[39m[31m[1m^[22m[39m[31m[1m^[22m[39m[31m[1m^[22m[39m[31m[1m^[22m[39m[31m[1m^[22m[39m[31m[1m^[22m[39m[31m[1m^[22m[39m[31m[1m^[22m[39m[31m[1m^[22m[39m[31m[1m^[22m[39m[31m[1m^[22m[39m[31m[1m^[22m[39m[31m[1m^[22m[39m[31m[1m^[22m[39m[31m[1m^[22m[39m[31m[1m^[22m[39m[31m[1m^[22m[39m[31m[1m^[22m[39m[31m[1m^[22m[39m[31m[1m^[22m[39m[31m[1m^[22m[39m[31m[1m^[22m[39m[31m[1m^[22m[39m[31m[1m^[22m[39m[31m[1m^[22m[39m[31m[1m^[22m[39m[31m[1m^[22m[39m[31m[1m^[22m[39m[31m[1m^[22m[39m[31m[1m^[22m[39m[31m[1m^[22m[39m[31m[1m^[22m[39m[31m[1m^[22m[39m[31m[1m^[22m[39m[31m[1m^[22m[39m[31m[1m^[22m[39m[31m[1m^[22m[39m[31m[1m^[22m[39m[31m[1m^[22m[39m[31m[1m^[22m[39m[31m[1m^[22m[39m[31m[1m^[22m[39m[31m[1m^[22m[39m[31m[1m^[22m[39m[31m[1m^[22m[39m[31m[1m^[22m[39m[31m[1m^[22m[39m[31m[1m^[22m[39m[31m[1m^[22m[39m[31m[1m^[22m[39m[31m[1m^[22m[39m[31m[1m^[22m[39m[31m[1m^[22m[39m[31m[1m^[22m[39m[31m[1m^[22m[39m[31m[1m^[22m[39m[31m[1m^[22m[39m[31m[1m^[22m[39m[31m[1m^[22m[39m[31m[1m^[22m[39m[31m[1m^[22m[39m
 [90m 6 |[39m [36mimport[39m { [33mSheet[39m[33m,[39m [33mSheetContent[39m[33m,[39m [33mSheetDescription[39m[33m,[39m [33mSheetHeader[39m[33m,[39m [33mSheetTitle[39m } [36mfrom[39m [32m"@/shared/ui/sheet"[39m[33m;[39m
 [90m 7 |[39m [36mimport[39m { useState } [36mfrom[39m [32m"react"[39m[33m;[39m
 [90m 8 |[39m [36mimport[39m { deleteServiceCategory } [36mfrom[39m [32m"../actions"[39m[33m;[39m[0m

The export DeleteConfirmDialog was not found in module [project]/frontend/src/shared/ui/index.ts [app-client] (ecmascript).
Did you mean to import AlertDialog?
All exports of the module are statically known (It doesn't have dynamic exports). So it's known statically that the requested export doesn't exist.

Import traces:
  Client Component Browser:
    ./frontend/src/features/services/components/category-actions.tsx [Client Component Browser]
    ./frontend/src/features/services/components/category-table.tsx [Client Component Browser]
    ./frontend/src/features/services/components/services-page.tsx [Client Component Browser]
    ./frontend/src/features/services/components/services-page.tsx [Server Component]
    ./frontend/src/app/admin/services/page.tsx [Server Component]

  Client Component SSR:
    ./frontend/src/features/services/components/category-actions.tsx [Client Component SSR]
    ./frontend/src/features/services/components/category-table.tsx [Client Component SSR]
    ./frontend/src/features/services/components/services-page.tsx [Client Component SSR]
    ./frontend/src/features/services/components/services-page.tsx [Server Component]
    ./frontend/src/app/admin/services/page.tsx [Server Component]


./frontend/src/features/services/components/category-actions.tsx:4:1
Export DeleteConfirmDialog doesn't exist in target module
[0m [90m  2 |[39m
 [90m  3 |[39m [36mimport[39m { useDeleteAction } [36mfrom[39m [32m"@/shared/hooks"[39m[33m;[39m
[31m[1m>[22m[39m[90m  4 |[39m [36mimport[39m {
 [90m    |[39m [31m[1m^[22m[39m[31m[1m^[22m[39m[31m[1m^[22m[39m[31m[1m^[22m[39m[31m[1m^[22m[39m[31m[1m^[22m[39m[31m[1m^[22m[39m[31m[1m^[22m[39m
[31m[1m>[22m[39m[90m  5 |[39m     [33mDeleteConfirmDialog[39m[33m,[39m
 [90m    |[39m [31m[1m^[22m[39m[31m[1m^[22m[39m[31m[1m^[22m[39m[31m[1m^[22m[39m[31m[1m^[22m[39m[31m[1m^[22m[39m[31m[1m^[22m[39m[31m[1m^[22m[39m[31m[1m^[22m[39m[31m[1m^[22m[39m[31m[1m^[22m[39m[31m[1m^[22m[39m[31m[1m^[22m[39m[31m[1m^[22m[39m[31m[1m^[22m[39m[31m[1m^[22m[39m[31m[1m^[22m[39m[31m[1m^[22m[39m[31m[1m^[22m[39m[31m[1m^[22m[39m[31m[1m^[22m[39m[31m[1m^[22m[39m[31m[1m^[22m[39m[31m[1m^[22m[39m
[31m[1m>[22m[39m[90m  6 |[39m     [33mTableRowActions[39m[33m,[39m
 [90m    |[39m [31m[1m^[22m[39m[31m[1m^[22m[39m[31m[1m^[22m[39m[31m[1m^[22m[39m[31m[1m^[22m[39m[31m[1m^[22m[39m[31m[1m^[22m[39m[31m[1m^[22m[39m[31m[1m^[22m[39m[31m[1m^[22m[39m[31m[1m^[22m[39m[31m[1m^[22m[39m[31m[1m^[22m[39m[31m[1m^[22m[39m[31m[1m^[22m[39m[31m[1m^[22m[39m[31m[1m^[22m[39m[31m[1m^[22m[39m[31m[1m^[22m[39m[31m[1m^[22m[39m[31m[1m^[22m[39m[31m[1m^[22m[39m[31m[1m^[22m[39m[31m[1m^[22m[39m
[31m[1m>[22m[39m[90m  7 |[39m } [36mfrom[39m [32m"@/shared/ui"[39m[33m;[39m
 [90m    |[39m [31m[1m^[22m[39m[31m[1m^[22m[39m[31m[1m^[22m[39m[31m[1m^[22m[39m[31m[1m^[22m[39m[31m[1m^[22m[39m[31m[1m^[22m[39m[31m[1m^[22m[39m[31m[1m^[22m[39m[31m[1m^[22m[39m[31m[1m^[22m[39m[31m[1m^[22m[39m[31m[1m^[22m[39m[31m[1m^[22m[39m[31m[1m^[22m[39m[31m[1m^[22m[39m[31m[1m^[22m[39m[31m[1m^[22m[39m[31m[1m^[22m[39m[31m[1m^[22m[39m[31m[1m^[22m[39m[31m[1m^[22m[39m
 [90m  8 |[39m [36mimport[39m {
 [90m  9 |[39m     [33mSheet[39m[33m,[39m
 [90m 10 |[39m     [33mSheetContent[39m[33m,[39m[0m

The export DeleteConfirmDialog was not found in module [project]/frontend/src/shared/ui/index.ts [app-ssr] (ecmascript).
Did you mean to import AlertDialog?
All exports of the module are statically known (It doesn't have dynamic exports). So it's known statically that the requested export doesn't exist.

Import traces:
  Client Component Browser:
    ./frontend/src/features/services/components/category-actions.tsx [Client Component Browser]
    ./frontend/src/features/services/components/category-table.tsx [Client Component Browser]
    ./frontend/src/features/services/components/services-page.tsx [Client Component Browser]
    ./frontend/src/features/services/components/services-page.tsx [Server Component]
    ./frontend/src/app/admin/services/page.tsx [Server Component]

  Client Component SSR:
    ./frontend/src/features/services/components/category-actions.tsx [Client Component SSR]
    ./frontend/src/features/services/components/category-table.tsx [Client Component SSR]
    ./frontend/src/features/services/components/services-page.tsx [Client Component SSR]
    ./frontend/src/features/services/components/services-page.tsx [Server Component]
    ./frontend/src/app/admin/services/page.tsx [Server Component]


./frontend/src/features/services/components/skill-actions.tsx:3:1
Export DeleteConfirmDialog doesn't exist in target module
[0m [90m 1 |[39m [36mimport[39m { c [36mas[39m _c } [36mfrom[39m [32m"react/compiler-runtime"[39m[33m;[39m
 [90m 2 |[39m [36mimport[39m { useDeleteAction } [36mfrom[39m [32m"@/shared/hooks"[39m[33m;[39m
[31m[1m>[22m[39m[90m 3 |[39m [36mimport[39m { [33mDeleteConfirmDialog[39m[33m,[39m [33mTableRowActions[39m } [36mfrom[39m [32m"@/shared/ui"[39m[33m;[39m
 [90m   |[39m [31m[1m^[22m[39m[31m[1m^[22m[39m[31m[1m^[22m[39m[31m[1m^[22m[39m[31m[1m^[22m[39m[31m[1m^[22m[39m[31m[1m^[22m[39m[31m[1m^[22m[39m[31m[1m^[22m[39m[31m[1m^[22m[39m[31m[1m^[22m[39m[31m[1m^[22m[39m[31m[1m^[22m[39m[31m[1m^[22m[39m[31m[1m^[22m[39m[31m[1m^[22m[39m[31m[1m^[22m[39m[31m[1m^[22m[39m[31m[1m^[22m[39m[31m[1m^[22m[39m[31m[1m^[22m[39m[31m[1m^[22m[39m[31m[1m^[22m[39m[31m[1m^[22m[39m[31m[1m^[22m[39m[31m[1m^[22m[39m[31m[1m^[22m[39m[31m[1m^[22m[39m[31m[1m^[22m[39m[31m[1m^[22m[39m[31m[1m^[22m[39m[31m[1m^[22m[39m[31m[1m^[22m[39m[31m[1m^[22m[39m[31m[1m^[22m[39m[31m[1m^[22m[39m[31m[1m^[22m[39m[31m[1m^[22m[39m[31m[1m^[22m[39m[31m[1m^[22m[39m[31m[1m^[22m[39m[31m[1m^[22m[39m[31m[1m^[22m[39m[31m[1m^[22m[39m[31m[1m^[22m[39m[31m[1m^[22m[39m[31m[1m^[22m[39m[31m[1m^[22m[39m[31m[1m^[22m[39m[31m[1m^[22m[39m[31m[1m^[22m[39m[31m[1m^[22m[39m[31m[1m^[22m[39m[31m[1m^[22m[39m[31m[1m^[22m[39m[31m[1m^[22m[39m[31m[1m^[22m[39m[31m[1m^[22m[39m[31m[1m^[22m[39m[31m[1m^[22m[39m[31m[1m^[22m[39m[31m[1m^[22m[39m[31m[1m^[22m[39m[31m[1m^[22m[39m[31m[1m^[22m[39m[31m[1m^[22m[39m[31m[1m^[22m[39m
 [90m 4 |[39m [36mimport[39m { [33mSheet[39m[33m,[39m [33mSheetContent[39m[33m,[39m [33mSheetDescription[39m[33m,[39m [33mSheetHeader[39m[33m,[39m [33mSheetTitle[39m } [36mfrom[39m [32m"@/shared/ui/sheet"[39m[33m;[39m
 [90m 5 |[39m [36mimport[39m { useState } [36mfrom[39m [32m"react"[39m[33m;[39m
 [90m 6 |[39m [36mimport[39m { deleteSkill } [36mfrom[39m [32m"../actions"[39m[33m;[39m[0m

The export DeleteConfirmDialog was not found in module [project]/frontend/src/shared/ui/index.ts [app-client] (ecmascript).
Did you mean to import AlertDialog?
All exports of the module are statically known (It doesn't have dynamic exports). So it's known statically that the requested export doesn't exist.

Import traces:
  Client Component Browser:
    ./frontend/src/features/services/components/skill-actions.tsx [Client Component Browser]
    ./frontend/src/features/services/components/skill-table.tsx [Client Component Browser]
    ./frontend/src/features/services/components/services-page.tsx [Client Component Browser]
    ./frontend/src/features/services/components/services-page.tsx [Server Component]
    ./frontend/src/app/admin/services/page.tsx [Server Component]

  Client Component SSR:
    ./frontend/src/features/services/components/skill-actions.tsx [Client Component SSR]
    ./frontend/src/features/services/components/skill-table.tsx [Client Component SSR]
    ./frontend/src/features/services/components/services-page.tsx [Client Component SSR]
    ./frontend/src/features/services/components/services-page.tsx [Server Component]
    ./frontend/src/app/admin/services/page.tsx [Server Component]


./frontend/src/features/services/components/skill-actions.tsx:2:1
Export DeleteConfirmDialog doesn't exist in target module
[0m [90m 1 |[39m [36mimport[39m { useDeleteAction } [36mfrom[39m [32m"@/shared/hooks"[39m[33m;[39m
[31m[1m>[22m[39m[90m 2 |[39m [36mimport[39m {
 [90m   |[39m [31m[1m^[22m[39m[31m[1m^[22m[39m[31m[1m^[22m[39m[31m[1m^[22m[39m[31m[1m^[22m[39m[31m[1m^[22m[39m[31m[1m^[22m[39m[31m[1m^[22m[39m
[31m[1m>[22m[39m[90m 3 |[39m     [33mDeleteConfirmDialog[39m[33m,[39m
 [90m   |[39m [31m[1m^[22m[39m[31m[1m^[22m[39m[31m[1m^[22m[39m[31m[1m^[22m[39m[31m[1m^[22m[39m[31m[1m^[22m[39m[31m[1m^[22m[39m[31m[1m^[22m[39m[31m[1m^[22m[39m[31m[1m^[22m[39m[31m[1m^[22m[39m[31m[1m^[22m[39m[31m[1m^[22m[39m[31m[1m^[22m[39m[31m[1m^[22m[39m[31m[1m^[22m[39m[31m[1m^[22m[39m[31m[1m^[22m[39m[31m[1m^[22m[39m[31m[1m^[22m[39m[31m[1m^[22m[39m[31m[1m^[22m[39m[31m[1m^[22m[39m[31m[1m^[22m[39m
[31m[1m>[22m[39m[90m 4 |[39m     [33mTableRowActions[39m[33m,[39m
 [90m   |[39m [31m[1m^[22m[39m[31m[1m^[22m[39m[31m[1m^[22m[39m[31m[1m^[22m[39m[31m[1m^[22m[39m[31m[1m^[22m[39m[31m[1m^[22m[39m[31m[1m^[22m[39m[31m[1m^[22m[39m[31m[1m^[22m[39m[31m[1m^[22m[39m[31m[1m^[22m[39m[31m[1m^[22m[39m[31m[1m^[22m[39m[31m[1m^[22m[39m[31m[1m^[22m[39m[31m[1m^[22m[39m[31m[1m^[22m[39m[31m[1m^[22m[39m[31m[1m^[22m[39m[31m[1m^[22m[39m[31m[1m^[22m[39m[31m[1m^[22m[39m[31m[1m^[22m[39m
[31m[1m>[22m[39m[90m 5 |[39m } [36mfrom[39m [32m"@/shared/ui"[39m[33m;[39m
 [90m   |[39m [31m[1m^[22m[39m[31m[1m^[22m[39m[31m[1m^[22m[39m[31m[1m^[22m[39m[31m[1m^[22m[39m[31m[1m^[22m[39m[31m[1m^[22m[39m[31m[1m^[22m[39m[31m[1m^[22m[39m[31m[1m^[22m[39m[31m[1m^[22m[39m[31m[1m^[22m[39m[31m[1m^[22m[39m[31m[1m^[22m[39m[31m[1m^[22m[39m[31m[1m^[22m[39m[31m[1m^[22m[39m[31m[1m^[22m[39m[31m[1m^[22m[39m[31m[1m^[22m[39m[31m[1m^[22m[39m[31m[1m^[22m[39m
 [90m 6 |[39m [36mimport[39m {
 [90m 7 |[39m     [33mSheet[39m[33m,[39m
 [90m 8 |[39m     [33mSheetContent[39m[33m,[39m[0m

The export DeleteConfirmDialog was not found in module [project]/frontend/src/shared/ui/index.ts [app-ssr] (ecmascript).
Did you mean to import AlertDialog?
All exports of the module are statically known (It doesn't have dynamic exports). So it's known statically that the requested export doesn't exist.

Import traces:
  Client Component Browser:
    ./frontend/src/features/services/components/skill-actions.tsx [Client Component Browser]
    ./frontend/src/features/services/components/skill-table.tsx [Client Component Browser]
    ./frontend/src/features/services/components/services-page.tsx [Client Component Browser]
    ./frontend/src/features/services/components/services-page.tsx [Server Component]
    ./frontend/src/app/admin/services/page.tsx [Server Component]

  Client Component SSR:
    ./frontend/src/features/services/components/skill-actions.tsx [Client Component SSR]
    ./frontend/src/features/services/components/skill-table.tsx [Client Component SSR]
    ./frontend/src/features/services/components/services-page.tsx [Client Component SSR]
    ./frontend/src/features/services/components/services-page.tsx [Server Component]
    ./frontend/src/app/admin/services/page.tsx [Server Component]


./frontend/src/features/staff/components/staff-list/staff-actions.tsx:6:1
Export DeleteConfirmDialog doesn't exist in target module
[0m [90m 4 |[39m [36mimport[39m { deleteStaff } [36mfrom[39m [32m"@/features/staff/actions"[39m[33m;[39m
 [90m 5 |[39m [36mimport[39m { useDeleteAction } [36mfrom[39m [32m"@/shared/hooks"[39m[33m;[39m
[31m[1m>[22m[39m[90m 6 |[39m [36mimport[39m { [33mDeleteConfirmDialog[39m[33m,[39m [33mDropdownMenuItem[39m[33m,[39m [33mDropdownMenuLabel[39m[33m,[39m [33mTableRowActions[39m } [36mfrom[39m [32m"@/shared/ui"[39m[33m;[39m
 [90m   |[39m [31m[1m^[22m[39m[31m[1m^[22m[39m[31m[1m^[22m[39m[31m[1m^[22m[39m[31m[1m^[22m[39m[31m[1m^[22m[39m[31m[1m^[22m[39m[31m[1m^[22m[39m[31m[1m^[22m[39m[31m[1m^[22m[39m[31m[1m^[22m[39m[31m[1m^[22m[39m[31m[1m^[22m[39m[31m[1m^[22m[39m[31m[1m^[22m[39m[31m[1m^[22m[39m[31m[1m^[22m[39m[31m[1m^[22m[39m[31m[1m^[22m[39m[31m[1m^[22m[39m[31m[1m^[22m[39m[31m[1m^[22m[39m[31m[1m^[22m[39m[31m[1m^[22m[39m[31m[1m^[22m[39m[31m[1m^[22m[39m[31m[1m^[22m[39m[31m[1m^[22m[39m[31m[1m^[22m[39m[31m[1m^[22m[39m[31m[1m^[22m[39m[31m[1m^[22m[39m[31m[1m^[22m[39m[31m[1m^[22m[39m[31m[1m^[22m[39m[31m[1m^[22m[39m[31m[1m^[22m[39m[31m[1m^[22m[39m[31m[1m^[22m[39m[31m[1m^[22m[39m[31m[1m^[22m[39m[31m[1m^[22m[39m[31m[1m^[22m[39m[31m[1m^[22m[39m[31m[1m^[22m[39m[31m[1m^[22m[39m[31m[1m^[22m[39m[31m[1m^[22m[39m[31m[1m^[22m[39m[31m[1m^[22m[39m[31m[1m^[22m[39m[31m[1m^[22m[39m[31m[1m^[22m[39m[31m[1m^[22m[39m[31m[1m^[22m[39m[31m[1m^[22m[39m[31m[1m^[22m[39m[31m[1m^[22m[39m[31m[1m^[22m[39m[31m[1m^[22m[39m[31m[1m^[22m[39m[31m[1m^[22m[39m[31m[1m^[22m[39m[31m[1m^[22m[39m[31m[1m^[22m[39m[31m[1m^[22m[39m[31m[1m^[22m[39m[31m[1m^[22m[39m[31m[1m^[22m[39m[31m[1m^[22m[39m[31m[1m^[22m[39m[31m[1m^[22m[39m[31m[1m^[22m[39m[31m[1m^[22m[39m[31m[1m^[22m[39m[31m[1m^[22m[39m[31m[1m^[22m[39m[31m[1m^[22m[39m[31m[1m^[22m[39m[31m[1m^[22m[39m[31m[1m^[22m[39m[31m[1m^[22m[39m[31m[1m^[22m[39m[31m[1m^[22m[39m[31m[1m^[22m[39m[31m[1m^[22m[39m[31m[1m^[22m[39m[31m[1m^[22m[39m[31m[1m^[22m[39m[31m[1m^[22m[39m[31m[1m^[22m[39m[31m[1m^[22m[39m[31m[1m^[22m[39m[31m[1m^[22m[39m[31m[1m^[22m[39m[31m[1m^[22m[39m[31m[1m^[22m[39m[31m[1m^[22m[39m[31m[1m^[22m[39m[31m[1m^[22m[39m[31m[1m^[22m[39m[31m[1m^[22m[39m[31m[1m^[22m[39m[31m[1m^[22m[39m
 [90m 7 |[39m [36mimport[39m { [33mCalendar[39m[33m,[39m [33mKeyRound[39m } [36mfrom[39m [32m"lucide-react"[39m[33m;[39m
 [90m 8 |[39m [36mimport[39m { usePathname[33m,[39m useRouter[33m,[39m useSearchParams } [36mfrom[39m [32m"next/navigation"[39m[33m;[39m
 [90m 9 |[39m [36mimport[39m { [33mStaff[39m } [36mfrom[39m [32m"../../model/types"[39m[33m;[39m[0m

The export DeleteConfirmDialog was not found in module [project]/frontend/src/shared/ui/index.ts [app-client] (ecmascript).
Did you mean to import AlertDialog?
All exports of the module are statically known (It doesn't have dynamic exports). So it's known statically that the requested export doesn't exist.

Import traces:
  Client Component Browser:
    ./frontend/src/features/staff/components/staff-list/staff-actions.tsx [Client Component Browser]
    ./frontend/src/features/staff/components/staff-list/staff-table.tsx [Client Component Browser]
    ./frontend/src/features/staff/components/staff-page.tsx [Client Component Browser]
    ./frontend/src/features/staff/components/staff-page.tsx [Server Component]
    ./frontend/src/app/admin/staff/page.tsx [Server Component]

  Client Component SSR:
    ./frontend/src/features/staff/components/staff-list/staff-actions.tsx [Client Component SSR]
    ./frontend/src/features/staff/components/staff-list/staff-table.tsx [Client Component SSR]
    ./frontend/src/features/staff/components/staff-page.tsx [Client Component SSR]
    ./frontend/src/features/staff/components/staff-page.tsx [Server Component]
    ./frontend/src/app/admin/staff/page.tsx [Server Component]


./frontend/src/features/staff/components/staff-list/staff-actions.tsx:5:1
Export DeleteConfirmDialog doesn't exist in target module
[0m [90m  3 |[39m [36mimport[39m { deleteStaff } [36mfrom[39m [32m"@/features/staff/actions"[39m[33m;[39m
 [90m  4 |[39m [36mimport[39m { useDeleteAction } [36mfrom[39m [32m"@/shared/hooks"[39m[33m;[39m
[31m[1m>[22m[39m[90m  5 |[39m [36mimport[39m {
 [90m    |[39m [31m[1m^[22m[39m[31m[1m^[22m[39m[31m[1m^[22m[39m[31m[1m^[22m[39m[31m[1m^[22m[39m[31m[1m^[22m[39m[31m[1m^[22m[39m[31m[1m^[22m[39m
[31m[1m>[22m[39m[90m  6 |[39m   [33mDeleteConfirmDialog[39m[33m,[39m
 [90m    |[39m [31m[1m^[22m[39m[31m[1m^[22m[39m[31m[1m^[22m[39m[31m[1m^[22m[39m[31m[1m^[22m[39m[31m[1m^[22m[39m[31m[1m^[22m[39m[31m[1m^[22m[39m[31m[1m^[22m[39m[31m[1m^[22m[39m[31m[1m^[22m[39m[31m[1m^[22m[39m[31m[1m^[22m[39m[31m[1m^[22m[39m[31m[1m^[22m[39m[31m[1m^[22m[39m[31m[1m^[22m[39m[31m[1m^[22m[39m[31m[1m^[22m[39m[31m[1m^[22m[39m[31m[1m^[22m[39m[31m[1m^[22m[39m
[31m[1m>[22m[39m[90m  7 |[39m   [33mDropdownMenuItem[39m[33m,[39m
 [90m    |[39m [31m[1m^[22m[39m[31m[1m^[22m[39m[31m[1m^[22m[39m[31m[1m^[22m[39m[31m[1m^[22m[39m[31m[1m^[22m[39m[31m[1m^[22m[39m[31m[1m^[22m[39m[31m[1m^[22m[39m[31m[1m^[22m[39m[31m[1m^[22m[39m[31m[1m^[22m[39m[31m[1m^[22m[39m[31m[1m^[22m[39m[31m[1m^[22m[39m[31m[1m^[22m[39m[31m[1m^[22m[39m[31m[1m^[22m[39m[31m[1m^[22m[39m[31m[1m^[22m[39m[31m[1m^[22m[39m[31m[1m^[22m[39m
[31m[1m>[22m[39m[90m  8 |[39m   [33mDropdownMenuLabel[39m[33m,[39m
 [90m    |[39m [31m[1m^[22m[39m[31m[1m^[22m[39m[31m[1m^[22m[39m[31m[1m^[22m[39m[31m[1m^[22m[39m[31m[1m^[22m[39m[31m[1m^[22m[39m[31m[1m^[22m[39m[31m[1m^[22m[39m[31m[1m^[22m[39m[31m[1m^[22m[39m[31m[1m^[22m[39m[31m[1m^[22m[39m[31m[1m^[22m[39m[31m[1m^[22m[39m[31m[1m^[22m[39m[31m[1m^[22m[39m[31m[1m^[22m[39m[31m[1m^[22m[39m[31m[1m^[22m[39m[31m[1m^[22m[39m[31m[1m^[22m[39m
[31m[1m>[22m[39m[90m  9 |[39m   [33mTableRowActions[39m[33m,[39m
 [90m    |[39m [31m[1m^[22m[39m[31m[1m^[22m[39m[31m[1m^[22m[39m[31m[1m^[22m[39m[31m[1m^[22m[39m[31m[1m^[22m[39m[31m[1m^[22m[39m[31m[1m^[22m[39m[31m[1m^[22m[39m[31m[1m^[22m[39m[31m[1m^[22m[39m[31m[1m^[22m[39m[31m[1m^[22m[39m[31m[1m^[22m[39m[31m[1m^[22m[39m[31m[1m^[22m[39m[31m[1m^[22m[39m[31m[1m^[22m[39m[31m[1m^[22m[39m[31m[1m^[22m[39m[31m[1m^[22m[39m[31m[1m^[22m[39m
[31m[1m>[22m[39m[90m 10 |[39m } [36mfrom[39m [32m"@/shared/ui"[39m[33m;[39m
 [90m    |[39m [31m[1m^[22m[39m[31m[1m^[22m[39m[31m[1m^[22m[39m[31m[1m^[22m[39m[31m[1m^[22m[39m[31m[1m^[22m[39m[31m[1m^[22m[39m[31m[1m^[22m[39m[31m[1m^[22m[39m[31m[1m^[22m[39m[31m[1m^[22m[39m[31m[1m^[22m[39m[31m[1m^[22m[39m[31m[1m^[22m[39m[31m[1m^[22m[39m[31m[1m^[22m[39m[31m[1m^[22m[39m[31m[1m^[22m[39m[31m[1m^[22m[39m[31m[1m^[22m[39m[31m[1m^[22m[39m[31m[1m^[22m[39m
 [90m 11 |[39m [36mimport[39m { [33mCalendar[39m[33m,[39m [33mKeyRound[39m } [36mfrom[39m [32m"lucide-react"[39m[33m;[39m
 [90m 12 |[39m [36mimport[39m { usePathname[33m,[39m useRouter[33m,[39m useSearchParams } [36mfrom[39m [32m"next/navigation"[39m[33m;[39m
 [90m 13 |[39m [36mimport[39m { [33mStaff[39m } [36mfrom[39m [32m"../../model/types"[39m[33m;[39m[0m

The export DeleteConfirmDialog was not found in module [project]/frontend/src/shared/ui/index.ts [app-ssr] (ecmascript).
Did you mean to import AlertDialog?
All exports of the module are statically known (It doesn't have dynamic exports). So it's known statically that the requested export doesn't exist.

Import traces:
  Client Component Browser:
    ./frontend/src/features/staff/components/staff-list/staff-actions.tsx [Client Component Browser]
    ./frontend/src/features/staff/components/staff-list/staff-table.tsx [Client Component Browser]
    ./frontend/src/features/staff/components/staff-page.tsx [Client Component Browser]
    ./frontend/src/features/staff/components/staff-page.tsx [Server Component]
    ./frontend/src/app/admin/staff/page.tsx [Server Component]

  Client Component SSR:
    ./frontend/src/features/staff/components/staff-list/staff-actions.tsx [Client Component SSR]
    ./frontend/src/features/staff/components/staff-list/staff-table.tsx [Client Component SSR]
    ./frontend/src/features/staff/components/staff-page.tsx [Client Component SSR]
    ./frontend/src/features/staff/components/staff-page.tsx [Server Component]
    ./frontend/src/app/admin/staff/page.tsx [Server Component]


./frontend/src/features/staff/components/staff-list/staff-table.tsx:9:1
Export DeleteConfirmDialog doesn't exist in target module
[0m [90m  7 |[39m [36mimport[39m { [33mZ_INDEX[39m } [36mfrom[39m [32m"@/shared/lib/design-tokens"[39m[33m;[39m
 [90m  8 |[39m [36mimport[39m { cn[33m,[39m getInitials } [36mfrom[39m [32m"@/shared/lib/utils"[39m[33m;[39m
[31m[1m>[22m[39m[90m  9 |[39m [36mimport[39m { [33mDeleteConfirmDialog[39m[33m,[39m [33mSpinner[39m } [36mfrom[39m [32m"@/shared/ui"[39m[33m;[39m
 [90m    |[39m [31m[1m^[22m[39m[31m[1m^[22m[39m[31m[1m^[22m[39m[31m[1m^[22m[39m[31m[1m^[22m[39m[31m[1m^[22m[39m[31m[1m^[22m[39m[31m[1m^[22m[39m[31m[1m^[22m[39m[31m[1m^[22m[39m[31m[1m^[22m[39m[31m[1m^[22m[39m[31m[1m^[22m[39m[31m[1m^[22m[39m[31m[1m^[22m[39m[31m[1m^[22m[39m[31m[1m^[22m[39m[31m[1m^[22m[39m[31m[1m^[22m[39m[31m[1m^[22m[39m[31m[1m^[22m[39m[31m[1m^[22m[39m[31m[1m^[22m[39m[31m[1m^[22m[39m[31m[1m^[22m[39m[31m[1m^[22m[39m[31m[1m^[22m[39m[31m[1m^[22m[39m[31m[1m^[22m[39m[31m[1m^[22m[39m[31m[1m^[22m[39m[31m[1m^[22m[39m[31m[1m^[22m[39m[31m[1m^[22m[39m[31m[1m^[22m[39m[31m[1m^[22m[39m[31m[1m^[22m[39m[31m[1m^[22m[39m[31m[1m^[22m[39m[31m[1m^[22m[39m[31m[1m^[22m[39m[31m[1m^[22m[39m[31m[1m^[22m[39m[31m[1m^[22m[39m[31m[1m^[22m[39m[31m[1m^[22m[39m[31m[1m^[22m[39m[31m[1m^[22m[39m[31m[1m^[22m[39m[31m[1m^[22m[39m[31m[1m^[22m[39m[31m[1m^[22m[39m[31m[1m^[22m[39m[31m[1m^[22m[39m[31m[1m^[22m[39m[31m[1m^[22m[39m[31m[1m^[22m[39m[31m[1m^[22m[39m[31m[1m^[22m[39m
 [90m 10 |[39m [36mimport[39m { [33mAvatar[39m[33m,[39m [33mAvatarFallback[39m[33m,[39m [33mAvatarImage[39m } [36mfrom[39m [32m"@/shared/ui/avatar"[39m[33m;[39m
 [90m 11 |[39m [36mimport[39m { [33mBadge[39m } [36mfrom[39m [32m"@/shared/ui/badge"[39m[33m;[39m
 [90m 12 |[39m [36mimport[39m { [33mCheckbox[39m } [36mfrom[39m [32m"@/shared/ui/checkbox"[39m[33m;[39m[0m

The export DeleteConfirmDialog was not found in module [project]/frontend/src/shared/ui/index.ts [app-client] (ecmascript).
Did you mean to import AlertDialog?
All exports of the module are statically known (It doesn't have dynamic exports). So it's known statically that the requested export doesn't exist.

Import traces:
  Client Component Browser:
    ./frontend/src/features/staff/components/staff-list/staff-table.tsx [Client Component Browser]
    ./frontend/src/features/staff/components/staff-page.tsx [Client Component Browser]
    ./frontend/src/features/staff/components/staff-page.tsx [Server Component]
    ./frontend/src/app/admin/staff/page.tsx [Server Component]

  Client Component SSR:
    ./frontend/src/features/staff/components/staff-list/staff-table.tsx [Client Component SSR]
    ./frontend/src/features/staff/components/staff-page.tsx [Client Component SSR]
    ./frontend/src/features/staff/components/staff-page.tsx [Server Component]
    ./frontend/src/app/admin/staff/page.tsx [Server Component]


./frontend/src/features/staff/components/staff-list/staff-table.tsx:11:1
Export DeleteConfirmDialog doesn't exist in target module
[0m [90m  9 |[39m [36mimport[39m { [33mZ_INDEX[39m } [36mfrom[39m [32m"@/shared/lib/design-tokens"[39m[33m;[39m
 [90m 10 |[39m [36mimport[39m { cn[33m,[39m getInitials } [36mfrom[39m [32m"@/shared/lib/utils"[39m[33m;[39m
[31m[1m>[22m[39m[90m 11 |[39m [36mimport[39m { [33mDeleteConfirmDialog[39m[33m,[39m [33mSpinner[39m } [36mfrom[39m [32m"@/shared/ui"[39m[33m;[39m
 [90m    |[39m [31m[1m^[22m[39m[31m[1m^[22m[39m[31m[1m^[22m[39m[31m[1m^[22m[39m[31m[1m^[22m[39m[31m[1m^[22m[39m[31m[1m^[22m[39m[31m[1m^[22m[39m[31m[1m^[22m[39m[31m[1m^[22m[39m[31m[1m^[22m[39m[31m[1m^[22m[39m[31m[1m^[22m[39m[31m[1m^[22m[39m[31m[1m^[22m[39m[31m[1m^[22m[39m[31m[1m^[22m[39m[31m[1m^[22m[39m[31m[1m^[22m[39m[31m[1m^[22m[39m[31m[1m^[22m[39m[31m[1m^[22m[39m[31m[1m^[22m[39m[31m[1m^[22m[39m[31m[1m^[22m[39m[31m[1m^[22m[39m[31m[1m^[22m[39m[31m[1m^[22m[39m[31m[1m^[22m[39m[31m[1m^[22m[39m[31m[1m^[22m[39m[31m[1m^[22m[39m[31m[1m^[22m[39m[31m[1m^[22m[39m[31m[1m^[22m[39m[31m[1m^[22m[39m[31m[1m^[22m[39m[31m[1m^[22m[39m[31m[1m^[22m[39m[31m[1m^[22m[39m[31m[1m^[22m[39m[31m[1m^[22m[39m[31m[1m^[22m[39m[31m[1m^[22m[39m[31m[1m^[22m[39m[31m[1m^[22m[39m[31m[1m^[22m[39m[31m[1m^[22m[39m[31m[1m^[22m[39m[31m[1m^[22m[39m[31m[1m^[22m[39m[31m[1m^[22m[39m[31m[1m^[22m[39m[31m[1m^[22m[39m[31m[1m^[22m[39m[31m[1m^[22m[39m[31m[1m^[22m[39m[31m[1m^[22m[39m[31m[1m^[22m[39m
 [90m 12 |[39m [36mimport[39m { [33mAvatar[39m[33m,[39m [33mAvatarFallback[39m[33m,[39m [33mAvatarImage[39m } [36mfrom[39m [32m"@/shared/ui/avatar"[39m[33m;[39m
 [90m 13 |[39m [36mimport[39m { [33mBadge[39m } [36mfrom[39m [32m"@/shared/ui/badge"[39m[33m;[39m
 [90m 14 |[39m [36mimport[39m { [33mCheckbox[39m } [36mfrom[39m [32m"@/shared/ui/checkbox"[39m[33m;[39m[0m

The export DeleteConfirmDialog was not found in module [project]/frontend/src/shared/ui/index.ts [app-ssr] (ecmascript).
Did you mean to import AlertDialog?
All exports of the module are statically known (It doesn't have dynamic exports). So it's known statically that the requested export doesn't exist.

Import traces:
  Client Component Browser:
    ./frontend/src/features/staff/components/staff-list/staff-table.tsx [Client Component Browser]
    ./frontend/src/features/staff/components/staff-page.tsx [Client Component Browser]
    ./frontend/src/features/staff/components/staff-page.tsx [Server Component]
    ./frontend/src/app/admin/staff/page.tsx [Server Component]

  Client Component SSR:
    ./frontend/src/features/staff/components/staff-list/staff-table.tsx [Client Component SSR]
    ./frontend/src/features/staff/components/staff-page.tsx [Client Component SSR]
    ./frontend/src/features/staff/components/staff-page.tsx [Server Component]
    ./frontend/src/app/admin/staff/page.tsx [Server Component]


./frontend/src/features/packages/components/package-form.tsx:6:1
Export RequiredMark doesn't exist in target module
[0m [90m 4 |[39m [36mimport[39m { [33mService[39m } [36mfrom[39m [32m"@/features/services"[39m[33m;[39m
 [90m 5 |[39m [36mimport[39m { cn } [36mfrom[39m [32m"@/shared/lib/utils"[39m[33m;[39m
[31m[1m>[22m[39m[90m 6 |[39m [36mimport[39m { [33mButton[39m[33m,[39m [33mFormControl[39m[33m,[39m [33mFormField[39m[33m,[39m [33mFormItem[39m[33m,[39m [33mFormLabel[39m[33m,[39m [33mFormMessage[39m[33m,[39m [33mInput[39m[33m,[39m [33mRequiredMark[39m[33m,[39m [33mSelect[39m[33m,[39m [33mSelectContent[39m[33m,[39m [33mSelectItem[39m[33m,[39m [33mSelectTrigger[39m[33m,[39m [33mSelectValue[39m[33m,[39m [33mSwitch[39m[33m,[39m [33mTextarea[39m } [36mfrom[39m [32m"@/shared/ui"[39m[33m;[39m
 [90m   |[39m [31m[1m^[22m[39m[31m[1m^[22m[39m[31m[1m^[22m[39m[31m[1m^[22m[39m[31m[1m^[22m[39m[31m[1m^[22m[39m[31m[1m^[22m[39m[31m[1m^[22m[39m[31m[1m^[22m[39m[31m[1m^[22m[39m[31m[1m^[22m[39m[31m[1m^[22m[39m[31m[1m^[22m[39m[31m[1m^[22m[39m[31m[1m^[22m[39m[31m[1m^[22m[39m[31m[1m^[22m[39m[31m[1m^[22m[39m[31m[1m^[22m[39m[31m[1m^[22m[39m[31m[1m^[22m[39m[31m[1m^[22m[39m[31m[1m^[22m[39m[31m[1m^[22m[39m[31m[1m^[22m[39m[31m[1m^[22m[39m[31m[1m^[22m[39m[31m[1m^[22m[39m[31m[1m^[22m[39m[31m[1m^[22m[39m[31m[1m^[22m[39m[31m[1m^[22m[39m[31m[1m^[22m[39m[31m[1m^[22m[39m[31m[1m^[22m[39m[31m[1m^[22m[39m[31m[1m^[22m[39m[31m[1m^[22m[39m[31m[1m^[22m[39m[31m[1m^[22m[39m[31m[1m^[22m[39m[31m[1m^[22m[39m[31m[1m^[22m[39m[31m[1m^[22m[39m[31m[1m^[22m[39m[31m[1m^[22m[39m[31m[1m^[22m[39m[31m[1m^[22m[39m[31m[1m^[22m[39m[31m[1m^[22m[39m[31m[1m^[22m[39m[31m[1m^[22m[39m[31m[1m^[22m[39m[31m[1m^[22m[39m[31m[1m^[22m[39m[31m[1m^[22m[39m[31m[1m^[22m[39m[31m[1m^[22m[39m[31m[1m^[22m[39m[31m[1m^[22m[39m[31m[1m^[22m[39m[31m[1m^[22m[39m[31m[1m^[22m[39m[31m[1m^[22m[39m[31m[1m^[22m[39m[31m[1m^[22m[39m[31m[1m^[22m[39m[31m[1m^[22m[39m[31m[1m^[22m[39m[31m[1m^[22m[39m[31m[1m^[22m[39m[31m[1m^[22m[39m[31m[1m^[22m[39m[31m[1m^[22m[39m[31m[1m^[22m[39m[31m[1m^[22m[39m[31m[1m^[22m[39m[31m[1m^[22m[39m[31m[1m^[22m[39m[31m[1m^[22m[39m[31m[1m^[22m[39m[31m[1m^[22m[39m[31m[1m^[22m[39m[31m[1m^[22m[39m[31m[1m^[22m[39m[31m[1m^[22m[39m[31m[1m^[22m[39m[31m[1m^[22m[39m[31m[1m^[22m[39m[31m[1m^[22m[39m[31m[1m^[22m[39m[31m[1m^[22m[39m[31m[1m^[22m[39m[31m[1m^[22m[39m[31m[1m^[22m[39m[31m[1m^[22m[39m[31m[1m^[22m[39m[31m[1m^[22m[39m[31m[1m^[22m[39m[31m[1m^[22m[39m[31m[1m^[22m[39m[31m[1m^[22m[39m[31m[1m^[22m[39m[31m[1m^[22m[39m[31m[1m^[22m[39m[31m[1m^[22m[39m[31m[1m^[22m[39m[31m[1m^[22m[39m[31m[1m^[22m[39m[31m[1m^[22m[39m[31m[1m^[22m[39m[31m[1m^[22m[39m[31m[1m^[22m[39m[31m[1m^[22m[39m[31m[1m^[22m[39m[31m[1m^[22m[39m[31m[1m^[22m[39m[31m[1m^[22m[39m[31m[1m^[22m[39m[31m[1m^[22m[39m[31m[1m^[22m[39m[31m[1m^[22m[39m[31m[1m^[22m[39m[31m[1m^[22m[39m[31m[1m^[22m[39m[31m[1m^[22m[39m[31m[1m^[22m[39m[31m[1m^[22m[39m[31m[1m^[22m[39m[31m[1m^[22m[39m[31m[1m^[22m[39m[31m[1m^[22m[39m[31m[1m^[22m[39m[31m[1m^[22m[39m[31m[1m^[22m[39m[31m[1m^[22m[39m[31m[1m^[22m[39m[31m[1m^[22m[39m[31m[1m^[22m[39m[31m[1m^[22m[39m[31m[1m^[22m[39m[31m[1m^[22m[39m[31m[1m^[22m[39m[31m[1m^[22m[39m[31m[1m^[22m[39m[31m[1m^[22m[39m[31m[1m^[22m[39m[31m[1m^[22m[39m[31m[1m^[22m[39m[31m[1m^[22m[39m[31m[1m^[22m[39m[31m[1m^[22m[39m[31m[1m^[22m[39m[31m[1m^[22m[39m[31m[1m^[22m[39m[31m[1m^[22m[39m[31m[1m^[22m[39m[31m[1m^[22m[39m[31m[1m^[22m[39m[31m[1m^[22m[39m[31m[1m^[22m[39m[31m[1m^[22m[39m[31m[1m^[22m[39m[31m[1m^[22m[39m[31m[1m^[22m[39m[31m[1m^[22m[39m[31m[1m^[22m[39m[31m[1m^[22m[39m[31m[1m^[22m[39m[31m[1m^[22m[39m[31m[1m^[22m[39m[31m[1m^[22m[39m[31m[1m^[22m[39m[31m[1m^[22m[39m[31m[1m^[22m[39m[31m[1m^[22m[39m[31m[1m^[22m[39m[31m[1m^[22m[39m[31m[1m^[22m[39m[31m[1m^[22m[39m[31m[1m^[22m[39m[31m[1m^[22m[39m[31m[1m^[22m[39m[31m[1m^[22m[39m[31m[1m^[22m[39m[31m[1m^[22m[39m[31m[1m^[22m[39m[31m[1m^[22m[39m[31m[1m^[22m[39m[31m[1m^[22m[39m[31m[1m^[22m[39m[31m[1m^[22m[39m[31m[1m^[22m[39m[31m[1m^[22m[39m[31m[1m^[22m[39m[31m[1m^[22m[39m[31m[1m^[22m[39m
 [90m 7 |[39m [36mimport[39m { [33mNumberInput[39m } [36mfrom[39m [32m"@/shared/components/number-input"[39m[33m;[39m
 [90m 8 |[39m [36mimport[39m { [33mPlus[39m[33m,[39m [33mTrash2[39m } [36mfrom[39m [32m"lucide-react"[39m[33m;[39m
 [90m 9 |[39m [36mimport[39m { useFieldArray[33m,[39m useFormContext } [36mfrom[39m [32m"react-hook-form"[39m[33m;[39m[0m

The export RequiredMark was not found in module [project]/frontend/src/shared/ui/index.ts [app-client] (ecmascript).
Did you mean to import useSidebar?
All exports of the module are statically known (It doesn't have dynamic exports). So it's known statically that the requested export doesn't exist.

Import traces:
  Client Component Browser:
    ./frontend/src/features/packages/components/package-form.tsx [Client Component Browser]
    ./frontend/src/features/packages/components/package-sheet.tsx [Client Component Browser]
    ./frontend/src/features/packages/components/package-table.tsx [Client Component Browser]
    ./frontend/src/features/services/components/services-page.tsx [Client Component Browser]
    ./frontend/src/features/services/components/services-page.tsx [Server Component]
    ./frontend/src/app/admin/services/page.tsx [Server Component]

  Client Component SSR:
    ./frontend/src/features/packages/components/package-form.tsx [Client Component SSR]
    ./frontend/src/features/packages/components/package-sheet.tsx [Client Component SSR]
    ./frontend/src/features/packages/components/package-table.tsx [Client Component SSR]
    ./frontend/src/features/services/components/services-page.tsx [Client Component SSR]
    ./frontend/src/features/services/components/services-page.tsx [Server Component]
    ./frontend/src/app/admin/services/page.tsx [Server Component]


./frontend/src/features/packages/components/package-form.tsx:5:1
Export RequiredMark doesn't exist in target module
[0m [90m  3 |[39m [36mimport[39m { [33mService[39m } [36mfrom[39m [32m"@/features/services"[39m[33m;[39m
 [90m  4 |[39m [36mimport[39m { cn } [36mfrom[39m [32m"@/shared/lib/utils"[39m[33m;[39m
[31m[1m>[22m[39m[90m  5 |[39m [36mimport[39m {
 [90m    |[39m [31m[1m^[22m[39m[31m[1m^[22m[39m[31m[1m^[22m[39m[31m[1m^[22m[39m[31m[1m^[22m[39m[31m[1m^[22m[39m[31m[1m^[22m[39m[31m[1m^[22m[39m
[31m[1m>[22m[39m[90m  6 |[39m     [33mButton[39m[33m,[39m
 [90m    |[39m [31m[1m^[22m[39m[31m[1m^[22m[39m[31m[1m^[22m[39m[31m[1m^[22m[39m[31m[1m^[22m[39m[31m[1m^[22m[39m[31m[1m^[22m[39m[31m[1m^[22m[39m[31m[1m^[22m[39m[31m[1m^[22m[39m[31m[1m^[22m[39m
[31m[1m>[22m[39m[90m  7 |[39m     [33mFormControl[39m[33m,[39m
 [90m    |[39m [31m[1m^[22m[39m[31m[1m^[22m[39m[31m[1m^[22m[39m[31m[1m^[22m[39m[31m[1m^[22m[39m[31m[1m^[22m[39m[31m[1m^[22m[39m[31m[1m^[22m[39m[31m[1m^[22m[39m[31m[1m^[22m[39m[31m[1m^[22m[39m
[31m[1m>[22m[39m[90m  8 |[39m     [33mFormField[39m[33m,[39m
 [90m    |[39m [31m[1m^[22m[39m[31m[1m^[22m[39m[31m[1m^[22m[39m[31m[1m^[22m[39m[31m[1m^[22m[39m[31m[1m^[22m[39m[31m[1m^[22m[39m[31m[1m^[22m[39m[31m[1m^[22m[39m[31m[1m^[22m[39m[31m[1m^[22m[39m
[31m[1m>[22m[39m[90m  9 |[39m     [33mFormItem[39m[33m,[39m
 [90m    |[39m [31m[1m^[22m[39m[31m[1m^[22m[39m[31m[1m^[22m[39m[31m[1m^[22m[39m[31m[1m^[22m[39m[31m[1m^[22m[39m[31m[1m^[22m[39m[31m[1m^[22m[39m[31m[1m^[22m[39m[31m[1m^[22m[39m[31m[1m^[22m[39m
[31m[1m>[22m[39m[90m 10 |[39m     [33mFormLabel[39m[33m,[39m
 [90m    |[39m [31m[1m^[22m[39m[31m[1m^[22m[39m[31m[1m^[22m[39m[31m[1m^[22m[39m[31m[1m^[22m[39m[31m[1m^[22m[39m[31m[1m^[22m[39m[31m[1m^[22m[39m[31m[1m^[22m[39m[31m[1m^[22m[39m[31m[1m^[22m[39m
[31m[1m>[22m[39m[90m 11 |[39m     [33mFormMessage[39m[33m,[39m
 [90m    |[39m [31m[1m^[22m[39m[31m[1m^[22m[39m[31m[1m^[22m[39m[31m[1m^[22m[39m[31m[1m^[22m[39m[31m[1m^[22m[39m[31m[1m^[22m[39m[31m[1m^[22m[39m[31m[1m^[22m[39m[31m[1m^[22m[39m[31m[1m^[22m[39m
[31m[1m>[22m[39m[90m 12 |[39m     [33mInput[39m[33m,[39m
 [90m    |[39m [31m[1m^[22m[39m[31m[1m^[22m[39m[31m[1m^[22m[39m[31m[1m^[22m[39m[31m[1m^[22m[39m[31m[1m^[22m[39m[31m[1m^[22m[39m[31m[1m^[22m[39m[31m[1m^[22m[39m[31m[1m^[22m[39m[31m[1m^[22m[39m
[31m[1m>[22m[39m[90m 13 |[39m     [33mRequiredMark[39m[33m,[39m
 [90m    |[39m [31m[1m^[22m[39m[31m[1m^[22m[39m[31m[1m^[22m[39m[31m[1m^[22m[39m[31m[1m^[22m[39m[31m[1m^[22m[39m[31m[1m^[22m[39m[31m[1m^[22m[39m[31m[1m^[22m[39m[31m[1m^[22m[39m[31m[1m^[22m[39m
[31m[1m>[22m[39m[90m 14 |[39m     [33mSelect[39m[33m,[39m
 [90m    |[39m [31m[1m^[22m[39m[31m[1m^[22m[39m[31m[1m^[22m[39m[31m[1m^[22m[39m[31m[1m^[22m[39m[31m[1m^[22m[39m[31m[1m^[22m[39m[31m[1m^[22m[39m[31m[1m^[22m[39m[31m[1m^[22m[39m[31m[1m^[22m[39m
[31m[1m>[22m[39m[90m 15 |[39m     [33mSelectContent[39m[33m,[39m
 [90m    |[39m [31m[1m^[22m[39m[31m[1m^[22m[39m[31m[1m^[22m[39m[31m[1m^[22m[39m[31m[1m^[22m[39m[31m[1m^[22m[39m[31m[1m^[22m[39m[31m[1m^[22m[39m[31m[1m^[22m[39m[31m[1m^[22m[39m[31m[1m^[22m[39m
[31m[1m>[22m[39m[90m 16 |[39m     [33mSelectItem[39m[33m,[39m
 [90m    |[39m [31m[1m^[22m[39m[31m[1m^[22m[39m[31m[1m^[22m[39m[31m[1m^[22m[39m[31m[1m^[22m[39m[31m[1m^[22m[39m[31m[1m^[22m[39m[31m[1m^[22m[39m[31m[1m^[22m[39m[31m[1m^[22m[39m[31m[1m^[22m[39m
[31m[1m>[22m[39m[90m 17 |[39m     [33mSelectTrigger[39m[33m,[39m
 [90m    |[39m [31m[1m^[22m[39m[31m[1m^[22m[39m[31m[1m^[22m[39m[31m[1m^[22m[39m[31m[1m^[22m[39m[31m[1m^[22m[39m[31m[1m^[22m[39m[31m[1m^[22m[39m[31m[1m^[22m[39m[31m[1m^[22m[39m[31m[1m^[22m[39m
[31m[1m>[22m[39m[90m 18 |[39m     [33mSelectValue[39m[33m,[39m
 [90m    |[39m [31m[1m^[22m[39m[31m[1m^[22m[39m[31m[1m^[22m[39m[31m[1m^[22m[39m[31m[1m^[22m[39m[31m[1m^[22m[39m[31m[1m^[22m[39m[31m[1m^[22m[39m[31m[1m^[22m[39m[31m[1m^[22m[39m[31m[1m^[22m[39m
[31m[1m>[22m[39m[90m 19 |[39m     [33mSwitch[39m[33m,[39m
 [90m    |[39m [31m[1m^[22m[39m[31m[1m^[22m[39m[31m[1m^[22m[39m[31m[1m^[22m[39m[31m[1m^[22m[39m[31m[1m^[22m[39m[31m[1m^[22m[39m[31m[1m^[22m[39m[31m[1m^[22m[39m[31m[1m^[22m[39m[31m[1m^[22m[39m
[31m[1m>[22m[39m[90m 20 |[39m     [33mTextarea[39m[33m,[39m
 [90m    |[39m [31m[1m^[22m[39m[31m[1m^[22m[39m[31m[1m^[22m[39m[31m[1m^[22m[39m[31m[1m^[22m[39m[31m[1m^[22m[39m[31m[1m^[22m[39m[31m[1m^[22m[39m[31m[1m^[22m[39m[31m[1m^[22m[39m[31m[1m^[22m[39m
[31m[1m>[22m[39m[90m 21 |[39m } [36mfrom[39m [32m"@/shared/ui"[39m[33m;[39m
 [90m    |[39m [31m[1m^[22m[39m[31m[1m^[22m[39m[31m[1m^[22m[39m[31m[1m^[22m[39m[31m[1m^[22m[39m[31m[1m^[22m[39m[31m[1m^[22m[39m[31m[1m^[22m[39m[31m[1m^[22m[39m[31m[1m^[22m[39m[31m[1m^[22m[39m[31m[1m^[22m[39m[31m[1m^[22m[39m[31m[1m^[22m[39m[31m[1m^[22m[39m[31m[1m^[22m[39m[31m[1m^[22m[39m[31m[1m^[22m[39m[31m[1m^[22m[39m[31m[1m^[22m[39m[31m[1m^[22m[39m[31m[1m^[22m[39m
 [90m 22 |[39m [36mimport[39m { [33mNumberInput[39m } [36mfrom[39m [32m"@/shared/components/number-input"[39m[33m;[39m
 [90m 23 |[39m [36mimport[39m { [33mPlus[39m[33m,[39m [33mTrash2[39m } [36mfrom[39m [32m"lucide-react"[39m[33m;[39m
 [90m 24 |[39m [36mimport[39m { useFieldArray[33m,[39m useFormContext } [36mfrom[39m [32m"react-hook-form"[39m[33m;[39m[0m

The export RequiredMark was not found in module [project]/frontend/src/shared/ui/index.ts [app-ssr] (ecmascript).
Did you mean to import useSidebar?
All exports of the module are statically known (It doesn't have dynamic exports). So it's known statically that the requested export doesn't exist.

Import traces:
  Client Component Browser:
    ./frontend/src/features/packages/components/package-form.tsx [Client Component Browser]
    ./frontend/src/features/packages/components/package-sheet.tsx [Client Component Browser]
    ./frontend/src/features/packages/components/package-table.tsx [Client Component Browser]
    ./frontend/src/features/services/components/services-page.tsx [Client Component Browser]
    ./frontend/src/features/services/components/services-page.tsx [Server Component]
    ./frontend/src/app/admin/services/page.tsx [Server Component]

  Client Component SSR:
    ./frontend/src/features/packages/components/package-form.tsx [Client Component SSR]
    ./frontend/src/features/packages/components/package-sheet.tsx [Client Component SSR]
    ./frontend/src/features/packages/components/package-table.tsx [Client Component SSR]
    ./frontend/src/features/services/components/services-page.tsx [Client Component SSR]
    ./frontend/src/features/services/components/services-page.tsx [Server Component]
    ./frontend/src/app/admin/services/page.tsx [Server Component]


./frontend/src/features/customers/components/customer-actions.tsx:7:1
Export TableRowActions doesn't exist in target module
[0m [90m  5 |[39m [36mimport[39m { [33mCustomer[39m } [36mfrom[39m [32m"@/features/customers/model/types"[39m[33m;[39m
 [90m  6 |[39m [36mimport[39m { useDeleteAction } [36mfrom[39m [32m"@/shared/hooks"[39m[33m;[39m
[31m[1m>[22m[39m[90m  7 |[39m [36mimport[39m { [33mDeleteConfirmDialog[39m[33m,[39m [33mTableRowActions[39m } [36mfrom[39m [32m"@/shared/ui"[39m[33m;[39m
 [90m    |[39m [31m[1m^[22m[39m[31m[1m^[22m[39m[31m[1m^[22m[39m[31m[1m^[22m[39m[31m[1m^[22m[39m[31m[1m^[22m[39m[31m[1m^[22m[39m[31m[1m^[22m[39m[31m[1m^[22m[39m[31m[1m^[22m[39m[31m[1m^[22m[39m[31m[1m^[22m[39m[31m[1m^[22m[39m[31m[1m^[22m[39m[31m[1m^[22m[39m[31m[1m^[22m[39m[31m[1m^[22m[39m[31m[1m^[22m[39m[31m[1m^[22m[39m[31m[1m^[22m[39m[31m[1m^[22m[39m[31m[1m^[22m[39m[31m[1m^[22m[39m[31m[1m^[22m[39m[31m[1m^[22m[39m[31m[1m^[22m[39m[31m[1m^[22m[39m[31m[1m^[22m[39m[31m[1m^[22m[39m[31m[1m^[22m[39m[31m[1m^[22m[39m[31m[1m^[22m[39m[31m[1m^[22m[39m[31m[1m^[22m[39m[31m[1m^[22m[39m[31m[1m^[22m[39m[31m[1m^[22m[39m[31m[1m^[22m[39m[31m[1m^[22m[39m[31m[1m^[22m[39m[31m[1m^[22m[39m[31m[1m^[22m[39m[31m[1m^[22m[39m[31m[1m^[22m[39m[31m[1m^[22m[39m[31m[1m^[22m[39m[31m[1m^[22m[39m[31m[1m^[22m[39m[31m[1m^[22m[39m[31m[1m^[22m[39m[31m[1m^[22m[39m[31m[1m^[22m[39m[31m[1m^[22m[39m[31m[1m^[22m[39m[31m[1m^[22m[39m[31m[1m^[22m[39m[31m[1m^[22m[39m[31m[1m^[22m[39m[31m[1m^[22m[39m[31m[1m^[22m[39m[31m[1m^[22m[39m[31m[1m^[22m[39m[31m[1m^[22m[39m[31m[1m^[22m[39m[31m[1m^[22m[39m[31m[1m^[22m[39m[31m[1m^[22m[39m
 [90m  8 |[39m [36minterface[39m [33mCustomerActionsProps[39m {
 [90m  9 |[39m   customer[33m:[39m [33mCustomer[39m[33m;[39m
 [90m 10 |[39m   onEdit[33m:[39m () [33m=>[39m [36mvoid[39m[33m;[39m[0m

The export TableRowActions was not found in module [project]/frontend/src/shared/ui/index.ts [app-client] (ecmascript).
Did you mean to import TableRow?
All exports of the module are statically known (It doesn't have dynamic exports). So it's known statically that the requested export doesn't exist.

Import traces:
  Client Component Browser:
    ./frontend/src/features/customers/components/customer-actions.tsx [Client Component Browser]
    ./frontend/src/features/customers/components/customer-list/customer-table.tsx [Client Component Browser]
    ./frontend/src/features/customers/components/customer-list/customer-table.tsx [Server Component]
    ./frontend/src/features/customers/index.ts [Server Component]
    ./frontend/src/app/admin/customers/page.tsx [Server Component]

  Client Component SSR:
    ./frontend/src/features/customers/components/customer-actions.tsx [Client Component SSR]
    ./frontend/src/features/customers/components/customer-list/customer-table.tsx [Client Component SSR]
    ./frontend/src/features/customers/components/customer-list/customer-table.tsx [Server Component]
    ./frontend/src/features/customers/index.ts [Server Component]
    ./frontend/src/app/admin/customers/page.tsx [Server Component]


./frontend/src/features/customers/components/customer-actions.tsx:6:1
Export TableRowActions doesn't exist in target module
[0m [90m 4 |[39m [36mimport[39m { [33mCustomer[39m } [36mfrom[39m [32m"@/features/customers/model/types"[39m[33m;[39m
 [90m 5 |[39m [36mimport[39m { useDeleteAction } [36mfrom[39m [32m"@/shared/hooks"[39m[33m;[39m
[31m[1m>[22m[39m[90m 6 |[39m [36mimport[39m { [33mDeleteConfirmDialog[39m[33m,[39m [33mTableRowActions[39m } [36mfrom[39m [32m"@/shared/ui"[39m[33m;[39m
 [90m   |[39m [31m[1m^[22m[39m[31m[1m^[22m[39m[31m[1m^[22m[39m[31m[1m^[22m[39m[31m[1m^[22m[39m[31m[1m^[22m[39m[31m[1m^[22m[39m[31m[1m^[22m[39m[31m[1m^[22m[39m[31m[1m^[22m[39m[31m[1m^[22m[39m[31m[1m^[22m[39m[31m[1m^[22m[39m[31m[1m^[22m[39m[31m[1m^[22m[39m[31m[1m^[22m[39m[31m[1m^[22m[39m[31m[1m^[22m[39m[31m[1m^[22m[39m[31m[1m^[22m[39m[31m[1m^[22m[39m[31m[1m^[22m[39m[31m[1m^[22m[39m[31m[1m^[22m[39m[31m[1m^[22m[39m[31m[1m^[22m[39m[31m[1m^[22m[39m[31m[1m^[22m[39m[31m[1m^[22m[39m[31m[1m^[22m[39m[31m[1m^[22m[39m[31m[1m^[22m[39m[31m[1m^[22m[39m[31m[1m^[22m[39m[31m[1m^[22m[39m[31m[1m^[22m[39m[31m[1m^[22m[39m[31m[1m^[22m[39m[31m[1m^[22m[39m[31m[1m^[22m[39m[31m[1m^[22m[39m[31m[1m^[22m[39m[31m[1m^[22m[39m[31m[1m^[22m[39m[31m[1m^[22m[39m[31m[1m^[22m[39m[31m[1m^[22m[39m[31m[1m^[22m[39m[31m[1m^[22m[39m[31m[1m^[22m[39m[31m[1m^[22m[39m[31m[1m^[22m[39m[31m[1m^[22m[39m[31m[1m^[22m[39m[31m[1m^[22m[39m[31m[1m^[22m[39m[31m[1m^[22m[39m[31m[1m^[22m[39m[31m[1m^[22m[39m[31m[1m^[22m[39m[31m[1m^[22m[39m[31m[1m^[22m[39m[31m[1m^[22m[39m[31m[1m^[22m[39m[31m[1m^[22m[39m[31m[1m^[22m[39m[31m[1m^[22m[39m
 [90m 7 |[39m
 [90m 8 |[39m [36minterface[39m [33mCustomerActionsProps[39m {
 [90m 9 |[39m   customer[33m:[39m [33mCustomer[39m[33m;[39m[0m

The export TableRowActions was not found in module [project]/frontend/src/shared/ui/index.ts [app-ssr] (ecmascript).
Did you mean to import TableRow?
All exports of the module are statically known (It doesn't have dynamic exports). So it's known statically that the requested export doesn't exist.

Import traces:
  Client Component Browser:
    ./frontend/src/features/customers/components/customer-actions.tsx [Client Component Browser]
    ./frontend/src/features/customers/components/customer-list/customer-table.tsx [Client Component Browser]
    ./frontend/src/features/customers/components/customer-list/customer-table.tsx [Server Component]
    ./frontend/src/features/customers/index.ts [Server Component]
    ./frontend/src/app/admin/customers/page.tsx [Server Component]

  Client Component SSR:
    ./frontend/src/features/customers/components/customer-actions.tsx [Client Component SSR]
    ./frontend/src/features/customers/components/customer-list/customer-table.tsx [Client Component SSR]
    ./frontend/src/features/customers/components/customer-list/customer-table.tsx [Server Component]
    ./frontend/src/features/customers/index.ts [Server Component]
    ./frontend/src/app/admin/customers/page.tsx [Server Component]


./frontend/src/features/resources/components/resource-actions.tsx:5:1
Export TableRowActions doesn't exist in target module
[0m [90m 3 |[39m [36mimport[39m { c [36mas[39m _c } [36mfrom[39m [32m"react/compiler-runtime"[39m[33m;[39m
 [90m 4 |[39m [36mimport[39m { useDeleteAction } [36mfrom[39m [32m"@/shared/hooks"[39m[33m;[39m
[31m[1m>[22m[39m[90m 5 |[39m [36mimport[39m { [33mDeleteConfirmDialog[39m[33m,[39m [33mDropdownMenuItem[39m[33m,[39m [33mDropdownMenuLabel[39m[33m,[39m [33mTableRowActions[39m } [36mfrom[39m [32m"@/shared/ui"[39m[33m;[39m
 [90m   |[39m [31m[1m^[22m[39m[31m[1m^[22m[39m[31m[1m^[22m[39m[31m[1m^[22m[39m[31m[1m^[22m[39m[31m[1m^[22m[39m[31m[1m^[22m[39m[31m[1m^[22m[39m[31m[1m^[22m[39m[31m[1m^[22m[39m[31m[1m^[22m[39m[31m[1m^[22m[39m[31m[1m^[22m[39m[31m[1m^[22m[39m[31m[1m^[22m[39m[31m[1m^[22m[39m[31m[1m^[22m[39m[31m[1m^[22m[39m[31m[1m^[22m[39m[31m[1m^[22m[39m[31m[1m^[22m[39m[31m[1m^[22m[39m[31m[1m^[22m[39m[31m[1m^[22m[39m[31m[1m^[22m[39m[31m[1m^[22m[39m[31m[1m^[22m[39m[31m[1m^[22m[39m[31m[1m^[22m[39m[31m[1m^[22m[39m[31m[1m^[22m[39m[31m[1m^[22m[39m[31m[1m^[22m[39m[31m[1m^[22m[39m[31m[1m^[22m[39m[31m[1m^[22m[39m[31m[1m^[22m[39m[31m[1m^[22m[39m[31m[1m^[22m[39m[31m[1m^[22m[39m[31m[1m^[22m[39m[31m[1m^[22m[39m[31m[1m^[22m[39m[31m[1m^[22m[39m[31m[1m^[22m[39m[31m[1m^[22m[39m[31m[1m^[22m[39m[31m[1m^[22m[39m[31m[1m^[22m[39m[31m[1m^[22m[39m[31m[1m^[22m[39m[31m[1m^[22m[39m[31m[1m^[22m[39m[31m[1m^[22m[39m[31m[1m^[22m[39m[31m[1m^[22m[39m[31m[1m^[22m[39m[31m[1m^[22m[39m[31m[1m^[22m[39m[31m[1m^[22m[39m[31m[1m^[22m[39m[31m[1m^[22m[39m[31m[1m^[22m[39m[31m[1m^[22m[39m[31m[1m^[22m[39m[31m[1m^[22m[39m[31m[1m^[22m[39m[31m[1m^[22m[39m[31m[1m^[22m[39m[31m[1m^[22m[39m[31m[1m^[22m[39m[31m[1m^[22m[39m[31m[1m^[22m[39m[31m[1m^[22m[39m[31m[1m^[22m[39m[31m[1m^[22m[39m[31m[1m^[22m[39m[31m[1m^[22m[39m[31m[1m^[22m[39m[31m[1m^[22m[39m[31m[1m^[22m[39m[31m[1m^[22m[39m[31m[1m^[22m[39m[31m[1m^[22m[39m[31m[1m^[22m[39m[31m[1m^[22m[39m[31m[1m^[22m[39m[31m[1m^[22m[39m[31m[1m^[22m[39m[31m[1m^[22m[39m[31m[1m^[22m[39m[31m[1m^[22m[39m[31m[1m^[22m[39m[31m[1m^[22m[39m[31m[1m^[22m[39m[31m[1m^[22m[39m[31m[1m^[22m[39m[31m[1m^[22m[39m[31m[1m^[22m[39m[31m[1m^[22m[39m[31m[1m^[22m[39m[31m[1m^[22m[39m[31m[1m^[22m[39m[31m[1m^[22m[39m
 [90m 6 |[39m [36mimport[39m { [33mHistory[39m } [36mfrom[39m [32m"lucide-react"[39m[33m;[39m
 [90m 7 |[39m [36mimport[39m { deleteResource } [36mfrom[39m [32m"../actions"[39m[33m;[39m
 [90m 8 |[39m [36mimport[39m { [33mResource[39m } [36mfrom[39m [32m"../model/types"[39m[33m;[39m[0m

The export TableRowActions was not found in module [project]/frontend/src/shared/ui/index.ts [app-client] (ecmascript).
Did you mean to import TableRow?
All exports of the module are statically known (It doesn't have dynamic exports). So it's known statically that the requested export doesn't exist.

Import traces:
  Client Component Browser:
    ./frontend/src/features/resources/components/resource-actions.tsx [Client Component Browser]
    ./frontend/src/features/resources/components/resource-table.tsx [Client Component Browser]
    ./frontend/src/features/resources/components/resource-page.tsx [Client Component Browser]
    ./frontend/src/features/resources/components/resource-page.tsx [Server Component]
    ./frontend/src/app/admin/resources/page.tsx [Server Component]

  Client Component SSR:
    ./frontend/src/features/resources/components/resource-actions.tsx [Client Component SSR]
    ./frontend/src/features/resources/components/resource-table.tsx [Client Component SSR]
    ./frontend/src/features/resources/components/resource-page.tsx [Client Component SSR]
    ./frontend/src/features/resources/components/resource-page.tsx [Server Component]
    ./frontend/src/app/admin/resources/page.tsx [Server Component]


./frontend/src/features/resources/components/resource-actions.tsx:4:1
Export TableRowActions doesn't exist in target module
[0m [90m  2 |[39m
 [90m  3 |[39m [36mimport[39m { useDeleteAction } [36mfrom[39m [32m"@/shared/hooks"[39m[33m;[39m
[31m[1m>[22m[39m[90m  4 |[39m [36mimport[39m {
 [90m    |[39m [31m[1m^[22m[39m[31m[1m^[22m[39m[31m[1m^[22m[39m[31m[1m^[22m[39m[31m[1m^[22m[39m[31m[1m^[22m[39m[31m[1m^[22m[39m[31m[1m^[22m[39m
[31m[1m>[22m[39m[90m  5 |[39m   [33mDeleteConfirmDialog[39m[33m,[39m
 [90m    |[39m [31m[1m^[22m[39m[31m[1m^[22m[39m[31m[1m^[22m[39m[31m[1m^[22m[39m[31m[1m^[22m[39m[31m[1m^[22m[39m[31m[1m^[22m[39m[31m[1m^[22m[39m[31m[1m^[22m[39m[31m[1m^[22m[39m[31m[1m^[22m[39m[31m[1m^[22m[39m[31m[1m^[22m[39m[31m[1m^[22m[39m[31m[1m^[22m[39m[31m[1m^[22m[39m[31m[1m^[22m[39m[31m[1m^[22m[39m[31m[1m^[22m[39m[31m[1m^[22m[39m[31m[1m^[22m[39m[31m[1m^[22m[39m
[31m[1m>[22m[39m[90m  6 |[39m   [33mDropdownMenuItem[39m[33m,[39m
 [90m    |[39m [31m[1m^[22m[39m[31m[1m^[22m[39m[31m[1m^[22m[39m[31m[1m^[22m[39m[31m[1m^[22m[39m[31m[1m^[22m[39m[31m[1m^[22m[39m[31m[1m^[22m[39m[31m[1m^[22m[39m[31m[1m^[22m[39m[31m[1m^[22m[39m[31m[1m^[22m[39m[31m[1m^[22m[39m[31m[1m^[22m[39m[31m[1m^[22m[39m[31m[1m^[22m[39m[31m[1m^[22m[39m[31m[1m^[22m[39m[31m[1m^[22m[39m[31m[1m^[22m[39m[31m[1m^[22m[39m[31m[1m^[22m[39m
[31m[1m>[22m[39m[90m  7 |[39m   [33mDropdownMenuLabel[39m[33m,[39m
 [90m    |[39m [31m[1m^[22m[39m[31m[1m^[22m[39m[31m[1m^[22m[39m[31m[1m^[22m[39m[31m[1m^[22m[39m[31m[1m^[22m[39m[31m[1m^[22m[39m[31m[1m^[22m[39m[31m[1m^[22m[39m[31m[1m^[22m[39m[31m[1m^[22m[39m[31m[1m^[22m[39m[31m[1m^[22m[39m[31m[1m^[22m[39m[31m[1m^[22m[39m[31m[1m^[22m[39m[31m[1m^[22m[39m[31m[1m^[22m[39m[31m[1m^[22m[39m[31m[1m^[22m[39m[31m[1m^[22m[39m[31m[1m^[22m[39m
[31m[1m>[22m[39m[90m  8 |[39m   [33mTableRowActions[39m[33m,[39m
 [90m    |[39m [31m[1m^[22m[39m[31m[1m^[22m[39m[31m[1m^[22m[39m[31m[1m^[22m[39m[31m[1m^[22m[39m[31m[1m^[22m[39m[31m[1m^[22m[39m[31m[1m^[22m[39m[31m[1m^[22m[39m[31m[1m^[22m[39m[31m[1m^[22m[39m[31m[1m^[22m[39m[31m[1m^[22m[39m[31m[1m^[22m[39m[31m[1m^[22m[39m[31m[1m^[22m[39m[31m[1m^[22m[39m[31m[1m^[22m[39m[31m[1m^[22m[39m[31m[1m^[22m[39m[31m[1m^[22m[39m[31m[1m^[22m[39m
[31m[1m>[22m[39m[90m  9 |[39m } [36mfrom[39m [32m"@/shared/ui"[39m[33m;[39m
 [90m    |[39m [31m[1m^[22m[39m[31m[1m^[22m[39m[31m[1m^[22m[39m[31m[1m^[22m[39m[31m[1m^[22m[39m[31m[1m^[22m[39m[31m[1m^[22m[39m[31m[1m^[22m[39m[31m[1m^[22m[39m[31m[1m^[22m[39m[31m[1m^[22m[39m[31m[1m^[22m[39m[31m[1m^[22m[39m[31m[1m^[22m[39m[31m[1m^[22m[39m[31m[1m^[22m[39m[31m[1m^[22m[39m[31m[1m^[22m[39m[31m[1m^[22m[39m[31m[1m^[22m[39m[31m[1m^[22m[39m[31m[1m^[22m[39m
 [90m 10 |[39m [36mimport[39m { [33mHistory[39m } [36mfrom[39m [32m"lucide-react"[39m[33m;[39m
 [90m 11 |[39m [36mimport[39m { deleteResource } [36mfrom[39m [32m"../actions"[39m[33m;[39m
 [90m 12 |[39m [36mimport[39m { [33mResource[39m } [36mfrom[39m [32m"../model/types"[39m[33m;[39m[0m

The export TableRowActions was not found in module [project]/frontend/src/shared/ui/index.ts [app-ssr] (ecmascript).
Did you mean to import TableRow?
All exports of the module are statically known (It doesn't have dynamic exports). So it's known statically that the requested export doesn't exist.

Import traces:
  Client Component Browser:
    ./frontend/src/features/resources/components/resource-actions.tsx [Client Component Browser]
    ./frontend/src/features/resources/components/resource-table.tsx [Client Component Browser]
    ./frontend/src/features/resources/components/resource-page.tsx [Client Component Browser]
    ./frontend/src/features/resources/components/resource-page.tsx [Server Component]
    ./frontend/src/app/admin/resources/page.tsx [Server Component]

  Client Component SSR:
    ./frontend/src/features/resources/components/resource-actions.tsx [Client Component SSR]
    ./frontend/src/features/resources/components/resource-table.tsx [Client Component SSR]
    ./frontend/src/features/resources/components/resource-page.tsx [Client Component SSR]
    ./frontend/src/features/resources/components/resource-page.tsx [Server Component]
    ./frontend/src/app/admin/resources/page.tsx [Server Component]


./frontend/src/features/services/components/category-actions.tsx:5:1
Export TableRowActions doesn't exist in target module
[0m [90m 3 |[39m [36mimport[39m { c [36mas[39m _c } [36mfrom[39m [32m"react/compiler-runtime"[39m[33m;[39m
 [90m 4 |[39m [36mimport[39m { useDeleteAction } [36mfrom[39m [32m"@/shared/hooks"[39m[33m;[39m
[31m[1m>[22m[39m[90m 5 |[39m [36mimport[39m { [33mDeleteConfirmDialog[39m[33m,[39m [33mTableRowActions[39m } [36mfrom[39m [32m"@/shared/ui"[39m[33m;[39m
 [90m   |[39m [31m[1m^[22m[39m[31m[1m^[22m[39m[31m[1m^[22m[39m[31m[1m^[22m[39m[31m[1m^[22m[39m[31m[1m^[22m[39m[31m[1m^[22m[39m[31m[1m^[22m[39m[31m[1m^[22m[39m[31m[1m^[22m[39m[31m[1m^[22m[39m[31m[1m^[22m[39m[31m[1m^[22m[39m[31m[1m^[22m[39m[31m[1m^[22m[39m[31m[1m^[22m[39m[31m[1m^[22m[39m[31m[1m^[22m[39m[31m[1m^[22m[39m[31m[1m^[22m[39m[31m[1m^[22m[39m[31m[1m^[22m[39m[31m[1m^[22m[39m[31m[1m^[22m[39m[31m[1m^[22m[39m[31m[1m^[22m[39m[31m[1m^[22m[39m[31m[1m^[22m[39m[31m[1m^[22m[39m[31m[1m^[22m[39m[31m[1m^[22m[39m[31m[1m^[22m[39m[31m[1m^[22m[39m[31m[1m^[22m[39m[31m[1m^[22m[39m[31m[1m^[22m[39m[31m[1m^[22m[39m[31m[1m^[22m[39m[31m[1m^[22m[39m[31m[1m^[22m[39m[31m[1m^[22m[39m[31m[1m^[22m[39m[31m[1m^[22m[39m[31m[1m^[22m[39m[31m[1m^[22m[39m[31m[1m^[22m[39m[31m[1m^[22m[39m[31m[1m^[22m[39m[31m[1m^[22m[39m[31m[1m^[22m[39m[31m[1m^[22m[39m[31m[1m^[22m[39m[31m[1m^[22m[39m[31m[1m^[22m[39m[31m[1m^[22m[39m[31m[1m^[22m[39m[31m[1m^[22m[39m[31m[1m^[22m[39m[31m[1m^[22m[39m[31m[1m^[22m[39m[31m[1m^[22m[39m[31m[1m^[22m[39m[31m[1m^[22m[39m[31m[1m^[22m[39m[31m[1m^[22m[39m[31m[1m^[22m[39m[31m[1m^[22m[39m
 [90m 6 |[39m [36mimport[39m { [33mSheet[39m[33m,[39m [33mSheetContent[39m[33m,[39m [33mSheetDescription[39m[33m,[39m [33mSheetHeader[39m[33m,[39m [33mSheetTitle[39m } [36mfrom[39m [32m"@/shared/ui/sheet"[39m[33m;[39m
 [90m 7 |[39m [36mimport[39m { useState } [36mfrom[39m [32m"react"[39m[33m;[39m
 [90m 8 |[39m [36mimport[39m { deleteServiceCategory } [36mfrom[39m [32m"../actions"[39m[33m;[39m[0m

The export TableRowActions was not found in module [project]/frontend/src/shared/ui/index.ts [app-client] (ecmascript).
Did you mean to import TableRow?
All exports of the module are statically known (It doesn't have dynamic exports). So it's known statically that the requested export doesn't exist.

Import traces:
  Client Component Browser:
    ./frontend/src/features/services/components/category-actions.tsx [Client Component Browser]
    ./frontend/src/features/services/components/category-table.tsx [Client Component Browser]
    ./frontend/src/features/services/components/services-page.tsx [Client Component Browser]
    ./frontend/src/features/services/components/services-page.tsx [Server Component]
    ./frontend/src/app/admin/services/page.tsx [Server Component]

  Client Component SSR:
    ./frontend/src/features/services/components/category-actions.tsx [Client Component SSR]
    ./frontend/src/features/services/components/category-table.tsx [Client Component SSR]
    ./frontend/src/features/services/components/services-page.tsx [Client Component SSR]
    ./frontend/src/features/services/components/services-page.tsx [Server Component]
    ./frontend/src/app/admin/services/page.tsx [Server Component]


./frontend/src/features/services/components/category-actions.tsx:4:1
Export TableRowActions doesn't exist in target module
[0m [90m  2 |[39m
 [90m  3 |[39m [36mimport[39m { useDeleteAction } [36mfrom[39m [32m"@/shared/hooks"[39m[33m;[39m
[31m[1m>[22m[39m[90m  4 |[39m [36mimport[39m {
 [90m    |[39m [31m[1m^[22m[39m[31m[1m^[22m[39m[31m[1m^[22m[39m[31m[1m^[22m[39m[31m[1m^[22m[39m[31m[1m^[22m[39m[31m[1m^[22m[39m[31m[1m^[22m[39m
[31m[1m>[22m[39m[90m  5 |[39m     [33mDeleteConfirmDialog[39m[33m,[39m
 [90m    |[39m [31m[1m^[22m[39m[31m[1m^[22m[39m[31m[1m^[22m[39m[31m[1m^[22m[39m[31m[1m^[22m[39m[31m[1m^[22m[39m[31m[1m^[22m[39m[31m[1m^[22m[39m[31m[1m^[22m[39m[31m[1m^[22m[39m[31m[1m^[22m[39m[31m[1m^[22m[39m[31m[1m^[22m[39m[31m[1m^[22m[39m[31m[1m^[22m[39m[31m[1m^[22m[39m[31m[1m^[22m[39m[31m[1m^[22m[39m[31m[1m^[22m[39m[31m[1m^[22m[39m[31m[1m^[22m[39m[31m[1m^[22m[39m[31m[1m^[22m[39m[31m[1m^[22m[39m
[31m[1m>[22m[39m[90m  6 |[39m     [33mTableRowActions[39m[33m,[39m
 [90m    |[39m [31m[1m^[22m[39m[31m[1m^[22m[39m[31m[1m^[22m[39m[31m[1m^[22m[39m[31m[1m^[22m[39m[31m[1m^[22m[39m[31m[1m^[22m[39m[31m[1m^[22m[39m[31m[1m^[22m[39m[31m[1m^[22m[39m[31m[1m^[22m[39m[31m[1m^[22m[39m[31m[1m^[22m[39m[31m[1m^[22m[39m[31m[1m^[22m[39m[31m[1m^[22m[39m[31m[1m^[22m[39m[31m[1m^[22m[39m[31m[1m^[22m[39m[31m[1m^[22m[39m[31m[1m^[22m[39m[31m[1m^[22m[39m[31m[1m^[22m[39m[31m[1m^[22m[39m
[31m[1m>[22m[39m[90m  7 |[39m } [36mfrom[39m [32m"@/shared/ui"[39m[33m;[39m
 [90m    |[39m [31m[1m^[22m[39m[31m[1m^[22m[39m[31m[1m^[22m[39m[31m[1m^[22m[39m[31m[1m^[22m[39m[31m[1m^[22m[39m[31m[1m^[22m[39m[31m[1m^[22m[39m[31m[1m^[22m[39m[31m[1m^[22m[39m[31m[1m^[22m[39m[31m[1m^[22m[39m[31m[1m^[22m[39m[31m[1m^[22m[39m[31m[1m^[22m[39m[31m[1m^[22m[39m[31m[1m^[22m[39m[31m[1m^[22m[39m[31m[1m^[22m[39m[31m[1m^[22m[39m[31m[1m^[22m[39m[31m[1m^[22m[39m
 [90m  8 |[39m [36mimport[39m {
 [90m  9 |[39m     [33mSheet[39m[33m,[39m
 [90m 10 |[39m     [33mSheetContent[39m[33m,[39m[0m

The export TableRowActions was not found in module [project]/frontend/src/shared/ui/index.ts [app-ssr] (ecmascript).
Did you mean to import TableRow?
All exports of the module are statically known (It doesn't have dynamic exports). So it's known statically that the requested export doesn't exist.

Import traces:
  Client Component Browser:
    ./frontend/src/features/services/components/category-actions.tsx [Client Component Browser]
    ./frontend/src/features/services/components/category-table.tsx [Client Component Browser]
    ./frontend/src/features/services/components/services-page.tsx [Client Component Browser]
    ./frontend/src/features/services/components/services-page.tsx [Server Component]
    ./frontend/src/app/admin/services/page.tsx [Server Component]

  Client Component SSR:
    ./frontend/src/features/services/components/category-actions.tsx [Client Component SSR]
    ./frontend/src/features/services/components/category-table.tsx [Client Component SSR]
    ./frontend/src/features/services/components/services-page.tsx [Client Component SSR]
    ./frontend/src/features/services/components/services-page.tsx [Server Component]
    ./frontend/src/app/admin/services/page.tsx [Server Component]


./frontend/src/features/services/components/service-actions.tsx:4:1
Export TableRowActions doesn't exist in target module
[0m [90m 2 |[39m
 [90m 3 |[39m [36mimport[39m { c [36mas[39m _c } [36mfrom[39m [32m"react/compiler-runtime"[39m[33m;[39m
[31m[1m>[22m[39m[90m 4 |[39m [36mimport[39m { [33mTableRowActions[39m } [36mfrom[39m [32m"@/shared/ui"[39m[33m;[39m
 [90m   |[39m [31m[1m^[22m[39m[31m[1m^[22m[39m[31m[1m^[22m[39m[31m[1m^[22m[39m[31m[1m^[22m[39m[31m[1m^[22m[39m[31m[1m^[22m[39m[31m[1m^[22m[39m[31m[1m^[22m[39m[31m[1m^[22m[39m[31m[1m^[22m[39m[31m[1m^[22m[39m[31m[1m^[22m[39m[31m[1m^[22m[39m[31m[1m^[22m[39m[31m[1m^[22m[39m[31m[1m^[22m[39m[31m[1m^[22m[39m[31m[1m^[22m[39m[31m[1m^[22m[39m[31m[1m^[22m[39m[31m[1m^[22m[39m[31m[1m^[22m[39m[31m[1m^[22m[39m[31m[1m^[22m[39m[31m[1m^[22m[39m[31m[1m^[22m[39m[31m[1m^[22m[39m[31m[1m^[22m[39m[31m[1m^[22m[39m[31m[1m^[22m[39m[31m[1m^[22m[39m[31m[1m^[22m[39m[31m[1m^[22m[39m[31m[1m^[22m[39m[31m[1m^[22m[39m[31m[1m^[22m[39m[31m[1m^[22m[39m[31m[1m^[22m[39m[31m[1m^[22m[39m[31m[1m^[22m[39m[31m[1m^[22m[39m[31m[1m^[22m[39m[31m[1m^[22m[39m[31m[1m^[22m[39m[31m[1m^[22m[39m
 [90m 5 |[39m [36mimport[39m { useTransition } [36mfrom[39m [32m"react"[39m[33m;[39m
 [90m 6 |[39m [36mimport[39m { toast } [36mfrom[39m [32m"sonner"[39m[33m;[39m
 [90m 7 |[39m [36mimport[39m { deleteService } [36mfrom[39m [32m"../actions"[39m[33m;[39m[0m

The export TableRowActions was not found in module [project]/frontend/src/shared/ui/index.ts [app-client] (ecmascript).
Did you mean to import TableRow?
All exports of the module are statically known (It doesn't have dynamic exports). So it's known statically that the requested export doesn't exist.

Import traces:
  Client Component Browser:
    ./frontend/src/features/services/components/service-actions.tsx [Client Component Browser]
    ./frontend/src/features/services/components/service-columns.tsx [Client Component Browser]
    ./frontend/src/features/services/components/service-table.tsx [Client Component Browser]
    ./frontend/src/features/services/components/services-page.tsx [Client Component Browser]
    ./frontend/src/features/services/components/services-page.tsx [Server Component]
    ./frontend/src/app/admin/services/page.tsx [Server Component]

  Client Component SSR:
    ./frontend/src/features/services/components/service-actions.tsx [Client Component SSR]
    ./frontend/src/features/services/components/service-columns.tsx [Client Component SSR]
    ./frontend/src/features/services/components/service-table.tsx [Client Component SSR]
    ./frontend/src/features/services/components/services-page.tsx [Client Component SSR]
    ./frontend/src/features/services/components/services-page.tsx [Server Component]
    ./frontend/src/app/admin/services/page.tsx [Server Component]


./frontend/src/features/services/components/service-actions.tsx:3:1
Export TableRowActions doesn't exist in target module
[0m [90m 1 |[39m [32m"use client"[39m[33m;[39m
 [90m 2 |[39m
[31m[1m>[22m[39m[90m 3 |[39m [36mimport[39m { [33mTableRowActions[39m } [36mfrom[39m [32m"@/shared/ui"[39m[33m;[39m
 [90m   |[39m [31m[1m^[22m[39m[31m[1m^[22m[39m[31m[1m^[22m[39m[31m[1m^[22m[39m[31m[1m^[22m[39m[31m[1m^[22m[39m[31m[1m^[22m[39m[31m[1m^[22m[39m[31m[1m^[22m[39m[31m[1m^[22m[39m[31m[1m^[22m[39m[31m[1m^[22m[39m[31m[1m^[22m[39m[31m[1m^[22m[39m[31m[1m^[22m[39m[31m[1m^[22m[39m[31m[1m^[22m[39m[31m[1m^[22m[39m[31m[1m^[22m[39m[31m[1m^[22m[39m[31m[1m^[22m[39m[31m[1m^[22m[39m[31m[1m^[22m[39m[31m[1m^[22m[39m[31m[1m^[22m[39m[31m[1m^[22m[39m[31m[1m^[22m[39m[31m[1m^[22m[39m[31m[1m^[22m[39m[31m[1m^[22m[39m[31m[1m^[22m[39m[31m[1m^[22m[39m[31m[1m^[22m[39m[31m[1m^[22m[39m[31m[1m^[22m[39m[31m[1m^[22m[39m[31m[1m^[22m[39m[31m[1m^[22m[39m[31m[1m^[22m[39m[31m[1m^[22m[39m[31m[1m^[22m[39m[31m[1m^[22m[39m[31m[1m^[22m[39m[31m[1m^[22m[39m[31m[1m^[22m[39m[31m[1m^[22m[39m
 [90m 4 |[39m [36mimport[39m { useTransition } [36mfrom[39m [32m"react"[39m[33m;[39m
 [90m 5 |[39m [36mimport[39m { toast } [36mfrom[39m [32m"sonner"[39m[33m;[39m
 [90m 6 |[39m [36mimport[39m { deleteService } [36mfrom[39m [32m"../actions"[39m[33m;[39m[0m

The export TableRowActions was not found in module [project]/frontend/src/shared/ui/index.ts [app-ssr] (ecmascript).
Did you mean to import TableRow?
All exports of the module are statically known (It doesn't have dynamic exports). So it's known statically that the requested export doesn't exist.

Import traces:
  Client Component Browser:
    ./frontend/src/features/services/components/service-actions.tsx [Client Component Browser]
    ./frontend/src/features/services/components/service-columns.tsx [Client Component Browser]
    ./frontend/src/features/services/components/service-table.tsx [Client Component Browser]
    ./frontend/src/features/services/components/services-page.tsx [Client Component Browser]
    ./frontend/src/features/services/components/services-page.tsx [Server Component]
    ./frontend/src/app/admin/services/page.tsx [Server Component]

  Client Component SSR:
    ./frontend/src/features/services/components/service-actions.tsx [Client Component SSR]
    ./frontend/src/features/services/components/service-columns.tsx [Client Component SSR]
    ./frontend/src/features/services/components/service-table.tsx [Client Component SSR]
    ./frontend/src/features/services/components/services-page.tsx [Client Component SSR]
    ./frontend/src/features/services/components/services-page.tsx [Server Component]
    ./frontend/src/app/admin/services/page.tsx [Server Component]


./frontend/src/features/services/components/skill-actions.tsx:3:1
Export TableRowActions doesn't exist in target module
[0m [90m 1 |[39m [36mimport[39m { c [36mas[39m _c } [36mfrom[39m [32m"react/compiler-runtime"[39m[33m;[39m
 [90m 2 |[39m [36mimport[39m { useDeleteAction } [36mfrom[39m [32m"@/shared/hooks"[39m[33m;[39m
[31m[1m>[22m[39m[90m 3 |[39m [36mimport[39m { [33mDeleteConfirmDialog[39m[33m,[39m [33mTableRowActions[39m } [36mfrom[39m [32m"@/shared/ui"[39m[33m;[39m
 [90m   |[39m [31m[1m^[22m[39m[31m[1m^[22m[39m[31m[1m^[22m[39m[31m[1m^[22m[39m[31m[1m^[22m[39m[31m[1m^[22m[39m[31m[1m^[22m[39m[31m[1m^[22m[39m[31m[1m^[22m[39m[31m[1m^[22m[39m[31m[1m^[22m[39m[31m[1m^[22m[39m[31m[1m^[22m[39m[31m[1m^[22m[39m[31m[1m^[22m[39m[31m[1m^[22m[39m[31m[1m^[22m[39m[31m[1m^[22m[39m[31m[1m^[22m[39m[31m[1m^[22m[39m[31m[1m^[22m[39m[31m[1m^[22m[39m[31m[1m^[22m[39m[31m[1m^[22m[39m[31m[1m^[22m[39m[31m[1m^[22m[39m[31m[1m^[22m[39m[31m[1m^[22m[39m[31m[1m^[22m[39m[31m[1m^[22m[39m[31m[1m^[22m[39m[31m[1m^[22m[39m[31m[1m^[22m[39m[31m[1m^[22m[39m[31m[1m^[22m[39m[31m[1m^[22m[39m[31m[1m^[22m[39m[31m[1m^[22m[39m[31m[1m^[22m[39m[31m[1m^[22m[39m[31m[1m^[22m[39m[31m[1m^[22m[39m[31m[1m^[22m[39m[31m[1m^[22m[39m[31m[1m^[22m[39m[31m[1m^[22m[39m[31m[1m^[22m[39m[31m[1m^[22m[39m[31m[1m^[22m[39m[31m[1m^[22m[39m[31m[1m^[22m[39m[31m[1m^[22m[39m[31m[1m^[22m[39m[31m[1m^[22m[39m[31m[1m^[22m[39m[31m[1m^[22m[39m[31m[1m^[22m[39m[31m[1m^[22m[39m[31m[1m^[22m[39m[31m[1m^[22m[39m[31m[1m^[22m[39m[31m[1m^[22m[39m[31m[1m^[22m[39m[31m[1m^[22m[39m[31m[1m^[22m[39m[31m[1m^[22m[39m[31m[1m^[22m[39m
 [90m 4 |[39m [36mimport[39m { [33mSheet[39m[33m,[39m [33mSheetContent[39m[33m,[39m [33mSheetDescription[39m[33m,[39m [33mSheetHeader[39m[33m,[39m [33mSheetTitle[39m } [36mfrom[39m [32m"@/shared/ui/sheet"[39m[33m;[39m
 [90m 5 |[39m [36mimport[39m { useState } [36mfrom[39m [32m"react"[39m[33m;[39m
 [90m 6 |[39m [36mimport[39m { deleteSkill } [36mfrom[39m [32m"../actions"[39m[33m;[39m[0m

The export TableRowActions was not found in module [project]/frontend/src/shared/ui/index.ts [app-client] (ecmascript).
Did you mean to import TableRow?
All exports of the module are statically known (It doesn't have dynamic exports). So it's known statically that the requested export doesn't exist.

Import traces:
  Client Component Browser:
    ./frontend/src/features/services/components/skill-actions.tsx [Client Component Browser]
    ./frontend/src/features/services/components/skill-table.tsx [Client Component Browser]
    ./frontend/src/features/services/components/services-page.tsx [Client Component Browser]
    ./frontend/src/features/services/components/services-page.tsx [Server Component]
    ./frontend/src/app/admin/services/page.tsx [Server Component]

  Client Component SSR:
    ./frontend/src/features/services/components/skill-actions.tsx [Client Component SSR]
    ./frontend/src/features/services/components/skill-table.tsx [Client Component SSR]
    ./frontend/src/features/services/components/services-page.tsx [Client Component SSR]
    ./frontend/src/features/services/components/services-page.tsx [Server Component]
    ./frontend/src/app/admin/services/page.tsx [Server Component]


./frontend/src/features/services/components/skill-actions.tsx:2:1
Export TableRowActions doesn't exist in target module
[0m [90m 1 |[39m [36mimport[39m { useDeleteAction } [36mfrom[39m [32m"@/shared/hooks"[39m[33m;[39m
[31m[1m>[22m[39m[90m 2 |[39m [36mimport[39m {
 [90m   |[39m [31m[1m^[22m[39m[31m[1m^[22m[39m[31m[1m^[22m[39m[31m[1m^[22m[39m[31m[1m^[22m[39m[31m[1m^[22m[39m[31m[1m^[22m[39m[31m[1m^[22m[39m
[31m[1m>[22m[39m[90m 3 |[39m     [33mDeleteConfirmDialog[39m[33m,[39m
 [90m   |[39m [31m[1m^[22m[39m[31m[1m^[22m[39m[31m[1m^[22m[39m[31m[1m^[22m[39m[31m[1m^[22m[39m[31m[1m^[22m[39m[31m[1m^[22m[39m[31m[1m^[22m[39m[31m[1m^[22m[39m[31m[1m^[22m[39m[31m[1m^[22m[39m[31m[1m^[22m[39m[31m[1m^[22m[39m[31m[1m^[22m[39m[31m[1m^[22m[39m[31m[1m^[22m[39m[31m[1m^[22m[39m[31m[1m^[22m[39m[31m[1m^[22m[39m[31m[1m^[22m[39m[31m[1m^[22m[39m[31m[1m^[22m[39m[31m[1m^[22m[39m[31m[1m^[22m[39m
[31m[1m>[22m[39m[90m 4 |[39m     [33mTableRowActions[39m[33m,[39m
 [90m   |[39m [31m[1m^[22m[39m[31m[1m^[22m[39m[31m[1m^[22m[39m[31m[1m^[22m[39m[31m[1m^[22m[39m[31m[1m^[22m[39m[31m[1m^[22m[39m[31m[1m^[22m[39m[31m[1m^[22m[39m[31m[1m^[22m[39m[31m[1m^[22m[39m[31m[1m^[22m[39m[31m[1m^[22m[39m[31m[1m^[22m[39m[31m[1m^[22m[39m[31m[1m^[22m[39m[31m[1m^[22m[39m[31m[1m^[22m[39m[31m[1m^[22m[39m[31m[1m^[22m[39m[31m[1m^[22m[39m[31m[1m^[22m[39m[31m[1m^[22m[39m[31m[1m^[22m[39m
[31m[1m>[22m[39m[90m 5 |[39m } [36mfrom[39m [32m"@/shared/ui"[39m[33m;[39m
 [90m   |[39m [31m[1m^[22m[39m[31m[1m^[22m[39m[31m[1m^[22m[39m[31m[1m^[22m[39m[31m[1m^[22m[39m[31m[1m^[22m[39m[31m[1m^[22m[39m[31m[1m^[22m[39m[31m[1m^[22m[39m[31m[1m^[22m[39m[31m[1m^[22m[39m[31m[1m^[22m[39m[31m[1m^[22m[39m[31m[1m^[22m[39m[31m[1m^[22m[39m[31m[1m^[22m[39m[31m[1m^[22m[39m[31m[1m^[22m[39m[31m[1m^[22m[39m[31m[1m^[22m[39m[31m[1m^[22m[39m[31m[1m^[22m[39m
 [90m 6 |[39m [36mimport[39m {
 [90m 7 |[39m     [33mSheet[39m[33m,[39m
 [90m 8 |[39m     [33mSheetContent[39m[33m,[39m[0m

The export TableRowActions was not found in module [project]/frontend/src/shared/ui/index.ts [app-ssr] (ecmascript).
Did you mean to import TableRow?
All exports of the module are statically known (It doesn't have dynamic exports). So it's known statically that the requested export doesn't exist.

Import traces:
  Client Component Browser:
    ./frontend/src/features/services/components/skill-actions.tsx [Client Component Browser]
    ./frontend/src/features/services/components/skill-table.tsx [Client Component Browser]
    ./frontend/src/features/services/components/services-page.tsx [Client Component Browser]
    ./frontend/src/features/services/components/services-page.tsx [Server Component]
    ./frontend/src/app/admin/services/page.tsx [Server Component]

  Client Component SSR:
    ./frontend/src/features/services/components/skill-actions.tsx [Client Component SSR]
    ./frontend/src/features/services/components/skill-table.tsx [Client Component SSR]
    ./frontend/src/features/services/components/services-page.tsx [Client Component SSR]
    ./frontend/src/features/services/components/services-page.tsx [Server Component]
    ./frontend/src/app/admin/services/page.tsx [Server Component]


./frontend/src/features/staff/components/staff-list/staff-actions.tsx:6:1
Export TableRowActions doesn't exist in target module
[0m [90m 4 |[39m [36mimport[39m { deleteStaff } [36mfrom[39m [32m"@/features/staff/actions"[39m[33m;[39m
 [90m 5 |[39m [36mimport[39m { useDeleteAction } [36mfrom[39m [32m"@/shared/hooks"[39m[33m;[39m
[31m[1m>[22m[39m[90m 6 |[39m [36mimport[39m { [33mDeleteConfirmDialog[39m[33m,[39m [33mDropdownMenuItem[39m[33m,[39m [33mDropdownMenuLabel[39m[33m,[39m [33mTableRowActions[39m } [36mfrom[39m [32m"@/shared/ui"[39m[33m;[39m
 [90m   |[39m [31m[1m^[22m[39m[31m[1m^[22m[39m[31m[1m^[22m[39m[31m[1m^[22m[39m[31m[1m^[22m[39m[31m[1m^[22m[39m[31m[1m^[22m[39m[31m[1m^[22m[39m[31m[1m^[22m[39m[31m[1m^[22m[39m[31m[1m^[22m[39m[31m[1m^[22m[39m[31m[1m^[22m[39m[31m[1m^[22m[39m[31m[1m^[22m[39m[31m[1m^[22m[39m[31m[1m^[22m[39m[31m[1m^[22m[39m[31m[1m^[22m[39m[31m[1m^[22m[39m[31m[1m^[22m[39m[31m[1m^[22m[39m[31m[1m^[22m[39m[31m[1m^[22m[39m[31m[1m^[22m[39m[31m[1m^[22m[39m[31m[1m^[22m[39m[31m[1m^[22m[39m[31m[1m^[22m[39m[31m[1m^[22m[39m[31m[1m^[22m[39m[31m[1m^[22m[39m[31m[1m^[22m[39m[31m[1m^[22m[39m[31m[1m^[22m[39m[31m[1m^[22m[39m[31m[1m^[22m[39m[31m[1m^[22m[39m[31m[1m^[22m[39m[31m[1m^[22m[39m[31m[1m^[22m[39m[31m[1m^[22m[39m[31m[1m^[22m[39m[31m[1m^[22m[39m[31m[1m^[22m[39m[31m[1m^[22m[39m[31m[1m^[22m[39m[31m[1m^[22m[39m[31m[1m^[22m[39m[31m[1m^[22m[39m[31m[1m^[22m[39m[31m[1m^[22m[39m[31m[1m^[22m[39m[31m[1m^[22m[39m[31m[1m^[22m[39m[31m[1m^[22m[39m[31m[1m^[22m[39m[31m[1m^[22m[39m[31m[1m^[22m[39m[31m[1m^[22m[39m[31m[1m^[22m[39m[31m[1m^[22m[39m[31m[1m^[22m[39m[31m[1m^[22m[39m[31m[1m^[22m[39m[31m[1m^[22m[39m[31m[1m^[22m[39m[31m[1m^[22m[39m[31m[1m^[22m[39m[31m[1m^[22m[39m[31m[1m^[22m[39m[31m[1m^[22m[39m[31m[1m^[22m[39m[31m[1m^[22m[39m[31m[1m^[22m[39m[31m[1m^[22m[39m[31m[1m^[22m[39m[31m[1m^[22m[39m[31m[1m^[22m[39m[31m[1m^[22m[39m[31m[1m^[22m[39m[31m[1m^[22m[39m[31m[1m^[22m[39m[31m[1m^[22m[39m[31m[1m^[22m[39m[31m[1m^[22m[39m[31m[1m^[22m[39m[31m[1m^[22m[39m[31m[1m^[22m[39m[31m[1m^[22m[39m[31m[1m^[22m[39m[31m[1m^[22m[39m[31m[1m^[22m[39m[31m[1m^[22m[39m[31m[1m^[22m[39m[31m[1m^[22m[39m[31m[1m^[22m[39m[31m[1m^[22m[39m[31m[1m^[22m[39m[31m[1m^[22m[39m[31m[1m^[22m[39m[31m[1m^[22m[39m[31m[1m^[22m[39m[31m[1m^[22m[39m
 [90m 7 |[39m [36mimport[39m { [33mCalendar[39m[33m,[39m [33mKeyRound[39m } [36mfrom[39m [32m"lucide-react"[39m[33m;[39m
 [90m 8 |[39m [36mimport[39m { usePathname[33m,[39m useRouter[33m,[39m useSearchParams } [36mfrom[39m [32m"next/navigation"[39m[33m;[39m
 [90m 9 |[39m [36mimport[39m { [33mStaff[39m } [36mfrom[39m [32m"../../model/types"[39m[33m;[39m[0m

The export TableRowActions was not found in module [project]/frontend/src/shared/ui/index.ts [app-client] (ecmascript).
Did you mean to import TableRow?
All exports of the module are statically known (It doesn't have dynamic exports). So it's known statically that the requested export doesn't exist.

Import traces:
  Client Component Browser:
    ./frontend/src/features/staff/components/staff-list/staff-actions.tsx [Client Component Browser]
    ./frontend/src/features/staff/components/staff-list/staff-table.tsx [Client Component Browser]
    ./frontend/src/features/staff/components/staff-page.tsx [Client Component Browser]
    ./frontend/src/features/staff/components/staff-page.tsx [Server Component]
    ./frontend/src/app/admin/staff/page.tsx [Server Component]

  Client Component SSR:
    ./frontend/src/features/staff/components/staff-list/staff-actions.tsx [Client Component SSR]
    ./frontend/src/features/staff/components/staff-list/staff-table.tsx [Client Component SSR]
    ./frontend/src/features/staff/components/staff-page.tsx [Client Component SSR]
    ./frontend/src/features/staff/components/staff-page.tsx [Server Component]
    ./frontend/src/app/admin/staff/page.tsx [Server Component]


./frontend/src/features/staff/components/staff-list/staff-actions.tsx:5:1
Export TableRowActions doesn't exist in target module
[0m [90m  3 |[39m [36mimport[39m { deleteStaff } [36mfrom[39m [32m"@/features/staff/actions"[39m[33m;[39m
 [90m  4 |[39m [36mimport[39m { useDeleteAction } [36mfrom[39m [32m"@/shared/hooks"[39m[33m;[39m
[31m[1m>[22m[39m[90m  5 |[39m [36mimport[39m {
 [90m    |[39m [31m[1m^[22m[39m[31m[1m^[22m[39m[31m[1m^[22m[39m[31m[1m^[22m[39m[31m[1m^[22m[39m[31m[1m^[22m[39m[31m[1m^[22m[39m[31m[1m^[22m[39m
[31m[1m>[22m[39m[90m  6 |[39m   [33mDeleteConfirmDialog[39m[33m,[39m
 [90m    |[39m [31m[1m^[22m[39m[31m[1m^[22m[39m[31m[1m^[22m[39m[31m[1m^[22m[39m[31m[1m^[22m[39m[31m[1m^[22m[39m[31m[1m^[22m[39m[31m[1m^[22m[39m[31m[1m^[22m[39m[31m[1m^[22m[39m[31m[1m^[22m[39m[31m[1m^[22m[39m[31m[1m^[22m[39m[31m[1m^[22m[39m[31m[1m^[22m[39m[31m[1m^[22m[39m[31m[1m^[22m[39m[31m[1m^[22m[39m[31m[1m^[22m[39m[31m[1m^[22m[39m[31m[1m^[22m[39m[31m[1m^[22m[39m
[31m[1m>[22m[39m[90m  7 |[39m   [33mDropdownMenuItem[39m[33m,[39m
 [90m    |[39m [31m[1m^[22m[39m[31m[1m^[22m[39m[31m[1m^[22m[39m[31m[1m^[22m[39m[31m[1m^[22m[39m[31m[1m^[22m[39m[31m[1m^[22m[39m[31m[1m^[22m[39m[31m[1m^[22m[39m[31m[1m^[22m[39m[31m[1m^[22m[39m[31m[1m^[22m[39m[31m[1m^[22m[39m[31m[1m^[22m[39m[31m[1m^[22m[39m[31m[1m^[22m[39m[31m[1m^[22m[39m[31m[1m^[22m[39m[31m[1m^[22m[39m[31m[1m^[22m[39m[31m[1m^[22m[39m[31m[1m^[22m[39m
[31m[1m>[22m[39m[90m  8 |[39m   [33mDropdownMenuLabel[39m[33m,[39m
 [90m    |[39m [31m[1m^[22m[39m[31m[1m^[22m[39m[31m[1m^[22m[39m[31m[1m^[22m[39m[31m[1m^[22m[39m[31m[1m^[22m[39m[31m[1m^[22m[39m[31m[1m^[22m[39m[31m[1m^[22m[39m[31m[1m^[22m[39m[31m[1m^[22m[39m[31m[1m^[22m[39m[31m[1m^[22m[39m[31m[1m^[22m[39m[31m[1m^[22m[39m[31m[1m^[22m[39m[31m[1m^[22m[39m[31m[1m^[22m[39m[31m[1m^[22m[39m[31m[1m^[22m[39m[31m[1m^[22m[39m[31m[1m^[22m[39m
[31m[1m>[22m[39m[90m  9 |[39m   [33mTableRowActions[39m[33m,[39m
 [90m    |[39m [31m[1m^[22m[39m[31m[1m^[22m[39m[31m[1m^[22m[39m[31m[1m^[22m[39m[31m[1m^[22m[39m[31m[1m^[22m[39m[31m[1m^[22m[39m[31m[1m^[22m[39m[31m[1m^[22m[39m[31m[1m^[22m[39m[31m[1m^[22m[39m[31m[1m^[22m[39m[31m[1m^[22m[39m[31m[1m^[22m[39m[31m[1m^[22m[39m[31m[1m^[22m[39m[31m[1m^[22m[39m[31m[1m^[22m[39m[31m[1m^[22m[39m[31m[1m^[22m[39m[31m[1m^[22m[39m[31m[1m^[22m[39m
[31m[1m>[22m[39m[90m 10 |[39m } [36mfrom[39m [32m"@/shared/ui"[39m[33m;[39m
 [90m    |[39m [31m[1m^[22m[39m[31m[1m^[22m[39m[31m[1m^[22m[39m[31m[1m^[22m[39m[31m[1m^[22m[39m[31m[1m^[22m[39m[31m[1m^[22m[39m[31m[1m^[22m[39m[31m[1m^[22m[39m[31m[1m^[22m[39m[31m[1m^[22m[39m[31m[1m^[22m[39m[31m[1m^[22m[39m[31m[1m^[22m[39m[31m[1m^[22m[39m[31m[1m^[22m[39m[31m[1m^[22m[39m[31m[1m^[22m[39m[31m[1m^[22m[39m[31m[1m^[22m[39m[31m[1m^[22m[39m[31m[1m^[22m[39m
 [90m 11 |[39m [36mimport[39m { [33mCalendar[39m[33m,[39m [33mKeyRound[39m } [36mfrom[39m [32m"lucide-react"[39m[33m;[39m
 [90m 12 |[39m [36mimport[39m { usePathname[33m,[39m useRouter[33m,[39m useSearchParams } [36mfrom[39m [32m"next/navigation"[39m[33m;[39m
 [90m 13 |[39m [36mimport[39m { [33mStaff[39m } [36mfrom[39m [32m"../../model/types"[39m[33m;[39m[0m

The export TableRowActions was not found in module [project]/frontend/src/shared/ui/index.ts [app-ssr] (ecmascript).
Did you mean to import TableRow?
All exports of the module are statically known (It doesn't have dynamic exports). So it's known statically that the requested export doesn't exist.

Import traces:
  Client Component Browser:
    ./frontend/src/features/staff/components/staff-list/staff-actions.tsx [Client Component Browser]
    ./frontend/src/features/staff/components/staff-list/staff-table.tsx [Client Component Browser]
    ./frontend/src/features/staff/components/staff-page.tsx [Client Component Browser]
    ./frontend/src/features/staff/components/staff-page.tsx [Server Component]
    ./frontend/src/app/admin/staff/page.tsx [Server Component]

  Client Component SSR:
    ./frontend/src/features/staff/components/staff-list/staff-actions.tsx [Client Component SSR]
    ./frontend/src/features/staff/components/staff-list/staff-table.tsx [Client Component SSR]
    ./frontend/src/features/staff/components/staff-page.tsx [Client Component SSR]
    ./frontend/src/features/staff/components/staff-page.tsx [Server Component]
    ./frontend/src/app/admin/staff/page.tsx [Server Component]


./frontend/src/features/resources/components/resource-form.tsx:6:1
Export TagInput doesn't exist in target module
[0m [90m 4 |[39m [36mimport[39m { useFormContext } [36mfrom[39m [32m"react-hook-form"[39m[33m;[39m
 [90m 5 |[39m [36mimport[39m { cn } [36mfrom[39m [32m"@/shared/lib/utils"[39m[33m;[39m
[31m[1m>[22m[39m[90m 6 |[39m [36mimport[39m { [33mFormControl[39m[33m,[39m [33mFormField[39m[33m,[39m [33mFormItem[39m[33m,[39m [33mFormLabel[39m[33m,[39m [33mFormMessage[39m[33m,[39m [33mInput[39m[33m,[39m [33mSelect[39m[33m,[39m [33mSelectContent[39m[33m,[39m [33mSelectItem[39m[33m,[39m [33mSelectTrigger[39m[33m,[39m [33mSelectValue[39m[33m,[39m [33mTabs[39m[33m,[39m [33mTabsContent[39m[33m,[39m [33mTabsList[39m[33m,[39m [33mTabsTrigger[39m[33m,[39m [33mTagInput[39m[33m,[39m [33mTextarea[39m } [36mfrom[39m [32m"@/shared/ui"[39m[33m;[39m
 [90m   |[39m [31m[1m^[22m[39m[31m[1m^[22m[39m[31m[1m^[22m[39m[31m[1m^[22m[39m[31m[1m^[22m[39m[31m[1m^[22m[39m[31m[1m^[22m[39m[31m[1m^[22m[39m[31m[1m^[22m[39m[31m[1m^[22m[39m[31m[1m^[22m[39m[31m[1m^[22m[39m[31m[1m^[22m[39m[31m[1m^[22m[39m[31m[1m^[22m[39m[31m[1m^[22m[39m[31m[1m^[22m[39m[31m[1m^[22m[39m[31m[1m^[22m[39m[31m[1m^[22m[39m[31m[1m^[22m[39m[31m[1m^[22m[39m[31m[1m^[22m[39m[31m[1m^[22m[39m[31m[1m^[22m[39m[31m[1m^[22m[39m[31m[1m^[22m[39m[31m[1m^[22m[39m[31m[1m^[22m[39m[31m[1m^[22m[39m[31m[1m^[22m[39m[31m[1m^[22m[39m[31m[1m^[22m[39m[31m[1m^[22m[39m[31m[1m^[22m[39m[31m[1m^[22m[39m[31m[1m^[22m[39m[31m[1m^[22m[39m[31m[1m^[22m[39m[31m[1m^[22m[39m[31m[1m^[22m[39m[31m[1m^[22m[39m[31m[1m^[22m[39m[31m[1m^[22m[39m[31m[1m^[22m[39m[31m[1m^[22m[39m[31m[1m^[22m[39m[31m[1m^[22m[39m[31m[1m^[22m[39m[31m[1m^[22m[39m[31m[1m^[22m[39m[31m[1m^[22m[39m[31m[1m^[22m[39m[31m[1m^[22m[39m[31m[1m^[22m[39m[31m[1m^[22m[39m[31m[1m^[22m[39m[31m[1m^[22m[39m[31m[1m^[22m[39m[31m[1m^[22m[39m[31m[1m^[22m[39m[31m[1m^[22m[39m[31m[1m^[22m[39m[31m[1m^[22m[39m[31m[1m^[22m[39m[31m[1m^[22m[39m[31m[1m^[22m[39m[31m[1m^[22m[39m[31m[1m^[22m[39m[31m[1m^[22m[39m[31m[1m^[22m[39m[31m[1m^[22m[39m[31m[1m^[22m[39m[31m[1m^[22m[39m[31m[1m^[22m[39m[31m[1m^[22m[39m[31m[1m^[22m[39m[31m[1m^[22m[39m[31m[1m^[22m[39m[31m[1m^[22m[39m[31m[1m^[22m[39m[31m[1m^[22m[39m[31m[1m^[22m[39m[31m[1m^[22m[39m[31m[1m^[22m[39m[31m[1m^[22m[39m[31m[1m^[22m[39m[31m[1m^[22m[39m[31m[1m^[22m[39m[31m[1m^[22m[39m[31m[1m^[22m[39m[31m[1m^[22m[39m[31m[1m^[22m[39m[31m[1m^[22m[39m[31m[1m^[22m[39m[31m[1m^[22m[39m[31m[1m^[22m[39m[31m[1m^[22m[39m[31m[1m^[22m[39m[31m[1m^[22m[39m[31m[1m^[22m[39m[31m[1m^[22m[39m[31m[1m^[22m[39m[31m[1m^[22m[39m[31m[1m^[22m[39m[31m[1m^[22m[39m[31m[1m^[22m[39m[31m[1m^[22m[39m[31m[1m^[22m[39m[31m[1m^[22m[39m[31m[1m^[22m[39m[31m[1m^[22m[39m[31m[1m^[22m[39m[31m[1m^[22m[39m[31m[1m^[22m[39m[31m[1m^[22m[39m[31m[1m^[22m[39m[31m[1m^[22m[39m[31m[1m^[22m[39m[31m[1m^[22m[39m[31m[1m^[22m[39m[31m[1m^[22m[39m[31m[1m^[22m[39m[31m[1m^[22m[39m[31m[1m^[22m[39m[31m[1m^[22m[39m[31m[1m^[22m[39m[31m[1m^[22m[39m[31m[1m^[22m[39m[31m[1m^[22m[39m[31m[1m^[22m[39m[31m[1m^[22m[39m[31m[1m^[22m[39m[31m[1m^[22m[39m[31m[1m^[22m[39m[31m[1m^[22m[39m[31m[1m^[22m[39m[31m[1m^[22m[39m[31m[1m^[22m[39m[31m[1m^[22m[39m[31m[1m^[22m[39m[31m[1m^[22m[39m[31m[1m^[22m[39m[31m[1m^[22m[39m[31m[1m^[22m[39m[31m[1m^[22m[39m[31m[1m^[22m[39m[31m[1m^[22m[39m[31m[1m^[22m[39m[31m[1m^[22m[39m[31m[1m^[22m[39m[31m[1m^[22m[39m[31m[1m^[22m[39m[31m[1m^[22m[39m[31m[1m^[22m[39m[31m[1m^[22m[39m[31m[1m^[22m[39m[31m[1m^[22m[39m[31m[1m^[22m[39m[31m[1m^[22m[39m[31m[1m^[22m[39m[31m[1m^[22m[39m[31m[1m^[22m[39m[31m[1m^[22m[39m[31m[1m^[22m[39m[31m[1m^[22m[39m[31m[1m^[22m[39m[31m[1m^[22m[39m[31m[1m^[22m[39m[31m[1m^[22m[39m[31m[1m^[22m[39m[31m[1m^[22m[39m[31m[1m^[22m[39m[31m[1m^[22m[39m[31m[1m^[22m[39m[31m[1m^[22m[39m[31m[1m^[22m[39m[31m[1m^[22m[39m[31m[1m^[22m[39m[31m[1m^[22m[39m[31m[1m^[22m[39m[31m[1m^[22m[39m[31m[1m^[22m[39m[31m[1m^[22m[39m[31m[1m^[22m[39m[31m[1m^[22m[39m[31m[1m^[22m[39m[31m[1m^[22m[39m[31m[1m^[22m[39m[31m[1m^[22m[39m[31m[1m^[22m[39m[31m[1m^[22m[39m[31m[1m^[22m[39m[31m[1m^[22m[39m[31m[1m^[22m[39m[31m[1m^[22m[39m[31m[1m^[22m[39m[31m[1m^[22m[39m[31m[1m^[22m[39m[31m[1m^[22m[39m[31m[1m^[22m[39m[31m[1m^[22m[39m[31m[1m^[22m[39m[31m[1m^[22m[39m[31m[1m^[22m[39m[31m[1m^[22m[39m[31m[1m^[22m[39m[31m[1m^[22m[39m[31m[1m^[22m[39m[31m[1m^[22m[39m[31m[1m^[22m[39m[31m[1m^[22m[39m[31m[1m^[22m[39m[31m[1m^[22m[39m[31m[1m^[22m[39m[31m[1m^[22m[39m[31m[1m^[22m[39m[31m[1m^[22m[39m[31m[1m^[22m[39m
 [90m 7 |[39m [36mimport[39m { [33mNumberInput[39m } [36mfrom[39m [32m"@/shared/components/number-input"[39m[33m;[39m
 [90m 8 |[39m [36mimport[39m { [33mIcon[39m } [36mfrom[39m [32m"@/shared/components/icon"[39m[33m;[39m
 [90m 9 |[39m [36mimport[39m { [33mResourceGroup[39m } [36mfrom[39m [32m"../model/types"[39m[33m;[39m[0m

The export TagInput was not found in module [project]/frontend/src/shared/ui/index.ts [app-client] (ecmascript).
Did you mean to import Input?
All exports of the module are statically known (It doesn't have dynamic exports). So it's known statically that the requested export doesn't exist.

Import traces:
  Client Component Browser:
    ./frontend/src/features/resources/components/resource-form.tsx [Client Component Browser]
    ./frontend/src/features/resources/components/resource-sheet.tsx [Client Component Browser]
    ./frontend/src/features/resources/components/resource-table.tsx [Client Component Browser]
    ./frontend/src/features/resources/components/resource-page.tsx [Client Component Browser]
    ./frontend/src/features/resources/components/resource-page.tsx [Server Component]
    ./frontend/src/app/admin/resources/page.tsx [Server Component]

  Client Component SSR:
    ./frontend/src/features/resources/components/resource-form.tsx [Client Component SSR]
    ./frontend/src/features/resources/components/resource-sheet.tsx [Client Component SSR]
    ./frontend/src/features/resources/components/resource-table.tsx [Client Component SSR]
    ./frontend/src/features/resources/components/resource-page.tsx [Client Component SSR]
    ./frontend/src/features/resources/components/resource-page.tsx [Server Component]
    ./frontend/src/app/admin/resources/page.tsx [Server Component]


./frontend/src/features/resources/components/resource-form.tsx:7:1
Export TagInput doesn't exist in target module
[0m [90m  5 |[39m
 [90m  6 |[39m [36mimport[39m { cn } [36mfrom[39m [32m"@/shared/lib/utils"[39m[33m;[39m
[31m[1m>[22m[39m[90m  7 |[39m [36mimport[39m {
 [90m    |[39m [31m[1m^[22m[39m[31m[1m^[22m[39m[31m[1m^[22m[39m[31m[1m^[22m[39m[31m[1m^[22m[39m[31m[1m^[22m[39m[31m[1m^[22m[39m[31m[1m^[22m[39m
[31m[1m>[22m[39m[90m  8 |[39m   [33mFormControl[39m[33m,[39m
 [90m    |[39m [31m[1m^[22m[39m[31m[1m^[22m[39m[31m[1m^[22m[39m[31m[1m^[22m[39m[31m[1m^[22m[39m[31m[1m^[22m[39m[31m[1m^[22m[39m[31m[1m^[22m[39m[31m[1m^[22m[39m[31m[1m^[22m[39m[31m[1m^[22m[39m[31m[1m^[22m[39m[31m[1m^[22m[39m[31m[1m^[22m[39m
[31m[1m>[22m[39m[90m  9 |[39m   [33mFormField[39m[33m,[39m
 [90m    |[39m [31m[1m^[22m[39m[31m[1m^[22m[39m[31m[1m^[22m[39m[31m[1m^[22m[39m[31m[1m^[22m[39m[31m[1m^[22m[39m[31m[1m^[22m[39m[31m[1m^[22m[39m[31m[1m^[22m[39m[31m[1m^[22m[39m[31m[1m^[22m[39m[31m[1m^[22m[39m[31m[1m^[22m[39m[31m[1m^[22m[39m
[31m[1m>[22m[39m[90m 10 |[39m   [33mFormItem[39m[33m,[39m
 [90m    |[39m [31m[1m^[22m[39m[31m[1m^[22m[39m[31m[1m^[22m[39m[31m[1m^[22m[39m[31m[1m^[22m[39m[31m[1m^[22m[39m[31m[1m^[22m[39m[31m[1m^[22m[39m[31m[1m^[22m[39m[31m[1m^[22m[39m[31m[1m^[22m[39m[31m[1m^[22m[39m[31m[1m^[22m[39m[31m[1m^[22m[39m
[31m[1m>[22m[39m[90m 11 |[39m   [33mFormLabel[39m[33m,[39m
 [90m    |[39m [31m[1m^[22m[39m[31m[1m^[22m[39m[31m[1m^[22m[39m[31m[1m^[22m[39m[31m[1m^[22m[39m[31m[1m^[22m[39m[31m[1m^[22m[39m[31m[1m^[22m[39m[31m[1m^[22m[39m[31m[1m^[22m[39m[31m[1m^[22m[39m[31m[1m^[22m[39m[31m[1m^[22m[39m[31m[1m^[22m[39m
[31m[1m>[22m[39m[90m 12 |[39m   [33mFormMessage[39m[33m,[39m
 [90m    |[39m [31m[1m^[22m[39m[31m[1m^[22m[39m[31m[1m^[22m[39m[31m[1m^[22m[39m[31m[1m^[22m[39m[31m[1m^[22m[39m[31m[1m^[22m[39m[31m[1m^[22m[39m[31m[1m^[22m[39m[31m[1m^[22m[39m[31m[1m^[22m[39m[31m[1m^[22m[39m[31m[1m^[22m[39m[31m[1m^[22m[39m
[31m[1m>[22m[39m[90m 13 |[39m   [33mInput[39m[33m,[39m
 [90m    |[39m [31m[1m^[22m[39m[31m[1m^[22m[39m[31m[1m^[22m[39m[31m[1m^[22m[39m[31m[1m^[22m[39m[31m[1m^[22m[39m[31m[1m^[22m[39m[31m[1m^[22m[39m[31m[1m^[22m[39m[31m[1m^[22m[39m[31m[1m^[22m[39m[31m[1m^[22m[39m[31m[1m^[22m[39m[31m[1m^[22m[39m
[31m[1m>[22m[39m[90m 14 |[39m   [33mSelect[39m[33m,[39m
 [90m    |[39m [31m[1m^[22m[39m[31m[1m^[22m[39m[31m[1m^[22m[39m[31m[1m^[22m[39m[31m[1m^[22m[39m[31m[1m^[22m[39m[31m[1m^[22m[39m[31m[1m^[22m[39m[31m[1m^[22m[39m[31m[1m^[22m[39m[31m[1m^[22m[39m[31m[1m^[22m[39m[31m[1m^[22m[39m[31m[1m^[22m[39m
[31m[1m>[22m[39m[90m 15 |[39m   [33mSelectContent[39m[33m,[39m
 [90m    |[39m [31m[1m^[22m[39m[31m[1m^[22m[39m[31m[1m^[22m[39m[31m[1m^[22m[39m[31m[1m^[22m[39m[31m[1m^[22m[39m[31m[1m^[22m[39m[31m[1m^[22m[39m[31m[1m^[22m[39m[31m[1m^[22m[39m[31m[1m^[22m[39m[31m[1m^[22m[39m[31m[1m^[22m[39m[31m[1m^[22m[39m
[31m[1m>[22m[39m[90m 16 |[39m   [33mSelectItem[39m[33m,[39m
 [90m    |[39m [31m[1m^[22m[39m[31m[1m^[22m[39m[31m[1m^[22m[39m[31m[1m^[22m[39m[31m[1m^[22m[39m[31m[1m^[22m[39m[31m[1m^[22m[39m[31m[1m^[22m[39m[31m[1m^[22m[39m[31m[1m^[22m[39m[31m[1m^[22m[39m[31m[1m^[22m[39m[31m[1m^[22m[39m[31m[1m^[22m[39m
[31m[1m>[22m[39m[90m 17 |[39m   [33mSelectTrigger[39m[33m,[39m
 [90m    |[39m [31m[1m^[22m[39m[31m[1m^[22m[39m[31m[1m^[22m[39m[31m[1m^[22m[39m[31m[1m^[22m[39m[31m[1m^[22m[39m[31m[1m^[22m[39m[31m[1m^[22m[39m[31m[1m^[22m[39m[31m[1m^[22m[39m[31m[1m^[22m[39m[31m[1m^[22m[39m[31m[1m^[22m[39m[31m[1m^[22m[39m
[31m[1m>[22m[39m[90m 18 |[39m   [33mSelectValue[39m[33m,[39m
 [90m    |[39m [31m[1m^[22m[39m[31m[1m^[22m[39m[31m[1m^[22m[39m[31m[1m^[22m[39m[31m[1m^[22m[39m[31m[1m^[22m[39m[31m[1m^[22m[39m[31m[1m^[22m[39m[31m[1m^[22m[39m[31m[1m^[22m[39m[31m[1m^[22m[39m[31m[1m^[22m[39m[31m[1m^[22m[39m[31m[1m^[22m[39m
[31m[1m>[22m[39m[90m 19 |[39m   [33mTabs[39m[33m,[39m
 [90m    |[39m [31m[1m^[22m[39m[31m[1m^[22m[39m[31m[1m^[22m[39m[31m[1m^[22m[39m[31m[1m^[22m[39m[31m[1m^[22m[39m[31m[1m^[22m[39m[31m[1m^[22m[39m[31m[1m^[22m[39m[31m[1m^[22m[39m[31m[1m^[22m[39m[31m[1m^[22m[39m[31m[1m^[22m[39m[31m[1m^[22m[39m
[31m[1m>[22m[39m[90m 20 |[39m   [33mTabsContent[39m[33m,[39m
 [90m    |[39m [31m[1m^[22m[39m[31m[1m^[22m[39m[31m[1m^[22m[39m[31m[1m^[22m[39m[31m[1m^[22m[39m[31m[1m^[22m[39m[31m[1m^[22m[39m[31m[1m^[22m[39m[31m[1m^[22m[39m[31m[1m^[22m[39m[31m[1m^[22m[39m[31m[1m^[22m[39m[31m[1m^[22m[39m[31m[1m^[22m[39m
[31m[1m>[22m[39m[90m 21 |[39m   [33mTabsList[39m[33m,[39m
 [90m    |[39m [31m[1m^[22m[39m[31m[1m^[22m[39m[31m[1m^[22m[39m[31m[1m^[22m[39m[31m[1m^[22m[39m[31m[1m^[22m[39m[31m[1m^[22m[39m[31m[1m^[22m[39m[31m[1m^[22m[39m[31m[1m^[22m[39m[31m[1m^[22m[39m[31m[1m^[22m[39m[31m[1m^[22m[39m[31m[1m^[22m[39m
[31m[1m>[22m[39m[90m 22 |[39m   [33mTabsTrigger[39m[33m,[39m
 [90m    |[39m [31m[1m^[22m[39m[31m[1m^[22m[39m[31m[1m^[22m[39m[31m[1m^[22m[39m[31m[1m^[22m[39m[31m[1m^[22m[39m[31m[1m^[22m[39m[31m[1m^[22m[39m[31m[1m^[22m[39m[31m[1m^[22m[39m[31m[1m^[22m[39m[31m[1m^[22m[39m[31m[1m^[22m[39m[31m[1m^[22m[39m
[31m[1m>[22m[39m[90m 23 |[39m   [33mTagInput[39m[33m,[39m
 [90m    |[39m [31m[1m^[22m[39m[31m[1m^[22m[39m[31m[1m^[22m[39m[31m[1m^[22m[39m[31m[1m^[22m[39m[31m[1m^[22m[39m[31m[1m^[22m[39m[31m[1m^[22m[39m[31m[1m^[22m[39m[31m[1m^[22m[39m[31m[1m^[22m[39m[31m[1m^[22m[39m[31m[1m^[22m[39m[31m[1m^[22m[39m
[31m[1m>[22m[39m[90m 24 |[39m   [33mTextarea[39m[33m,[39m
 [90m    |[39m [31m[1m^[22m[39m[31m[1m^[22m[39m[31m[1m^[22m[39m[31m[1m^[22m[39m[31m[1m^[22m[39m[31m[1m^[22m[39m[31m[1m^[22m[39m[31m[1m^[22m[39m[31m[1m^[22m[39m[31m[1m^[22m[39m[31m[1m^[22m[39m[31m[1m^[22m[39m[31m[1m^[22m[39m[31m[1m^[22m[39m
[31m[1m>[22m[39m[90m 25 |[39m } [36mfrom[39m [32m"@/shared/ui"[39m[33m;[39m
 [90m    |[39m [31m[1m^[22m[39m[31m[1m^[22m[39m[31m[1m^[22m[39m[31m[1m^[22m[39m[31m[1m^[22m[39m[31m[1m^[22m[39m[31m[1m^[22m[39m[31m[1m^[22m[39m[31m[1m^[22m[39m[31m[1m^[22m[39m[31m[1m^[22m[39m[31m[1m^[22m[39m[31m[1m^[22m[39m[31m[1m^[22m[39m[31m[1m^[22m[39m[31m[1m^[22m[39m[31m[1m^[22m[39m[31m[1m^[22m[39m[31m[1m^[22m[39m[31m[1m^[22m[39m[31m[1m^[22m[39m[31m[1m^[22m[39m
 [90m 26 |[39m [36mimport[39m { [33mNumberInput[39m } [36mfrom[39m [32m"@/shared/components/number-input"[39m[33m;[39m
 [90m 27 |[39m [36mimport[39m { [33mIcon[39m } [36mfrom[39m [32m"@/shared/components/icon"[39m[33m;[39m
 [90m 28 |[39m[0m

The export TagInput was not found in module [project]/frontend/src/shared/ui/index.ts [app-ssr] (ecmascript).
Did you mean to import Input?
All exports of the module are statically known (It doesn't have dynamic exports). So it's known statically that the requested export doesn't exist.

Import traces:
  Client Component Browser:
    ./frontend/src/features/resources/components/resource-form.tsx [Client Component Browser]
    ./frontend/src/features/resources/components/resource-sheet.tsx [Client Component Browser]
    ./frontend/src/features/resources/components/resource-table.tsx [Client Component Browser]
    ./frontend/src/features/resources/components/resource-page.tsx [Client Component Browser]
    ./frontend/src/features/resources/components/resource-page.tsx [Server Component]
    ./frontend/src/app/admin/resources/page.tsx [Server Component]

  Client Component SSR:
    ./frontend/src/features/resources/components/resource-form.tsx [Client Component SSR]
    ./frontend/src/features/resources/components/resource-sheet.tsx [Client Component SSR]
    ./frontend/src/features/resources/components/resource-table.tsx [Client Component SSR]
    ./frontend/src/features/resources/components/resource-page.tsx [Client Component SSR]
    ./frontend/src/features/resources/components/resource-page.tsx [Server Component]
    ./frontend/src/app/admin/resources/page.tsx [Server Component]


./frontend/src/features/staff/components/staff-form/staff-professional-info.tsx:6:1
Export TagInput doesn't exist in target module
[0m [90m 4 |[39m [36mimport[39m { [33mSkill[39m } [36mfrom[39m [32m"@/features/services"[39m[33m;[39m
 [90m 5 |[39m [36mimport[39m { cn } [36mfrom[39m [32m"@/shared/lib/utils"[39m[33m;[39m
[31m[1m>[22m[39m[90m 6 |[39m [36mimport[39m { [33mFormControl[39m[33m,[39m [33mFormDescription[39m[33m,[39m [33mFormField[39m[33m,[39m [33mFormItem[39m[33m,[39m [33mFormLabel[39m[33m,[39m [33mFormMessage[39m[33m,[39m [33mInput[39m[33m,[39m [33mSelect[39m[33m,[39m [33mSelectContent[39m[33m,[39m [33mSelectItem[39m[33m,[39m [33mSelectTrigger[39m[33m,[39m [33mSelectValue[39m[33m,[39m [33mTagInput[39m[33m,[39m showToast } [36mfrom[39m [32m"@/shared/ui"[39m[33m;[39m
 [90m   |[39m [31m[1m^[22m[39m[31m[1m^[22m[39m[31m[1m^[22m[39m[31m[1m^[22m[39m[31m[1m^[22m[39m[31m[1m^[22m[39m[31m[1m^[22m[39m[31m[1m^[22m[39m[31m[1m^[22m[39m[31m[1m^[22m[39m[31m[1m^[22m[39m[31m[1m^[22m[39m[31m[1m^[22m[39m[31m[1m^[22m[39m[31m[1m^[22m[39m[31m[1m^[22m[39m[31m[1m^[22m[39m[31m[1m^[22m[39m[31m[1m^[22m[39m[31m[1m^[22m[39m[31m[1m^[22m[39m[31m[1m^[22m[39m[31m[1m^[22m[39m[31m[1m^[22m[39m[31m[1m^[22m[39m[31m[1m^[22m[39m[31m[1m^[22m[39m[31m[1m^[22m[39m[31m[1m^[22m[39m[31m[1m^[22m[39m[31m[1m^[22m[39m[31m[1m^[22m[39m[31m[1m^[22m[39m[31m[1m^[22m[39m[31m[1m^[22m[39m[31m[1m^[22m[39m[31m[1m^[22m[39m[31m[1m^[22m[39m[31m[1m^[22m[39m[31m[1m^[22m[39m[31m[1m^[22m[39m[31m[1m^[22m[39m[31m[1m^[22m[39m[31m[1m^[22m[39m[31m[1m^[22m[39m[31m[1m^[22m[39m[31m[1m^[22m[39m[31m[1m^[22m[39m[31m[1m^[22m[39m[31m[1m^[22m[39m[31m[1m^[22m[39m[31m[1m^[22m[39m[31m[1m^[22m[39m[31m[1m^[22m[39m[31m[1m^[22m[39m[31m[1m^[22m[39m[31m[1m^[22m[39m[31m[1m^[22m[39m[31m[1m^[22m[39m[31m[1m^[22m[39m[31m[1m^[22m[39m[31m[1m^[22m[39m[31m[1m^[22m[39m[31m[1m^[22m[39m[31m[1m^[22m[39m[31m[1m^[22m[39m[31m[1m^[22m[39m[31m[1m^[22m[39m[31m[1m^[22m[39m[31m[1m^[22m[39m[31m[1m^[22m[39m[31m[1m^[22m[39m[31m[1m^[22m[39m[31m[1m^[22m[39m[31m[1m^[22m[39m[31m[1m^[22m[39m[31m[1m^[22m[39m[31m[1m^[22m[39m[31m[1m^[22m[39m[31m[1m^[22m[39m[31m[1m^[22m[39m[31m[1m^[22m[39m[31m[1m^[22m[39m[31m[1m^[22m[39m[31m[1m^[22m[39m[31m[1m^[22m[39m[31m[1m^[22m[39m[31m[1m^[22m[39m[31m[1m^[22m[39m[31m[1m^[22m[39m[31m[1m^[22m[39m[31m[1m^[22m[39m[31m[1m^[22m[39m[31m[1m^[22m[39m[31m[1m^[22m[39m[31m[1m^[22m[39m[31m[1m^[22m[39m[31m[1m^[22m[39m[31m[1m^[22m[39m[31m[1m^[22m[39m[31m[1m^[22m[39m[31m[1m^[22m[39m[31m[1m^[22m[39m[31m[1m^[22m[39m[31m[1m^[22m[39m[31m[1m^[22m[39m[31m[1m^[22m[39m[31m[1m^[22m[39m[31m[1m^[22m[39m[31m[1m^[22m[39m[31m[1m^[22m[39m[31m[1m^[22m[39m[31m[1m^[22m[39m[31m[1m^[22m[39m[31m[1m^[22m[39m[31m[1m^[22m[39m[31m[1m^[22m[39m[31m[1m^[22m[39m[31m[1m^[22m[39m[31m[1m^[22m[39m[31m[1m^[22m[39m[31m[1m^[22m[39m[31m[1m^[22m[39m[31m[1m^[22m[39m[31m[1m^[22m[39m[31m[1m^[22m[39m[31m[1m^[22m[39m[31m[1m^[22m[39m[31m[1m^[22m[39m[31m[1m^[22m[39m[31m[1m^[22m[39m[31m[1m^[22m[39m[31m[1m^[22m[39m[31m[1m^[22m[39m[31m[1m^[22m[39m[31m[1m^[22m[39m[31m[1m^[22m[39m[31m[1m^[22m[39m[31m[1m^[22m[39m[31m[1m^[22m[39m[31m[1m^[22m[39m[31m[1m^[22m[39m[31m[1m^[22m[39m[31m[1m^[22m[39m[31m[1m^[22m[39m[31m[1m^[22m[39m[31m[1m^[22m[39m[31m[1m^[22m[39m[31m[1m^[22m[39m[31m[1m^[22m[39m[31m[1m^[22m[39m[31m[1m^[22m[39m[31m[1m^[22m[39m[31m[1m^[22m[39m[31m[1m^[22m[39m[31m[1m^[22m[39m[31m[1m^[22m[39m[31m[1m^[22m[39m[31m[1m^[22m[39m[31m[1m^[22m[39m[31m[1m^[22m[39m[31m[1m^[22m[39m[31m[1m^[22m[39m[31m[1m^[22m[39m[31m[1m^[22m[39m[31m[1m^[22m[39m[31m[1m^[22m[39m[31m[1m^[22m[39m[31m[1m^[22m[39m[31m[1m^[22m[39m[31m[1m^[22m[39m[31m[1m^[22m[39m[31m[1m^[22m[39m[31m[1m^[22m[39m[31m[1m^[22m[39m[31m[1m^[22m[39m[31m[1m^[22m[39m[31m[1m^[22m[39m[31m[1m^[22m[39m[31m[1m^[22m[39m[31m[1m^[22m[39m[31m[1m^[22m[39m[31m[1m^[22m[39m[31m[1m^[22m[39m[31m[1m^[22m[39m[31m[1m^[22m[39m[31m[1m^[22m[39m[31m[1m^[22m[39m[31m[1m^[22m[39m[31m[1m^[22m[39m[31m[1m^[22m[39m[31m[1m^[22m[39m[31m[1m^[22m[39m[31m[1m^[22m[39m[31m[1m^[22m[39m
 [90m 7 |[39m [36mimport[39m { [33mGrid[39m[33m,[39m [33mGroup[39m[33m,[39m [33mStack[39m } [36mfrom[39m [32m"@/shared/ui/layout"[39m[33m;[39m
 [90m 8 |[39m [36mimport[39m { [33mBriefcase[39m[33m,[39m [33mCheck[39m } [36mfrom[39m [32m"lucide-react"[39m[33m;[39m
 [90m 9 |[39m [36mimport[39m { useFormContext[33m,[39m useWatch } [36mfrom[39m [32m"react-hook-form"[39m[33m;[39m[0m

The export TagInput was not found in module [project]/frontend/src/shared/ui/index.ts [app-client] (ecmascript).
Did you mean to import Input?
All exports of the module are statically known (It doesn't have dynamic exports). So it's known statically that the requested export doesn't exist.

Import traces:
  Client Component Browser:
    ./frontend/src/features/staff/components/staff-form/staff-professional-info.tsx [Client Component Browser]
    ./frontend/src/features/staff/components/staff-form.tsx [Client Component Browser]
    ./frontend/src/features/staff/components/staff-sheet.tsx [Client Component Browser]
    ./frontend/src/features/staff/components/staff-list/staff-table.tsx [Client Component Browser]
    ./frontend/src/features/staff/components/staff-page.tsx [Client Component Browser]
    ./frontend/src/features/staff/components/staff-page.tsx [Server Component]
    ./frontend/src/app/admin/staff/page.tsx [Server Component]

  Client Component SSR:
    ./frontend/src/features/staff/components/staff-form/staff-professional-info.tsx [Client Component SSR]
    ./frontend/src/features/staff/components/staff-form.tsx [Client Component SSR]
    ./frontend/src/features/staff/components/staff-sheet.tsx [Client Component SSR]
    ./frontend/src/features/staff/components/staff-list/staff-table.tsx [Client Component SSR]
    ./frontend/src/features/staff/components/staff-page.tsx [Client Component SSR]
    ./frontend/src/features/staff/components/staff-page.tsx [Server Component]
    ./frontend/src/app/admin/staff/page.tsx [Server Component]


./frontend/src/features/staff/components/staff-form/staff-professional-info.tsx:5:1
Export TagInput doesn't exist in target module
[0m [90m  3 |[39m [36mimport[39m { [33mSkill[39m } [36mfrom[39m [32m"@/features/services"[39m[33m;[39m
 [90m  4 |[39m [36mimport[39m { cn } [36mfrom[39m [32m"@/shared/lib/utils"[39m[33m;[39m
[31m[1m>[22m[39m[90m  5 |[39m [36mimport[39m {
 [90m    |[39m [31m[1m^[22m[39m[31m[1m^[22m[39m[31m[1m^[22m[39m[31m[1m^[22m[39m[31m[1m^[22m[39m[31m[1m^[22m[39m[31m[1m^[22m[39m[31m[1m^[22m[39m
[31m[1m>[22m[39m[90m  6 |[39m   [33mFormControl[39m[33m,[39m
 [90m    |[39m [31m[1m^[22m[39m[31m[1m^[22m[39m[31m[1m^[22m[39m[31m[1m^[22m[39m[31m[1m^[22m[39m[31m[1m^[22m[39m[31m[1m^[22m[39m[31m[1m^[22m[39m[31m[1m^[22m[39m[31m[1m^[22m[39m[31m[1m^[22m[39m[31m[1m^[22m[39m[31m[1m^[22m[39m[31m[1m^[22m[39m
[31m[1m>[22m[39m[90m  7 |[39m   [33mFormDescription[39m[33m,[39m
 [90m    |[39m [31m[1m^[22m[39m[31m[1m^[22m[39m[31m[1m^[22m[39m[31m[1m^[22m[39m[31m[1m^[22m[39m[31m[1m^[22m[39m[31m[1m^[22m[39m[31m[1m^[22m[39m[31m[1m^[22m[39m[31m[1m^[22m[39m[31m[1m^[22m[39m[31m[1m^[22m[39m[31m[1m^[22m[39m[31m[1m^[22m[39m
[31m[1m>[22m[39m[90m  8 |[39m   [33mFormField[39m[33m,[39m
 [90m    |[39m [31m[1m^[22m[39m[31m[1m^[22m[39m[31m[1m^[22m[39m[31m[1m^[22m[39m[31m[1m^[22m[39m[31m[1m^[22m[39m[31m[1m^[22m[39m[31m[1m^[22m[39m[31m[1m^[22m[39m[31m[1m^[22m[39m[31m[1m^[22m[39m[31m[1m^[22m[39m[31m[1m^[22m[39m[31m[1m^[22m[39m
[31m[1m>[22m[39m[90m  9 |[39m   [33mFormItem[39m[33m,[39m
 [90m    |[39m [31m[1m^[22m[39m[31m[1m^[22m[39m[31m[1m^[22m[39m[31m[1m^[22m[39m[31m[1m^[22m[39m[31m[1m^[22m[39m[31m[1m^[22m[39m[31m[1m^[22m[39m[31m[1m^[22m[39m[31m[1m^[22m[39m[31m[1m^[22m[39m[31m[1m^[22m[39m[31m[1m^[22m[39m[31m[1m^[22m[39m
[31m[1m>[22m[39m[90m 10 |[39m   [33mFormLabel[39m[33m,[39m
 [90m    |[39m [31m[1m^[22m[39m[31m[1m^[22m[39m[31m[1m^[22m[39m[31m[1m^[22m[39m[31m[1m^[22m[39m[31m[1m^[22m[39m[31m[1m^[22m[39m[31m[1m^[22m[39m[31m[1m^[22m[39m[31m[1m^[22m[39m[31m[1m^[22m[39m[31m[1m^[22m[39m[31m[1m^[22m[39m[31m[1m^[22m[39m
[31m[1m>[22m[39m[90m 11 |[39m   [33mFormMessage[39m[33m,[39m
 [90m    |[39m [31m[1m^[22m[39m[31m[1m^[22m[39m[31m[1m^[22m[39m[31m[1m^[22m[39m[31m[1m^[22m[39m[31m[1m^[22m[39m[31m[1m^[22m[39m[31m[1m^[22m[39m[31m[1m^[22m[39m[31m[1m^[22m[39m[31m[1m^[22m[39m[31m[1m^[22m[39m[31m[1m^[22m[39m[31m[1m^[22m[39m
[31m[1m>[22m[39m[90m 12 |[39m   [33mInput[39m[33m,[39m
 [90m    |[39m [31m[1m^[22m[39m[31m[1m^[22m[39m[31m[1m^[22m[39m[31m[1m^[22m[39m[31m[1m^[22m[39m[31m[1m^[22m[39m[31m[1m^[22m[39m[31m[1m^[22m[39m[31m[1m^[22m[39m[31m[1m^[22m[39m[31m[1m^[22m[39m[31m[1m^[22m[39m[31m[1m^[22m[39m[31m[1m^[22m[39m
[31m[1m>[22m[39m[90m 13 |[39m   [33mSelect[39m[33m,[39m
 [90m    |[39m [31m[1m^[22m[39m[31m[1m^[22m[39m[31m[1m^[22m[39m[31m[1m^[22m[39m[31m[1m^[22m[39m[31m[1m^[22m[39m[31m[1m^[22m[39m[31m[1m^[22m[39m[31m[1m^[22m[39m[31m[1m^[22m[39m[31m[1m^[22m[39m[31m[1m^[22m[39m[31m[1m^[22m[39m[31m[1m^[22m[39m
[31m[1m>[22m[39m[90m 14 |[39m   [33mSelectContent[39m[33m,[39m
 [90m    |[39m [31m[1m^[22m[39m[31m[1m^[22m[39m[31m[1m^[22m[39m[31m[1m^[22m[39m[31m[1m^[22m[39m[31m[1m^[22m[39m[31m[1m^[22m[39m[31m[1m^[22m[39m[31m[1m^[22m[39m[31m[1m^[22m[39m[31m[1m^[22m[39m[31m[1m^[22m[39m[31m[1m^[22m[39m[31m[1m^[22m[39m
[31m[1m>[22m[39m[90m 15 |[39m   [33mSelectItem[39m[33m,[39m
 [90m    |[39m [31m[1m^[22m[39m[31m[1m^[22m[39m[31m[1m^[22m[39m[31m[1m^[22m[39m[31m[1m^[22m[39m[31m[1m^[22m[39m[31m[1m^[22m[39m[31m[1m^[22m[39m[31m[1m^[22m[39m[31m[1m^[22m[39m[31m[1m^[22m[39m[31m[1m^[22m[39m[31m[1m^[22m[39m[31m[1m^[22m[39m
[31m[1m>[22m[39m[90m 16 |[39m   [33mSelectTrigger[39m[33m,[39m
 [90m    |[39m [31m[1m^[22m[39m[31m[1m^[22m[39m[31m[1m^[22m[39m[31m[1m^[22m[39m[31m[1m^[22m[39m[31m[1m^[22m[39m[31m[1m^[22m[39m[31m[1m^[22m[39m[31m[1m^[22m[39m[31m[1m^[22m[39m[31m[1m^[22m[39m[31m[1m^[22m[39m[31m[1m^[22m[39m[31m[1m^[22m[39m
[31m[1m>[22m[39m[90m 17 |[39m   [33mSelectValue[39m[33m,[39m
 [90m    |[39m [31m[1m^[22m[39m[31m[1m^[22m[39m[31m[1m^[22m[39m[31m[1m^[22m[39m[31m[1m^[22m[39m[31m[1m^[22m[39m[31m[1m^[22m[39m[31m[1m^[22m[39m[31m[1m^[22m[39m[31m[1m^[22m[39m[31m[1m^[22m[39m[31m[1m^[22m[39m[31m[1m^[22m[39m[31m[1m^[22m[39m
[31m[1m>[22m[39m[90m 18 |[39m   [33mTagInput[39m[33m,[39m
 [90m    |[39m [31m[1m^[22m[39m[31m[1m^[22m[39m[31m[1m^[22m[39m[31m[1m^[22m[39m[31m[1m^[22m[39m[31m[1m^[22m[39m[31m[1m^[22m[39m[31m[1m^[22m[39m[31m[1m^[22m[39m[31m[1m^[22m[39m[31m[1m^[22m[39m[31m[1m^[22m[39m[31m[1m^[22m[39m[31m[1m^[22m[39m
[31m[1m>[22m[39m[90m 19 |[39m   showToast[33m,[39m
 [90m    |[39m [31m[1m^[22m[39m[31m[1m^[22m[39m[31m[1m^[22m[39m[31m[1m^[22m[39m[31m[1m^[22m[39m[31m[1m^[22m[39m[31m[1m^[22m[39m[31m[1m^[22m[39m[31m[1m^[22m[39m[31m[1m^[22m[39m[31m[1m^[22m[39m[31m[1m^[22m[39m[31m[1m^[22m[39m[31m[1m^[22m[39m
[31m[1m>[22m[39m[90m 20 |[39m } [36mfrom[39m [32m"@/shared/ui"[39m[33m;[39m
 [90m    |[39m [31m[1m^[22m[39m[31m[1m^[22m[39m[31m[1m^[22m[39m[31m[1m^[22m[39m[31m[1m^[22m[39m[31m[1m^[22m[39m[31m[1m^[22m[39m[31m[1m^[22m[39m[31m[1m^[22m[39m[31m[1m^[22m[39m[31m[1m^[22m[39m[31m[1m^[22m[39m[31m[1m^[22m[39m[31m[1m^[22m[39m[31m[1m^[22m[39m[31m[1m^[22m[39m[31m[1m^[22m[39m[31m[1m^[22m[39m[31m[1m^[22m[39m[31m[1m^[22m[39m[31m[1m^[22m[39m[31m[1m^[22m[39m
 [90m 21 |[39m [36mimport[39m { [33mGrid[39m[33m,[39m [33mGroup[39m[33m,[39m [33mStack[39m } [36mfrom[39m [32m"@/shared/ui/layout"[39m[33m;[39m
 [90m 22 |[39m [36mimport[39m { [33mBriefcase[39m[33m,[39m [33mCheck[39m } [36mfrom[39m [32m"lucide-react"[39m[33m;[39m
 [90m 23 |[39m [36mimport[39m { useFormContext[33m,[39m useWatch } [36mfrom[39m [32m"react-hook-form"[39m[33m;[39m[0m

The export TagInput was not found in module [project]/frontend/src/shared/ui/index.ts [app-ssr] (ecmascript).
Did you mean to import Input?
All exports of the module are statically known (It doesn't have dynamic exports). So it's known statically that the requested export doesn't exist.

Import traces:
  Client Component Browser:
    ./frontend/src/features/staff/components/staff-form/staff-professional-info.tsx [Client Component Browser]
    ./frontend/src/features/staff/components/staff-form.tsx [Client Component Browser]
    ./frontend/src/features/staff/components/staff-sheet.tsx [Client Component Browser]
    ./frontend/src/features/staff/components/staff-list/staff-table.tsx [Client Component Browser]
    ./frontend/src/features/staff/components/staff-page.tsx [Client Component Browser]
    ./frontend/src/features/staff/components/staff-page.tsx [Server Component]
    ./frontend/src/app/admin/staff/page.tsx [Server Component]

  Client Component SSR:
    ./frontend/src/features/staff/components/staff-form/staff-professional-info.tsx [Client Component SSR]
    ./frontend/src/features/staff/components/staff-form.tsx [Client Component SSR]
    ./frontend/src/features/staff/components/staff-sheet.tsx [Client Component SSR]
    ./frontend/src/features/staff/components/staff-list/staff-table.tsx [Client Component SSR]
    ./frontend/src/features/staff/components/staff-page.tsx [Client Component SSR]
    ./frontend/src/features/staff/components/staff-page.tsx [Server Component]
    ./frontend/src/app/admin/staff/page.tsx [Server Component]


    at <unknown> (./frontend/src/features/appointments/components/toolbar/date-navigator.tsx:4:1)
    at <unknown> (./frontend/src/features/appointments/components/toolbar/date-navigator.tsx:3:1)
    at <unknown> (./frontend/src/features/resources/components/maintenance-timeline.tsx:10:1)
    at <unknown> (./frontend/src/features/resources/components/maintenance-timeline.tsx:14:1)
    at <unknown> (./frontend/src/features/staff/components/scheduling/toolbar/date-navigator.tsx:4:1)
    at <unknown> (./frontend/src/features/staff/components/scheduling/toolbar/date-navigator.tsx:3:1)
    at <unknown> (./frontend/src/features/appointments/components/appointments-page.tsx:8:1)
    at <unknown> (./frontend/src/features/appointments/components/appointments-page.tsx:12:1)
    at <unknown> (./frontend/src/features/customers/components/customer-actions.tsx:7:1)
    at <unknown> (./frontend/src/features/customers/components/customer-actions.tsx:6:1)
    at <unknown> (./frontend/src/features/customers/components/customer-list/customer-table.tsx:8:1)
    at <unknown> (./frontend/src/features/customers/components/customer-list/customer-table.tsx:7:1)
    at <unknown> (./frontend/src/features/packages/components/package-table.tsx:11:1)
    at <unknown> (./frontend/src/features/packages/components/package-table.tsx:11:1)
    at <unknown> (./frontend/src/features/resources/components/resource-actions.tsx:5:1)
    at <unknown> (./frontend/src/features/resources/components/resource-actions.tsx:4:1)
    at <unknown> (./frontend/src/features/services/components/category-actions.tsx:5:1)
    at <unknown> (./frontend/src/features/services/components/category-actions.tsx:4:1)
    at <unknown> (./frontend/src/features/services/components/skill-actions.tsx:3:1)
    at <unknown> (./frontend/src/features/services/components/skill-actions.tsx:2:1)
    at <unknown> (./frontend/src/features/staff/components/staff-list/staff-actions.tsx:6:1)
    at <unknown> (./frontend/src/features/staff/components/staff-list/staff-actions.tsx:5:1)
    at <unknown> (./frontend/src/features/staff/components/staff-list/staff-table.tsx:9:1)
    at <unknown> (./frontend/src/features/staff/components/staff-list/staff-table.tsx:11:1)
    at <unknown> (./frontend/src/features/packages/components/package-form.tsx:6:1)
    at <unknown> (./frontend/src/features/packages/components/package-form.tsx:5:1)
    at <unknown> (./frontend/src/features/customers/components/customer-actions.tsx:7:1)
    at <unknown> (./frontend/src/features/customers/components/customer-actions.tsx:6:1)
    at <unknown> (./frontend/src/features/resources/components/resource-actions.tsx:5:1)
    at <unknown> (./frontend/src/features/resources/components/resource-actions.tsx:4:1)
    at <unknown> (./frontend/src/features/services/components/category-actions.tsx:5:1)
    at <unknown> (./frontend/src/features/services/components/category-actions.tsx:4:1)
    at <unknown> (./frontend/src/features/services/components/service-actions.tsx:4:1)
    at <unknown> (./frontend/src/features/services/components/service-actions.tsx:3:1)
    at <unknown> (./frontend/src/features/services/components/skill-actions.tsx:3:1)
    at <unknown> (./frontend/src/features/services/components/skill-actions.tsx:2:1)
    at <unknown> (./frontend/src/features/staff/components/staff-list/staff-actions.tsx:6:1)
    at <unknown> (./frontend/src/features/staff/components/staff-list/staff-actions.tsx:5:1)
    at <unknown> (./frontend/src/features/resources/components/resource-form.tsx:6:1)
    at <unknown> (./frontend/src/features/resources/components/resource-form.tsx:7:1)
    at <unknown> (./frontend/src/features/staff/components/staff-form/staff-professional-info.tsx:6:1)
    at <unknown> (./frontend/src/features/staff/components/staff-form/staff-professional-info.tsx:5:1)
 ELIFECYCLE  Command failed with exit code 1.
